188.163.104.142 - - [12/Mar/2020:10:39:26 +0800] "POST /wp-login.php HTTP/1.1" 200 2416 "http://royalagro.farm/wp-login.php" "Mozilla/5.0 (Windows NT 10.0; WOW64) AppleWebKit/537.36 (KHTML, like Gecko) Chrome/53.0.2785.143 Safari/537.36" "royalagro.farm"
35.198.204.88 - - [12/Mar/2020:10:39:27 +0800] "POST /wp-cron.php?doing_wp_cron=1583980767.5548470020294189453125 HTTP/1.1" 200 23 "http://www.royalagro.farm/wp-cron.php?doing_wp_cron=1583980767.5548470020294189453125" "WordPress/5.3.2; http://www.royalagro.farm" "www.royalagro.farm"
41.76.108.204 - - [12/Mar/2020:10:39:39 +0800] "GET / HTTP/1.1" 301 23 "-" "Go-http-client/1.1" "royalagro.farm"
41.76.108.204 - - [12/Mar/2020:10:39:40 +0800] "GET / HTTP/1.1" 200 4475 "http://royalagro.farm" "Go-http-client/1.1" "www.royalagro.farm"
35.198.204.88 - - [12/Mar/2020:10:39:42 +0800] "POST /wp-cron.php?doing_wp_cron=1583980782.5754220485687255859375 HTTP/1.1" 200 23 "http://www.royalagro.farm/wp-cron.php?doing_wp_cron=1583980782.5754220485687255859375" "WordPress/5.3.2; http://www.royalagro.farm" "www.royalagro.farm"
41.76.108.204 - - [12/Mar/2020:10:39:41 +0800] "GET /wp-content/plugins/brizy/admin/site-settings.php HTTP/1.1" 404 162283 "-" "Mozilla/5.0 (Windows NT 10.0; Win64; x64) AppleWebKit/537.36 (KHTML, like Gecko) Chrome/79.0.3945.59 Safari/537.36" "www.royalagro.farm"
41.76.108.204 - - [12/Mar/2020:10:39:45 +0800] "GET /wp-content/plugins/trx_addons/css/font-icons/css/trx_addons_icons-embedded.css HTTP/1.1" 200 16628 "-" "Mozilla/5.0 (Windows NT 10.0; Win64; x64) AppleWebKit/537.36 (KHTML, like Gecko) Chrome/79.0.3945.59 Safari/537.36" "www.royalagro.farm"
35.198.204.88 - - [12/Mar/2020:10:39:46 +0800] "POST /wp-cron.php?doing_wp_cron=1583980786.9531788825988769531250 HTTP/1.1" 200 23 "http://www.royalagro.farm/wp-cron.php?doing_wp_cron=1583980786.9531788825988769531250" "WordPress/5.3.2; http://www.royalagro.farm" "www.royalagro.farm"
41.76.108.204 - - [12/Mar/2020:10:39:48 +0800] "GET /wp-admin/admin-post.php?page=wsal-setup HTTP/1.1" 302 3 "-" "Mozilla/5.0 (Windows NT 10.0; Win64; x64) AppleWebKit/537.36 (KHTML, like Gecko) Chrome/79.0.3945.59 Safari/537.36" "www.royalagro.farm"
35.198.204.88 - - [12/Mar/2020:10:39:49 +0800] "POST /wp-cron.php?doing_wp_cron=1583980789.9014620780944824218750 HTTP/1.1" 200 23 "http://www.royalagro.farm/wp-cron.php?doing_wp_cron=1583980789.9014620780944824218750" "WordPress/5.3.2; http://www.royalagro.farm" "www.royalagro.farm"
35.198.204.88 - - [12/Mar/2020:10:39:52 +0800] "POST /wp-cron.php?doing_wp_cron=1583980792.2772209644317626953125 HTTP/1.1" 200 23 "http://www.royalagro.farm/wp-cron.php?doing_wp_cron=1583980792.2772209644317626953125" "WordPress/5.3.2; http://www.royalagro.farm" "www.royalagro.farm"
41.76.108.204 - - [12/Mar/2020:10:39:51 +0800] "GET / HTTP/1.1" 200 16550 "http://www.royalagro.farm/wp-admin/admin-post.php?page=wsal-setup" "Mozilla/5.0 (Windows NT 10.0; Win64; x64) AppleWebKit/537.36 (KHTML, like Gecko) Chrome/79.0.3945.59 Safari/537.36" "www.royalagro.farm"
35.198.204.88 - - [12/Mar/2020:10:39:55 +0800] "POST /wp-cron.php?doing_wp_cron=1583980795.0503509044647216796875 HTTP/1.1" 200 23 "http://www.royalagro.farm/wp-cron.php?doing_wp_cron=1583980795.0503509044647216796875" "WordPress/5.3.2; http://www.royalagro.farm" "www.royalagro.farm"
41.76.108.204 - - [12/Mar/2020:10:39:53 +0800] "GET / HTTP/1.1" 200 16550 "-" "Mozilla/5.0 (Windows NT 6.1; WOW64) AppleWebKit/537.36 (KHTML, like Gecko) Chrome/36.0.1985.143 Safari/537.36" "www.royalagro.farm"
35.198.204.88 - - [12/Mar/2020:10:39:57 +0800] "POST /wp-cron.php?doing_wp_cron=1583980797.7945919036865234375000 HTTP/1.1" 200 23 "http://www.royalagro.farm/wp-cron.php?doing_wp_cron=1583980797.7945919036865234375000" "WordPress/5.3.2; http://www.royalagro.farm" "www.royalagro.farm"
41.76.108.204 - - [12/Mar/2020:10:39:56 +0800] "GET /wp-admin/admin-ajax.php?action=getJSONExportTable&tables[]=8&reqType=ajax&mod=tables&pl=pts HTTP/1.1" 400 4 "-" "Mozilla/5.0 (Windows NT 6.1; WOW64) AppleWebKit/537.36 (KHTML, like Gecko) Chrome/36.0.1985.143 Safari/537.36" "www.royalagro.farm"
35.198.204.88 - - [12/Mar/2020:10:47:10 +0800] "POST /wp-cron.php?doing_wp_cron=1583981230.0993599891662597656250 HTTP/1.1" 200 23 "http://www.royalagro.farm/wp-cron.php?doing_wp_cron=1583981230.0993599891662597656250" "WordPress/5.3.2; http://www.royalagro.farm" "www.royalagro.farm"
188.163.104.142 - - [12/Mar/2020:10:47:06 +0800] "POST /wp-login.php HTTP/1.1" 200 2416 "http://royalagro.farm/wp-login.php" "Mozilla/5.0 (Windows NT 10.0; WOW64) AppleWebKit/537.36 (KHTML, like Gecko) Chrome/53.0.2785.143 Safari/537.36" "royalagro.farm"
35.198.204.88 - - [12/Mar/2020:10:47:22 +0800] "POST /wp-cron.php?doing_wp_cron=1583981242.7310209274291992187500 HTTP/1.1" 200 23 "http://www.royalagro.farm/wp-cron.php?doing_wp_cron=1583981242.7310209274291992187500" "WordPress/5.3.2; http://www.royalagro.farm" "www.royalagro.farm"
188.163.104.142 - - [12/Mar/2020:10:47:21 +0800] "POST /wp-login.php HTTP/1.1" 200 2416 "http://royalagro.farm/wp-login.php" "Mozilla/5.0 (Windows NT 10.0; WOW64) AppleWebKit/537.36 (KHTML, like Gecko) Chrome/53.0.2785.143 Safari/537.36" "royalagro.farm"
35.198.204.88 - - [12/Mar/2020:10:55:25 +0800] "POST /wp-cron.php?doing_wp_cron=1583981725.6342298984527587890625 HTTP/1.1" 200 23 "http://www.royalagro.farm/wp-cron.php?doing_wp_cron=1583981725.6342298984527587890625" "WordPress/5.3.2; http://www.royalagro.farm" "www.royalagro.farm"
188.163.104.142 - - [12/Mar/2020:10:55:22 +0800] "POST /wp-login.php HTTP/1.1" 200 2416 "http://royalagro.farm/wp-login.php" "Mozilla/5.0 (Windows NT 10.0; WOW64) AppleWebKit/537.36 (KHTML, like Gecko) Chrome/53.0.2785.143 Safari/537.36" "royalagro.farm"
35.198.204.88 - - [12/Mar/2020:10:55:28 +0800] "POST /wp-cron.php?doing_wp_cron=1583981728.7862350940704345703125 HTTP/1.1" 200 23 "http://www.royalagro.farm/wp-cron.php?doing_wp_cron=1583981728.7862350940704345703125" "WordPress/5.3.2; http://www.royalagro.farm" "www.royalagro.farm"
188.163.104.142 - - [12/Mar/2020:10:55:27 +0800] "POST /wp-login.php HTTP/1.1" 200 2416 "http://royalagro.farm/wp-login.php" "Mozilla/5.0 (Windows NT 10.0; WOW64) AppleWebKit/537.36 (KHTML, like Gecko) Chrome/53.0.2785.143 Safari/537.36" "royalagro.farm"
35.198.204.88 - - [12/Mar/2020:11:00:19 +0800] "POST /wp-cron.php?doing_wp_cron=1583982019.2886168956756591796875 HTTP/1.1" 200 23 "http://www.royalagro.farm/wp-cron.php?doing_wp_cron=1583982019.2886168956756591796875" "WordPress/5.3.2; http://www.royalagro.farm" "www.royalagro.farm"
188.163.104.142 - - [12/Mar/2020:11:00:18 +0800] "POST /wp-login.php HTTP/1.1" 200 2416 "http://royalagro.farm/wp-login.php" "Mozilla/5.0 (Windows NT 10.0; WOW64) AppleWebKit/537.36 (KHTML, like Gecko) Chrome/53.0.2785.143 Safari/537.36" "royalagro.farm"
35.198.204.88 - - [12/Mar/2020:11:00:25 +0800] "POST /wp-cron.php?doing_wp_cron=1583982025.9212009906768798828125 HTTP/1.1" 200 23 "http://www.royalagro.farm/wp-cron.php?doing_wp_cron=1583982025.9212009906768798828125" "WordPress/5.3.2; http://www.royalagro.farm" "www.royalagro.farm"
188.163.104.142 - - [12/Mar/2020:11:00:24 +0800] "POST /wp-login.php HTTP/1.1" 200 2416 "http://royalagro.farm/wp-login.php" "Mozilla/5.0 (Windows NT 10.0; WOW64) AppleWebKit/537.36 (KHTML, like Gecko) Chrome/53.0.2785.143 Safari/537.36" "royalagro.farm"
35.198.204.88 - - [12/Mar/2020:11:06:18 +0800] "POST /wp-cron.php?doing_wp_cron=1583982378.5745499134063720703125 HTTP/1.1" 200 23 "http://www.royalagro.farm/wp-cron.php?doing_wp_cron=1583982378.5745499134063720703125" "WordPress/5.3.2; http://www.royalagro.farm" "www.royalagro.farm"
188.163.104.142 - - [12/Mar/2020:11:06:17 +0800] "POST /wp-login.php HTTP/1.1" 200 2416 "http://royalagro.farm/wp-login.php" "Mozilla/5.0 (Windows NT 10.0; WOW64) AppleWebKit/537.36 (KHTML, like Gecko) Chrome/53.0.2785.143 Safari/537.36" "royalagro.farm"
35.198.204.88 - - [12/Mar/2020:11:06:25 +0800] "POST /wp-cron.php?doing_wp_cron=1583982385.2937529087066650390625 HTTP/1.1" 200 23 "http://www.royalagro.farm/wp-cron.php?doing_wp_cron=1583982385.2937529087066650390625" "WordPress/5.3.2; http://www.royalagro.farm" "www.royalagro.farm"
188.163.104.142 - - [12/Mar/2020:11:06:24 +0800] "POST /wp-login.php HTTP/1.1" 200 2416 "http://royalagro.farm/wp-login.php" "Mozilla/5.0 (Windows NT 10.0; WOW64) AppleWebKit/537.36 (KHTML, like Gecko) Chrome/53.0.2785.143 Safari/537.36" "royalagro.farm"
35.198.204.88 - - [12/Mar/2020:11:12:34 +0800] "POST /wp-cron.php?doing_wp_cron=1583982754.7318830490112304687500 HTTP/1.1" 200 23 "http://www.royalagro.farm/wp-cron.php?doing_wp_cron=1583982754.7318830490112304687500" "WordPress/5.3.2; http://www.royalagro.farm" "www.royalagro.farm"
188.163.104.142 - - [12/Mar/2020:11:12:33 +0800] "POST /wp-login.php HTTP/1.1" 200 2416 "http://royalagro.farm/wp-login.php" "Mozilla/5.0 (Windows NT 10.0; WOW64) AppleWebKit/537.36 (KHTML, like Gecko) Chrome/53.0.2785.143 Safari/537.36" "royalagro.farm"
35.198.204.88 - - [12/Mar/2020:11:12:46 +0800] "POST /wp-cron.php?doing_wp_cron=1583982766.3244490623474121093750 HTTP/1.1" 200 23 "http://www.royalagro.farm/wp-cron.php?doing_wp_cron=1583982766.3244490623474121093750" "WordPress/5.3.2; http://www.royalagro.farm" "www.royalagro.farm"
188.163.104.142 - - [12/Mar/2020:11:12:45 +0800] "POST /wp-login.php HTTP/1.1" 200 2416 "http://royalagro.farm/wp-login.php" "Mozilla/5.0 (Windows NT 10.0; WOW64) AppleWebKit/537.36 (KHTML, like Gecko) Chrome/53.0.2785.143 Safari/537.36" "royalagro.farm"
35.198.204.88 - - [12/Mar/2020:11:13:45 +0800] "POST /wp-cron.php?doing_wp_cron=1583982825.7782618999481201171875 HTTP/1.1" 200 23 "http://www.royalagro.farm/wp-cron.php?doing_wp_cron=1583982825.7782618999481201171875" "WordPress/5.3.2; http://www.royalagro.farm" "www.royalagro.farm"
109.184.251.230 - - [12/Mar/2020:11:13:45 +0800] "POST /xmlrpc.php HTTP/1.1" 200 406 "-" "-" "www.royalagro.farm"
35.198.204.88 - - [12/Mar/2020:11:27:35 +0800] "POST /wp-cron.php?doing_wp_cron=1583983655.7679750919342041015625 HTTP/1.1" 200 23 "http://www.royalagro.farm/wp-cron.php?doing_wp_cron=1583983655.7679750919342041015625" "WordPress/5.3.2; http://www.royalagro.farm" "www.royalagro.farm"
188.163.104.142 - - [12/Mar/2020:11:27:32 +0800] "POST /wp-login.php HTTP/1.1" 200 2416 "http://royalagro.farm/wp-login.php" "Mozilla/5.0 (Windows NT 10.0; WOW64) AppleWebKit/537.36 (KHTML, like Gecko) Chrome/53.0.2785.143 Safari/537.36" "royalagro.farm"
35.198.204.88 - - [12/Mar/2020:11:27:50 +0800] "POST /wp-cron.php?doing_wp_cron=1583983670.5591468811035156250000 HTTP/1.1" 200 23 "http://www.royalagro.farm/wp-cron.php?doing_wp_cron=1583983670.5591468811035156250000" "WordPress/5.3.2; http://www.royalagro.farm" "www.royalagro.farm"
188.163.104.142 - - [12/Mar/2020:11:27:49 +0800] "POST /wp-login.php HTTP/1.1" 200 2416 "http://royalagro.farm/wp-login.php" "Mozilla/5.0 (Windows NT 10.0; WOW64) AppleWebKit/537.36 (KHTML, like Gecko) Chrome/53.0.2785.143 Safari/537.36" "royalagro.farm"
35.198.204.88 - - [12/Mar/2020:11:33:03 +0800] "POST /wp-cron.php?doing_wp_cron=1583983983.8889288902282714843750 HTTP/1.1" 200 23 "http://www.royalagro.farm/wp-cron.php?doing_wp_cron=1583983983.8889288902282714843750" "WordPress/5.3.2; http://www.royalagro.farm" "www.royalagro.farm"
188.163.104.142 - - [12/Mar/2020:11:33:02 +0800] "POST /wp-login.php HTTP/1.1" 200 2416 "http://royalagro.farm/wp-login.php" "Mozilla/5.0 (Windows NT 10.0; WOW64) AppleWebKit/537.36 (KHTML, like Gecko) Chrome/53.0.2785.143 Safari/537.36" "royalagro.farm"
35.198.204.88 - - [12/Mar/2020:11:33:07 +0800] "POST /wp-cron.php?doing_wp_cron=1583983987.9941239356994628906250 HTTP/1.1" 200 23 "http://www.royalagro.farm/wp-cron.php?doing_wp_cron=1583983987.9941239356994628906250" "WordPress/5.3.2; http://www.royalagro.farm" "www.royalagro.farm"
188.163.104.142 - - [12/Mar/2020:11:33:06 +0800] "POST /wp-login.php HTTP/1.1" 200 2416 "http://royalagro.farm/wp-login.php" "Mozilla/5.0 (Windows NT 10.0; WOW64) AppleWebKit/537.36 (KHTML, like Gecko) Chrome/53.0.2785.143 Safari/537.36" "royalagro.farm"
35.198.204.88 - - [12/Mar/2020:11:38:31 +0800] "POST /wp-cron.php?doing_wp_cron=1583984311.4965410232543945312500 HTTP/1.1" 200 23 "http://www.royalagro.farm/wp-cron.php?doing_wp_cron=1583984311.4965410232543945312500" "WordPress/5.3.2; http://www.royalagro.farm" "www.royalagro.farm"
188.163.104.142 - - [12/Mar/2020:11:38:30 +0800] "POST /wp-login.php HTTP/1.1" 200 2416 "http://royalagro.farm/wp-login.php" "Mozilla/5.0 (Windows NT 10.0; WOW64) AppleWebKit/537.36 (KHTML, like Gecko) Chrome/53.0.2785.143 Safari/537.36" "royalagro.farm"
35.198.204.88 - - [12/Mar/2020:11:38:35 +0800] "POST /wp-cron.php?doing_wp_cron=1583984315.9361109733581542968750 HTTP/1.1" 200 23 "http://www.royalagro.farm/wp-cron.php?doing_wp_cron=1583984315.9361109733581542968750" "WordPress/5.3.2; http://www.royalagro.farm" "www.royalagro.farm"
188.163.104.142 - - [12/Mar/2020:11:38:34 +0800] "POST /wp-login.php HTTP/1.1" 200 2416 "http://royalagro.farm/wp-login.php" "Mozilla/5.0 (Windows NT 10.0; WOW64) AppleWebKit/537.36 (KHTML, like Gecko) Chrome/53.0.2785.143 Safari/537.36" "royalagro.farm"
35.198.204.88 - - [12/Mar/2020:11:43:32 +0800] "POST /wp-cron.php?doing_wp_cron=1583984612.9364418983459472656250 HTTP/1.1" 200 23 "http://www.royalagro.farm/wp-cron.php?doing_wp_cron=1583984612.9364418983459472656250" "WordPress/5.3.2; http://www.royalagro.farm" "www.royalagro.farm"
188.163.104.142 - - [12/Mar/2020:11:43:31 +0800] "POST /wp-login.php HTTP/1.1" 200 2416 "http://royalagro.farm/wp-login.php" "Mozilla/5.0 (Windows NT 10.0; WOW64) AppleWebKit/537.36 (KHTML, like Gecko) Chrome/53.0.2785.143 Safari/537.36" "royalagro.farm"
35.198.204.88 - - [12/Mar/2020:11:43:36 +0800] "POST /wp-cron.php?doing_wp_cron=1583984616.6746439933776855468750 HTTP/1.1" 200 23 "http://www.royalagro.farm/wp-cron.php?doing_wp_cron=1583984616.6746439933776855468750" "WordPress/5.3.2; http://www.royalagro.farm" "www.royalagro.farm"
188.163.104.142 - - [12/Mar/2020:11:43:35 +0800] "POST /wp-login.php HTTP/1.1" 200 2416 "http://royalagro.farm/wp-login.php" "Mozilla/5.0 (Windows NT 10.0; WOW64) AppleWebKit/537.36 (KHTML, like Gecko) Chrome/53.0.2785.143 Safari/537.36" "royalagro.farm"
35.198.204.88 - - [12/Mar/2020:11:48:57 +0800] "POST /wp-cron.php?doing_wp_cron=1583984937.5157709121704101562500 HTTP/1.1" 200 23 "http://www.royalagro.farm/wp-cron.php?doing_wp_cron=1583984937.5157709121704101562500" "WordPress/5.3.2; http://www.royalagro.farm" "www.royalagro.farm"
188.163.104.142 - - [12/Mar/2020:11:48:56 +0800] "POST /wp-login.php HTTP/1.1" 200 2416 "http://royalagro.farm/wp-login.php" "Mozilla/5.0 (Windows NT 10.0; WOW64) AppleWebKit/537.36 (KHTML, like Gecko) Chrome/53.0.2785.143 Safari/537.36" "royalagro.farm"
35.198.204.88 - - [12/Mar/2020:11:49:00 +0800] "POST /wp-cron.php?doing_wp_cron=1583984940.7766010761260986328125 HTTP/1.1" 200 23 "http://www.royalagro.farm/wp-cron.php?doing_wp_cron=1583984940.7766010761260986328125" "WordPress/5.3.2; http://www.royalagro.farm" "www.royalagro.farm"
188.163.104.142 - - [12/Mar/2020:11:48:59 +0800] "POST /wp-login.php HTTP/1.1" 200 2416 "http://royalagro.farm/wp-login.php" "Mozilla/5.0 (Windows NT 10.0; WOW64) AppleWebKit/537.36 (KHTML, like Gecko) Chrome/53.0.2785.143 Safari/537.36" "royalagro.farm"
188.163.104.142 - - [12/Mar/2020:12:04:46 +0800] "POST /wp-login.php HTTP/1.1" 200 2416 "http://royalagro.farm/wp-login.php" "Mozilla/5.0 (Windows NT 10.0; WOW64) AppleWebKit/537.36 (KHTML, like Gecko) Chrome/53.0.2785.143 Safari/537.36" "royalagro.farm"
35.198.204.88 - - [12/Mar/2020:12:04:49 +0800] "POST /wp-cron.php?doing_wp_cron=1583985889.7521319389343261718750 HTTP/1.1" 200 23 "http://www.royalagro.farm/wp-cron.php?doing_wp_cron=1583985889.7521319389343261718750" "WordPress/5.3.2; http://www.royalagro.farm" "www.royalagro.farm"
35.198.204.88 - - [12/Mar/2020:12:05:11 +0800] "POST /wp-cron.php?doing_wp_cron=1583985911.6667230129241943359375 HTTP/1.1" 200 23 "http://www.royalagro.farm/wp-cron.php?doing_wp_cron=1583985911.6667230129241943359375" "WordPress/5.3.2; http://www.royalagro.farm" "www.royalagro.farm"
188.163.104.142 - - [12/Mar/2020:12:05:10 +0800] "POST /wp-login.php HTTP/1.1" 200 2416 "http://royalagro.farm/wp-login.php" "Mozilla/5.0 (Windows NT 10.0; WOW64) AppleWebKit/537.36 (KHTML, like Gecko) Chrome/53.0.2785.143 Safari/537.36" "royalagro.farm"
35.198.204.88 - - [12/Mar/2020:12:13:29 +0800] "POST /wp-cron.php?doing_wp_cron=1583986409.6332550048828125000000 HTTP/1.1" 200 23 "http://www.royalagro.farm/wp-cron.php?doing_wp_cron=1583986409.6332550048828125000000" "WordPress/5.3.2; http://www.royalagro.farm" "www.royalagro.farm"
188.163.104.142 - - [12/Mar/2020:12:13:26 +0800] "POST /wp-login.php HTTP/1.1" 200 2416 "http://royalagro.farm/wp-login.php" "Mozilla/5.0 (Windows NT 10.0; WOW64) AppleWebKit/537.36 (KHTML, like Gecko) Chrome/53.0.2785.143 Safari/537.36" "royalagro.farm"
35.198.204.88 - - [12/Mar/2020:12:13:36 +0800] "POST /wp-cron.php?doing_wp_cron=1583986416.7929859161376953125000 HTTP/1.1" 200 23 "http://www.royalagro.farm/wp-cron.php?doing_wp_cron=1583986416.7929859161376953125000" "WordPress/5.3.2; http://www.royalagro.farm" "www.royalagro.farm"
188.163.104.142 - - [12/Mar/2020:12:13:35 +0800] "POST /wp-login.php HTTP/1.1" 200 2416 "http://royalagro.farm/wp-login.php" "Mozilla/5.0 (Windows NT 10.0; WOW64) AppleWebKit/537.36 (KHTML, like Gecko) Chrome/53.0.2785.143 Safari/537.36" "royalagro.farm"
35.198.204.88 - - [12/Mar/2020:12:19:46 +0800] "POST /wp-cron.php?doing_wp_cron=1583986786.0399839878082275390625 HTTP/1.1" 200 23 "http://www.royalagro.farm/wp-cron.php?doing_wp_cron=1583986786.0399839878082275390625" "WordPress/5.3.2; http://www.royalagro.farm" "www.royalagro.farm"
188.163.104.142 - - [12/Mar/2020:12:19:42 +0800] "POST /wp-login.php HTTP/1.1" 200 2416 "http://royalagro.farm/wp-login.php" "Mozilla/5.0 (Windows NT 10.0; WOW64) AppleWebKit/537.36 (KHTML, like Gecko) Chrome/53.0.2785.143 Safari/537.36" "royalagro.farm"
188.163.104.142 - - [12/Mar/2020:12:19:47 +0800] "POST /wp-login.php HTTP/1.1" 200 2416 "http://royalagro.farm/wp-login.php" "Mozilla/5.0 (Windows NT 10.0; WOW64) AppleWebKit/537.36 (KHTML, like Gecko) Chrome/53.0.2785.143 Safari/537.36" "royalagro.farm"
35.198.204.88 - - [12/Mar/2020:12:19:48 +0800] "POST /wp-cron.php?doing_wp_cron=1583986788.9653830528259277343750 HTTP/1.1" 200 23 "http://www.royalagro.farm/wp-cron.php?doing_wp_cron=1583986788.9653830528259277343750" "WordPress/5.3.2; http://www.royalagro.farm" "www.royalagro.farm"
35.198.204.88 - - [12/Mar/2020:12:25:42 +0800] "POST /wp-cron.php?doing_wp_cron=1583987142.8613119125366210937500 HTTP/1.1" 200 23 "http://www.royalagro.farm/wp-cron.php?doing_wp_cron=1583987142.8613119125366210937500" "WordPress/5.3.2; http://www.royalagro.farm" "www.royalagro.farm"
188.163.104.142 - - [12/Mar/2020:12:25:41 +0800] "POST /wp-login.php HTTP/1.1" 200 2416 "http://royalagro.farm/wp-login.php" "Mozilla/5.0 (Windows NT 10.0; WOW64) AppleWebKit/537.36 (KHTML, like Gecko) Chrome/53.0.2785.143 Safari/537.36" "royalagro.farm"
35.198.204.88 - - [12/Mar/2020:12:25:47 +0800] "POST /wp-cron.php?doing_wp_cron=1583987147.3178739547729492187500 HTTP/1.1" 200 23 "http://www.royalagro.farm/wp-cron.php?doing_wp_cron=1583987147.3178739547729492187500" "WordPress/5.3.2; http://www.royalagro.farm" "www.royalagro.farm"
188.163.104.142 - - [12/Mar/2020:12:25:46 +0800] "POST /wp-login.php HTTP/1.1" 200 2416 "http://royalagro.farm/wp-login.php" "Mozilla/5.0 (Windows NT 10.0; WOW64) AppleWebKit/537.36 (KHTML, like Gecko) Chrome/53.0.2785.143 Safari/537.36" "royalagro.farm"
35.198.204.88 - - [12/Mar/2020:12:39:48 +0800] "POST /wp-cron.php?doing_wp_cron=1583987988.8584620952606201171875 HTTP/1.1" 200 23 "http://www.royalagro.farm/wp-cron.php?doing_wp_cron=1583987988.8584620952606201171875" "WordPress/5.3.2; http://www.royalagro.farm" "www.royalagro.farm"
188.163.104.142 - - [12/Mar/2020:12:39:45 +0800] "POST /wp-login.php HTTP/1.1" 200 2416 "http://royalagro.farm/wp-login.php" "Mozilla/5.0 (Windows NT 10.0; WOW64) AppleWebKit/537.36 (KHTML, like Gecko) Chrome/53.0.2785.143 Safari/537.36" "royalagro.farm"
188.163.104.142 - - [12/Mar/2020:12:39:50 +0800] "POST /wp-login.php HTTP/1.1" 200 2416 "http://royalagro.farm/wp-login.php" "Mozilla/5.0 (Windows NT 10.0; WOW64) AppleWebKit/537.36 (KHTML, like Gecko) Chrome/53.0.2785.143 Safari/537.36" "royalagro.farm"
35.198.204.88 - - [12/Mar/2020:12:39:51 +0800] "POST /wp-cron.php?doing_wp_cron=1583987991.3626239299774169921875 HTTP/1.1" 200 23 "http://www.royalagro.farm/wp-cron.php?doing_wp_cron=1583987991.3626239299774169921875" "WordPress/5.3.2; http://www.royalagro.farm" "www.royalagro.farm"
35.198.204.88 - - [12/Mar/2020:12:47:50 +0800] "POST /wp-cron.php?doing_wp_cron=1583988470.8152060508728027343750 HTTP/1.1" 200 23 "http://www.royalagro.farm/wp-cron.php?doing_wp_cron=1583988470.8152060508728027343750" "WordPress/5.3.2; http://www.royalagro.farm" "www.royalagro.farm"
188.163.104.142 - - [12/Mar/2020:12:47:47 +0800] "POST /wp-login.php HTTP/1.1" 200 2416 "http://royalagro.farm/wp-login.php" "Mozilla/5.0 (Windows NT 10.0; WOW64) AppleWebKit/537.36 (KHTML, like Gecko) Chrome/53.0.2785.143 Safari/537.36" "royalagro.farm"
35.198.204.88 - - [12/Mar/2020:12:47:56 +0800] "POST /wp-cron.php?doing_wp_cron=1583988476.4209020137786865234375 HTTP/1.1" 200 23 "http://www.royalagro.farm/wp-cron.php?doing_wp_cron=1583988476.4209020137786865234375" "WordPress/5.3.2; http://www.royalagro.farm" "www.royalagro.farm"
188.163.104.142 - - [12/Mar/2020:12:47:55 +0800] "POST /wp-login.php HTTP/1.1" 200 2416 "http://royalagro.farm/wp-login.php" "Mozilla/5.0 (Windows NT 10.0; WOW64) AppleWebKit/537.36 (KHTML, like Gecko) Chrome/53.0.2785.143 Safari/537.36" "royalagro.farm"
35.198.204.88 - - [12/Mar/2020:12:55:46 +0800] "POST /wp-cron.php?doing_wp_cron=1583988946.3740470409393310546875 HTTP/1.1" 200 23 "http://www.royalagro.farm/wp-cron.php?doing_wp_cron=1583988946.3740470409393310546875" "WordPress/5.3.2; http://www.royalagro.farm" "www.royalagro.farm"
188.163.104.142 - - [12/Mar/2020:12:55:43 +0800] "POST /wp-login.php HTTP/1.1" 200 2416 "http://royalagro.farm/wp-login.php" "Mozilla/5.0 (Windows NT 10.0; WOW64) AppleWebKit/537.36 (KHTML, like Gecko) Chrome/53.0.2785.143 Safari/537.36" "royalagro.farm"
35.198.204.88 - - [12/Mar/2020:13:03:46 +0800] "POST /wp-cron.php?doing_wp_cron=1583989426.4881889820098876953125 HTTP/1.1" 200 23 "http://www.royalagro.farm/wp-cron.php?doing_wp_cron=1583989426.4881889820098876953125" "WordPress/5.3.2; http://www.royalagro.farm" "www.royalagro.farm"
188.163.104.142 - - [12/Mar/2020:13:03:45 +0800] "POST /wp-login.php HTTP/1.1" 200 2416 "http://royalagro.farm/wp-login.php" "Mozilla/5.0 (Windows NT 10.0; WOW64) AppleWebKit/537.36 (KHTML, like Gecko) Chrome/53.0.2785.143 Safari/537.36" "royalagro.farm"
35.198.204.88 - - [12/Mar/2020:13:04:12 +0800] "POST /wp-cron.php?doing_wp_cron=1583989452.1662380695343017578125 HTTP/1.1" 200 23 "http://www.royalagro.farm/wp-cron.php?doing_wp_cron=1583989452.1662380695343017578125" "WordPress/5.3.2; http://www.royalagro.farm" "www.royalagro.farm"
188.163.104.142 - - [12/Mar/2020:13:04:10 +0800] "POST /wp-login.php HTTP/1.1" 200 2416 "http://royalagro.farm/wp-login.php" "Mozilla/5.0 (Windows NT 10.0; WOW64) AppleWebKit/537.36 (KHTML, like Gecko) Chrome/53.0.2785.143 Safari/537.36" "royalagro.farm"
62.210.201.108 - - [12/Mar/2020:13:05:27 +0800] "GET / HTTP/1.1" 200 16550 "-" "Mozilla/5.0 (Windows NT 10.0; Win64; x64) AppleWebKit/537.36 (KHTML, like Gecko) Chrome/78.0.3904.108 Safari/537.36" "www.royalagro.farm"
62.210.201.108 - - [12/Mar/2020:13:05:27 +0800] "GET / HTTP/1.1" 301 3 "-" "Mozilla/5.0 (Windows NT 10.0; Win64; x64) AppleWebKit/537.36 (KHTML, like Gecko) Chrome/78.0.3904.108 Safari/537.36" "royalagro.farm"
62.210.201.108 - - [12/Mar/2020:13:05:28 +0800] "GET //wp-includes/wlwmanifest.xml HTTP/1.1" 200 1045 "-" "Mozilla/5.0 (Windows NT 10.0; Win64; x64) AppleWebKit/537.36 (KHTML, like Gecko) Chrome/78.0.3904.108 Safari/537.36" "www.royalagro.farm"
62.210.201.108 - - [12/Mar/2020:13:05:28 +0800] "GET //?author=1 HTTP/1.1" 301 3 "-" "Mozilla/5.0 (Windows NT 10.0; Win64; x64) AppleWebKit/537.36 (KHTML, like Gecko) Chrome/78.0.3904.108 Safari/537.36" "www.royalagro.farm"
62.210.201.108 - - [12/Mar/2020:13:05:28 +0800] "GET //?author=2 HTTP/1.1" 301 3 "-" "Mozilla/5.0 (Windows NT 10.0; Win64; x64) AppleWebKit/537.36 (KHTML, like Gecko) Chrome/78.0.3904.108 Safari/537.36" "www.royalagro.farm"
35.198.204.88 - - [12/Mar/2020:13:05:30 +0800] "POST /wp-cron.php?doing_wp_cron=1583989530.2824559211730957031250 HTTP/1.1" 200 23 "http://www.royalagro.farm/wp-cron.php?doing_wp_cron=1583989530.2824559211730957031250" "WordPress/5.3.2; http://www.royalagro.farm" "www.royalagro.farm"
35.198.204.88 - - [12/Mar/2020:13:05:31 +0800] "POST /wp-cron.php?doing_wp_cron=1583989531.9456670284271240234375 HTTP/1.1" 200 23 "http://www.royalagro.farm/wp-cron.php?doing_wp_cron=1583989531.9456670284271240234375" "WordPress/5.3.2; http://www.royalagro.farm" "www.royalagro.farm"
62.210.201.108 - - [12/Mar/2020:13:05:30 +0800] "GET //wp-json/wp/v2/users/ HTTP/1.1" 200 582 "-" "Mozilla/5.0 (Windows NT 10.0; Win64; x64) AppleWebKit/537.36 (KHTML, like Gecko) Chrome/78.0.3904.108 Safari/537.36" "www.royalagro.farm"
35.198.204.88 - - [12/Mar/2020:13:05:33 +0800] "POST /wp-cron.php?doing_wp_cron=1583989533.8705480098724365234375 HTTP/1.1" 200 23 "http://www.royalagro.farm/wp-cron.php?doing_wp_cron=1583989533.8705480098724365234375" "WordPress/5.3.2; http://www.royalagro.farm" "www.royalagro.farm"
35.198.204.88 - - [12/Mar/2020:13:05:34 +0800] "POST /wp-cron.php?doing_wp_cron=1583989534.6166789531707763671875 HTTP/1.1" 200 23 "http://www.royalagro.farm/wp-cron.php?doing_wp_cron=1583989534.6166789531707763671875" "WordPress/5.3.2; http://www.royalagro.farm" "www.royalagro.farm"
62.210.201.108 - - [12/Mar/2020:13:05:32 +0800] "GET //wp-json/oembed/1.0/embed?url=http://www.royalagro.farm/ HTTP/1.1" 200 2196 "-" "Mozilla/5.0 (Windows NT 10.0; Win64; x64) AppleWebKit/537.36 (KHTML, like Gecko) Chrome/78.0.3904.108 Safari/537.36" "www.royalagro.farm"
62.210.201.108 - - [12/Mar/2020:13:05:34 +0800] "POST //xmlrpc.php HTTP/1.1" 200 404 "-" "Mozilla/5.0 (Windows NT 10.0; Win64; x64) AppleWebKit/537.36 (KHTML, like Gecko) Chrome/78.0.3904.108 Safari/537.36" "www.royalagro.farm"
62.210.201.108 - - [12/Mar/2020:13:05:35 +0800] "POST //xmlrpc.php HTTP/1.1" 200 404 "-" "Mozilla/5.0 (Windows NT 10.0; Win64; x64) AppleWebKit/537.36 (KHTML, like Gecko) Chrome/78.0.3904.108 Safari/537.36" "www.royalagro.farm"
35.198.204.88 - - [12/Mar/2020:13:05:35 +0800] "POST /wp-cron.php?doing_wp_cron=1583989535.3144600391387939453125 HTTP/1.1" 200 23 "http://www.royalagro.farm/wp-cron.php?doing_wp_cron=1583989535.3144600391387939453125" "WordPress/5.3.2; http://www.royalagro.farm" "www.royalagro.farm"
62.210.201.108 - - [12/Mar/2020:13:05:35 +0800] "POST //xmlrpc.php HTTP/1.1" 200 404 "-" "Mozilla/5.0 (Windows NT 10.0; Win64; x64) AppleWebKit/537.36 (KHTML, like Gecko) Chrome/78.0.3904.108 Safari/537.36" "www.royalagro.farm"
62.210.201.108 - - [12/Mar/2020:13:05:36 +0800] "POST //xmlrpc.php HTTP/1.1" 200 404 "-" "Mozilla/5.0 (Windows NT 10.0; Win64; x64) AppleWebKit/537.36 (KHTML, like Gecko) Chrome/78.0.3904.108 Safari/537.36" "www.royalagro.farm"
35.198.204.88 - - [12/Mar/2020:13:05:35 +0800] "POST /wp-cron.php?doing_wp_cron=1583989535.9945960044860839843750 HTTP/1.1" 200 23 "http://www.royalagro.farm/wp-cron.php?doing_wp_cron=1583989535.9945960044860839843750" "WordPress/5.3.2; http://www.royalagro.farm" "www.royalagro.farm"
35.198.204.88 - - [12/Mar/2020:13:05:36 +0800] "POST /wp-cron.php?doing_wp_cron=1583989536.6823461055755615234375 HTTP/1.1" 200 23 "http://www.royalagro.farm/wp-cron.php?doing_wp_cron=1583989536.6823461055755615234375" "WordPress/5.3.2; http://www.royalagro.farm" "www.royalagro.farm"
62.210.201.108 - - [12/Mar/2020:13:05:37 +0800] "POST //xmlrpc.php HTTP/1.1" 200 404 "-" "Mozilla/5.0 (Windows NT 10.0; Win64; x64) AppleWebKit/537.36 (KHTML, like Gecko) Chrome/78.0.3904.108 Safari/537.36" "www.royalagro.farm"
35.198.204.88 - - [12/Mar/2020:13:05:37 +0800] "POST /wp-cron.php?doing_wp_cron=1583989537.3651700019836425781250 HTTP/1.1" 200 23 "http://www.royalagro.farm/wp-cron.php?doing_wp_cron=1583989537.3651700019836425781250" "WordPress/5.3.2; http://www.royalagro.farm" "www.royalagro.farm"
35.198.204.88 - - [12/Mar/2020:13:05:37 +0800] "POST /wp-cron.php?doing_wp_cron=1583989538.0462539196014404296875 HTTP/1.1" 200 23 "http://www.royalagro.farm/wp-cron.php?doing_wp_cron=1583989538.0462539196014404296875" "WordPress/5.3.2; http://www.royalagro.farm" "www.royalagro.farm"
35.198.204.88 - - [12/Mar/2020:13:05:38 +0800] "POST /wp-cron.php?doing_wp_cron=1583989538.7443230152130126953125 HTTP/1.1" 200 23 "http://www.royalagro.farm/wp-cron.php?doing_wp_cron=1583989538.7443230152130126953125" "WordPress/5.3.2; http://www.royalagro.farm" "www.royalagro.farm"
62.210.201.108 - - [12/Mar/2020:13:05:37 +0800] "POST //xmlrpc.php HTTP/1.1" 200 404 "-" "Mozilla/5.0 (Windows NT 10.0; Win64; x64) AppleWebKit/537.36 (KHTML, like Gecko) Chrome/78.0.3904.108 Safari/537.36" "www.royalagro.farm"
62.210.201.108 - - [12/Mar/2020:13:05:38 +0800] "POST //xmlrpc.php HTTP/1.1" 200 404 "-" "Mozilla/5.0 (Windows NT 10.0; Win64; x64) AppleWebKit/537.36 (KHTML, like Gecko) Chrome/78.0.3904.108 Safari/537.36" "www.royalagro.farm"
35.198.204.88 - - [12/Mar/2020:13:05:39 +0800] "POST /wp-cron.php?doing_wp_cron=1583989539.4267559051513671875000 HTTP/1.1" 200 23 "http://www.royalagro.farm/wp-cron.php?doing_wp_cron=1583989539.4267559051513671875000" "WordPress/5.3.2; http://www.royalagro.farm" "www.royalagro.farm"
62.210.201.108 - - [12/Mar/2020:13:05:39 +0800] "POST //xmlrpc.php HTTP/1.1" 200 404 "-" "Mozilla/5.0 (Windows NT 10.0; Win64; x64) AppleWebKit/537.36 (KHTML, like Gecko) Chrome/78.0.3904.108 Safari/537.36" "www.royalagro.farm"
62.210.201.108 - - [12/Mar/2020:13:05:39 +0800] "POST //xmlrpc.php HTTP/1.1" 200 404 "-" "Mozilla/5.0 (Windows NT 10.0; Win64; x64) AppleWebKit/537.36 (KHTML, like Gecko) Chrome/78.0.3904.108 Safari/537.36" "www.royalagro.farm"
35.198.204.88 - - [12/Mar/2020:13:05:40 +0800] "POST /wp-cron.php?doing_wp_cron=1583989540.1165349483489990234375 HTTP/1.1" 200 23 "http://www.royalagro.farm/wp-cron.php?doing_wp_cron=1583989540.1165349483489990234375" "WordPress/5.3.2; http://www.royalagro.farm" "www.royalagro.farm"
35.198.204.88 - - [12/Mar/2020:13:05:40 +0800] "POST /wp-cron.php?doing_wp_cron=1583989540.7992720603942871093750 HTTP/1.1" 200 23 "http://www.royalagro.farm/wp-cron.php?doing_wp_cron=1583989540.7992720603942871093750" "WordPress/5.3.2; http://www.royalagro.farm" "www.royalagro.farm"
62.210.201.108 - - [12/Mar/2020:13:05:40 +0800] "POST //xmlrpc.php HTTP/1.1" 200 404 "-" "Mozilla/5.0 (Windows NT 10.0; Win64; x64) AppleWebKit/537.36 (KHTML, like Gecko) Chrome/78.0.3904.108 Safari/537.36" "www.royalagro.farm"
62.210.201.108 - - [12/Mar/2020:13:05:41 +0800] "POST //xmlrpc.php HTTP/1.1" 200 404 "-" "Mozilla/5.0 (Windows NT 10.0; Win64; x64) AppleWebKit/537.36 (KHTML, like Gecko) Chrome/78.0.3904.108 Safari/537.36" "www.royalagro.farm"
35.198.204.88 - - [12/Mar/2020:13:05:41 +0800] "POST /wp-cron.php?doing_wp_cron=1583989541.4824149608612060546875 HTTP/1.1" 200 23 "http://www.royalagro.farm/wp-cron.php?doing_wp_cron=1583989541.4824149608612060546875" "WordPress/5.3.2; http://www.royalagro.farm" "www.royalagro.farm"
35.198.204.88 - - [12/Mar/2020:13:05:42 +0800] "POST /wp-cron.php?doing_wp_cron=1583989542.1676850318908691406250 HTTP/1.1" 200 23 "http://www.royalagro.farm/wp-cron.php?doing_wp_cron=1583989542.1676850318908691406250" "WordPress/5.3.2; http://www.royalagro.farm" "www.royalagro.farm"
62.210.201.108 - - [12/Mar/2020:13:05:41 +0800] "POST //xmlrpc.php HTTP/1.1" 200 404 "-" "Mozilla/5.0 (Windows NT 10.0; Win64; x64) AppleWebKit/537.36 (KHTML, like Gecko) Chrome/78.0.3904.108 Safari/537.36" "www.royalagro.farm"
35.198.204.88 - - [12/Mar/2020:13:05:42 +0800] "POST /wp-cron.php?doing_wp_cron=1583989542.8513391017913818359375 HTTP/1.1" 200 23 "http://www.royalagro.farm/wp-cron.php?doing_wp_cron=1583989542.8513391017913818359375" "WordPress/5.3.2; http://www.royalagro.farm" "www.royalagro.farm"
35.198.204.88 - - [12/Mar/2020:13:05:43 +0800] "POST /wp-cron.php?doing_wp_cron=1583989543.5354650020599365234375 HTTP/1.1" 200 23 "http://www.royalagro.farm/wp-cron.php?doing_wp_cron=1583989543.5354650020599365234375" "WordPress/5.3.2; http://www.royalagro.farm" "www.royalagro.farm"
62.210.201.108 - - [12/Mar/2020:13:05:42 +0800] "POST //xmlrpc.php HTTP/1.1" 200 404 "-" "Mozilla/5.0 (Windows NT 10.0; Win64; x64) AppleWebKit/537.36 (KHTML, like Gecko) Chrome/78.0.3904.108 Safari/537.36" "www.royalagro.farm"
62.210.201.108 - - [12/Mar/2020:13:05:43 +0800] "POST //xmlrpc.php HTTP/1.1" 200 404 "-" "Mozilla/5.0 (Windows NT 10.0; Win64; x64) AppleWebKit/537.36 (KHTML, like Gecko) Chrome/78.0.3904.108 Safari/537.36" "www.royalagro.farm"
62.210.201.108 - - [12/Mar/2020:13:05:43 +0800] "POST //xmlrpc.php HTTP/1.1" 200 404 "-" "Mozilla/5.0 (Windows NT 10.0; Win64; x64) AppleWebKit/537.36 (KHTML, like Gecko) Chrome/78.0.3904.108 Safari/537.36" "www.royalagro.farm"
35.198.204.88 - - [12/Mar/2020:13:05:44 +0800] "POST /wp-cron.php?doing_wp_cron=1583989544.2270359992980957031250 HTTP/1.1" 200 23 "http://www.royalagro.farm/wp-cron.php?doing_wp_cron=1583989544.2270359992980957031250" "WordPress/5.3.2; http://www.royalagro.farm" "www.royalagro.farm"
62.210.201.108 - - [12/Mar/2020:13:05:44 +0800] "POST //xmlrpc.php HTTP/1.1" 200 404 "-" "Mozilla/5.0 (Windows NT 10.0; Win64; x64) AppleWebKit/537.36 (KHTML, like Gecko) Chrome/78.0.3904.108 Safari/537.36" "www.royalagro.farm"
62.210.201.108 - - [12/Mar/2020:13:05:45 +0800] "POST //xmlrpc.php HTTP/1.1" 200 404 "-" "Mozilla/5.0 (Windows NT 10.0; Win64; x64) AppleWebKit/537.36 (KHTML, like Gecko) Chrome/78.0.3904.108 Safari/537.36" "www.royalagro.farm"
35.198.204.88 - - [12/Mar/2020:13:05:44 +0800] "POST /wp-cron.php?doing_wp_cron=1583989544.9114549160003662109375 HTTP/1.1" 200 23 "http://www.royalagro.farm/wp-cron.php?doing_wp_cron=1583989544.9114549160003662109375" "WordPress/5.3.2; http://www.royalagro.farm" "www.royalagro.farm"
35.198.204.88 - - [12/Mar/2020:13:05:45 +0800] "POST /wp-cron.php?doing_wp_cron=1583989545.5958809852600097656250 HTTP/1.1" 200 23 "http://www.royalagro.farm/wp-cron.php?doing_wp_cron=1583989545.5958809852600097656250" "WordPress/5.3.2; http://www.royalagro.farm" "www.royalagro.farm"
62.210.201.108 - - [12/Mar/2020:13:05:46 +0800] "POST //xmlrpc.php HTTP/1.1" 200 404 "-" "Mozilla/5.0 (Windows NT 10.0; Win64; x64) AppleWebKit/537.36 (KHTML, like Gecko) Chrome/78.0.3904.108 Safari/537.36" "www.royalagro.farm"
35.198.204.88 - - [12/Mar/2020:13:05:46 +0800] "POST /wp-cron.php?doing_wp_cron=1583989546.2802939414978027343750 HTTP/1.1" 200 23 "http://www.royalagro.farm/wp-cron.php?doing_wp_cron=1583989546.2802939414978027343750" "WordPress/5.3.2; http://www.royalagro.farm" "www.royalagro.farm"
35.198.204.88 - - [12/Mar/2020:13:05:46 +0800] "POST /wp-cron.php?doing_wp_cron=1583989546.9615490436553955078125 HTTP/1.1" 200 23 "http://www.royalagro.farm/wp-cron.php?doing_wp_cron=1583989546.9615490436553955078125" "WordPress/5.3.2; http://www.royalagro.farm" "www.royalagro.farm"
35.198.204.88 - - [12/Mar/2020:13:05:47 +0800] "POST /wp-cron.php?doing_wp_cron=1583989547.6526861190795898437500 HTTP/1.1" 200 23 "http://www.royalagro.farm/wp-cron.php?doing_wp_cron=1583989547.6526861190795898437500" "WordPress/5.3.2; http://www.royalagro.farm" "www.royalagro.farm"
62.210.201.108 - - [12/Mar/2020:13:05:46 +0800] "POST //xmlrpc.php HTTP/1.1" 200 404 "-" "Mozilla/5.0 (Windows NT 10.0; Win64; x64) AppleWebKit/537.36 (KHTML, like Gecko) Chrome/78.0.3904.108 Safari/537.36" "www.royalagro.farm"
62.210.201.108 - - [12/Mar/2020:13:05:47 +0800] "POST //xmlrpc.php HTTP/1.1" 200 404 "-" "Mozilla/5.0 (Windows NT 10.0; Win64; x64) AppleWebKit/537.36 (KHTML, like Gecko) Chrome/78.0.3904.108 Safari/537.36" "www.royalagro.farm"
62.210.201.108 - - [12/Mar/2020:13:05:48 +0800] "POST //xmlrpc.php HTTP/1.1" 200 404 "-" "Mozilla/5.0 (Windows NT 10.0; Win64; x64) AppleWebKit/537.36 (KHTML, like Gecko) Chrome/78.0.3904.108 Safari/537.36" "www.royalagro.farm"
35.198.204.88 - - [12/Mar/2020:13:05:48 +0800] "POST /wp-cron.php?doing_wp_cron=1583989548.3317329883575439453125 HTTP/1.1" 200 23 "http://www.royalagro.farm/wp-cron.php?doing_wp_cron=1583989548.3317329883575439453125" "WordPress/5.3.2; http://www.royalagro.farm" "www.royalagro.farm"
62.210.201.108 - - [12/Mar/2020:13:05:48 +0800] "POST //xmlrpc.php HTTP/1.1" 200 404 "-" "Mozilla/5.0 (Windows NT 10.0; Win64; x64) AppleWebKit/537.36 (KHTML, like Gecko) Chrome/78.0.3904.108 Safari/537.36" "www.royalagro.farm"
62.210.201.108 - - [12/Mar/2020:13:05:49 +0800] "POST //xmlrpc.php HTTP/1.1" 200 404 "-" "Mozilla/5.0 (Windows NT 10.0; Win64; x64) AppleWebKit/537.36 (KHTML, like Gecko) Chrome/78.0.3904.108 Safari/537.36" "www.royalagro.farm"
35.198.204.88 - - [12/Mar/2020:13:05:48 +0800] "POST /wp-cron.php?doing_wp_cron=1583989549.0131270885467529296875 HTTP/1.1" 200 23 "http://www.royalagro.farm/wp-cron.php?doing_wp_cron=1583989549.0131270885467529296875" "WordPress/5.3.2; http://www.royalagro.farm" "www.royalagro.farm"
35.198.204.88 - - [12/Mar/2020:13:05:49 +0800] "POST /wp-cron.php?doing_wp_cron=1583989549.7061469554901123046875 HTTP/1.1" 200 23 "http://www.royalagro.farm/wp-cron.php?doing_wp_cron=1583989549.7061469554901123046875" "WordPress/5.3.2; http://www.royalagro.farm" "www.royalagro.farm"
62.210.201.108 - - [12/Mar/2020:13:05:50 +0800] "POST //xmlrpc.php HTTP/1.1" 200 404 "-" "Mozilla/5.0 (Windows NT 10.0; Win64; x64) AppleWebKit/537.36 (KHTML, like Gecko) Chrome/78.0.3904.108 Safari/537.36" "www.royalagro.farm"
35.198.204.88 - - [12/Mar/2020:13:05:50 +0800] "POST /wp-cron.php?doing_wp_cron=1583989550.4031379222869873046875 HTTP/1.1" 200 23 "http://www.royalagro.farm/wp-cron.php?doing_wp_cron=1583989550.4031379222869873046875" "WordPress/5.3.2; http://www.royalagro.farm" "www.royalagro.farm"
62.210.201.108 - - [12/Mar/2020:13:05:50 +0800] "POST //xmlrpc.php HTTP/1.1" 200 404 "-" "Mozilla/5.0 (Windows NT 10.0; Win64; x64) AppleWebKit/537.36 (KHTML, like Gecko) Chrome/78.0.3904.108 Safari/537.36" "www.royalagro.farm"
35.198.204.88 - - [12/Mar/2020:13:05:51 +0800] "POST /wp-cron.php?doing_wp_cron=1583989551.0953910350799560546875 HTTP/1.1" 200 23 "http://www.royalagro.farm/wp-cron.php?doing_wp_cron=1583989551.0953910350799560546875" "WordPress/5.3.2; http://www.royalagro.farm" "www.royalagro.farm"
35.198.204.88 - - [12/Mar/2020:13:05:51 +0800] "POST /wp-cron.php?doing_wp_cron=1583989551.7872660160064697265625 HTTP/1.1" 200 23 "http://www.royalagro.farm/wp-cron.php?doing_wp_cron=1583989551.7872660160064697265625" "WordPress/5.3.2; http://www.royalagro.farm" "www.royalagro.farm"
62.210.201.108 - - [12/Mar/2020:13:05:51 +0800] "POST //xmlrpc.php HTTP/1.1" 200 404 "-" "Mozilla/5.0 (Windows NT 10.0; Win64; x64) AppleWebKit/537.36 (KHTML, like Gecko) Chrome/78.0.3904.108 Safari/537.36" "www.royalagro.farm"
62.210.201.108 - - [12/Mar/2020:13:05:52 +0800] "POST //xmlrpc.php HTTP/1.1" 200 404 "-" "Mozilla/5.0 (Windows NT 10.0; Win64; x64) AppleWebKit/537.36 (KHTML, like Gecko) Chrome/78.0.3904.108 Safari/537.36" "www.royalagro.farm"
35.198.204.88 - - [12/Mar/2020:13:05:52 +0800] "POST /wp-cron.php?doing_wp_cron=1583989552.4983079433441162109375 HTTP/1.1" 200 23 "http://www.royalagro.farm/wp-cron.php?doing_wp_cron=1583989552.4983079433441162109375" "WordPress/5.3.2; http://www.royalagro.farm" "www.royalagro.farm"
35.198.204.88 - - [12/Mar/2020:13:05:53 +0800] "POST /wp-cron.php?doing_wp_cron=1583989553.1955819129943847656250 HTTP/1.1" 200 23 "http://www.royalagro.farm/wp-cron.php?doing_wp_cron=1583989553.1955819129943847656250" "WordPress/5.3.2; http://www.royalagro.farm" "www.royalagro.farm"
62.210.201.108 - - [12/Mar/2020:13:05:52 +0800] "POST //xmlrpc.php HTTP/1.1" 200 404 "-" "Mozilla/5.0 (Windows NT 10.0; Win64; x64) AppleWebKit/537.36 (KHTML, like Gecko) Chrome/78.0.3904.108 Safari/537.36" "www.royalagro.farm"
62.210.201.108 - - [12/Mar/2020:13:05:53 +0800] "POST //xmlrpc.php HTTP/1.1" 200 404 "-" "Mozilla/5.0 (Windows NT 10.0; Win64; x64) AppleWebKit/537.36 (KHTML, like Gecko) Chrome/78.0.3904.108 Safari/537.36" "www.royalagro.farm"
62.210.201.108 - - [12/Mar/2020:13:05:54 +0800] "POST //xmlrpc.php HTTP/1.1" 200 404 "-" "Mozilla/5.0 (Windows NT 10.0; Win64; x64) AppleWebKit/537.36 (KHTML, like Gecko) Chrome/78.0.3904.108 Safari/537.36" "www.royalagro.farm"
35.198.204.88 - - [12/Mar/2020:13:05:53 +0800] "POST /wp-cron.php?doing_wp_cron=1583989553.8925750255584716796875 HTTP/1.1" 200 23 "http://www.royalagro.farm/wp-cron.php?doing_wp_cron=1583989553.8925750255584716796875" "WordPress/5.3.2; http://www.royalagro.farm" "www.royalagro.farm"
35.198.204.88 - - [12/Mar/2020:13:05:54 +0800] "POST /wp-cron.php?doing_wp_cron=1583989554.5877680778503417968750 HTTP/1.1" 200 23 "http://www.royalagro.farm/wp-cron.php?doing_wp_cron=1583989554.5877680778503417968750" "WordPress/5.3.2; http://www.royalagro.farm" "www.royalagro.farm"
62.210.201.108 - - [12/Mar/2020:13:05:55 +0800] "POST //xmlrpc.php HTTP/1.1" 200 404 "-" "Mozilla/5.0 (Windows NT 10.0; Win64; x64) AppleWebKit/537.36 (KHTML, like Gecko) Chrome/78.0.3904.108 Safari/537.36" "www.royalagro.farm"
35.198.204.88 - - [12/Mar/2020:13:05:55 +0800] "POST /wp-cron.php?doing_wp_cron=1583989555.2864398956298828125000 HTTP/1.1" 200 23 "http://www.royalagro.farm/wp-cron.php?doing_wp_cron=1583989555.2864398956298828125000" "WordPress/5.3.2; http://www.royalagro.farm" "www.royalagro.farm"
35.198.204.88 - - [12/Mar/2020:13:05:55 +0800] "POST /wp-cron.php?doing_wp_cron=1583989555.9729800224304199218750 HTTP/1.1" 200 23 "http://www.royalagro.farm/wp-cron.php?doing_wp_cron=1583989555.9729800224304199218750" "WordPress/5.3.2; http://www.royalagro.farm" "www.royalagro.farm"
35.198.204.88 - - [12/Mar/2020:13:05:56 +0800] "POST /wp-cron.php?doing_wp_cron=1583989556.6622200012207031250000 HTTP/1.1" 200 23 "http://www.royalagro.farm/wp-cron.php?doing_wp_cron=1583989556.6622200012207031250000" "WordPress/5.3.2; http://www.royalagro.farm" "www.royalagro.farm"
62.210.201.108 - - [12/Mar/2020:13:05:55 +0800] "POST //xmlrpc.php HTTP/1.1" 200 404 "-" "Mozilla/5.0 (Windows NT 10.0; Win64; x64) AppleWebKit/537.36 (KHTML, like Gecko) Chrome/78.0.3904.108 Safari/537.36" "www.royalagro.farm"
62.210.201.108 - - [12/Mar/2020:13:05:56 +0800] "POST //xmlrpc.php HTTP/1.1" 200 404 "-" "Mozilla/5.0 (Windows NT 10.0; Win64; x64) AppleWebKit/537.36 (KHTML, like Gecko) Chrome/78.0.3904.108 Safari/537.36" "www.royalagro.farm"
62.210.201.108 - - [12/Mar/2020:13:05:57 +0800] "POST //xmlrpc.php HTTP/1.1" 200 404 "-" "Mozilla/5.0 (Windows NT 10.0; Win64; x64) AppleWebKit/537.36 (KHTML, like Gecko) Chrome/78.0.3904.108 Safari/537.36" "www.royalagro.farm"
35.198.204.88 - - [12/Mar/2020:13:05:57 +0800] "POST /wp-cron.php?doing_wp_cron=1583989557.3469290733337402343750 HTTP/1.1" 200 23 "http://www.royalagro.farm/wp-cron.php?doing_wp_cron=1583989557.3469290733337402343750" "WordPress/5.3.2; http://www.royalagro.farm" "www.royalagro.farm"
35.198.204.88 - - [12/Mar/2020:13:05:57 +0800] "POST /wp-cron.php?doing_wp_cron=1583989558.0260078907012939453125 HTTP/1.1" 200 23 "http://www.royalagro.farm/wp-cron.php?doing_wp_cron=1583989558.0260078907012939453125" "WordPress/5.3.2; http://www.royalagro.farm" "www.royalagro.farm"
35.198.204.88 - - [12/Mar/2020:13:05:58 +0800] "POST /wp-cron.php?doing_wp_cron=1583989558.7188880443572998046875 HTTP/1.1" 200 23 "http://www.royalagro.farm/wp-cron.php?doing_wp_cron=1583989558.7188880443572998046875" "WordPress/5.3.2; http://www.royalagro.farm" "www.royalagro.farm"
62.210.201.108 - - [12/Mar/2020:13:05:57 +0800] "POST //xmlrpc.php HTTP/1.1" 200 404 "-" "Mozilla/5.0 (Windows NT 10.0; Win64; x64) AppleWebKit/537.36 (KHTML, like Gecko) Chrome/78.0.3904.108 Safari/537.36" "www.royalagro.farm"
62.210.201.108 - - [12/Mar/2020:13:05:58 +0800] "POST //xmlrpc.php HTTP/1.1" 200 404 "-" "Mozilla/5.0 (Windows NT 10.0; Win64; x64) AppleWebKit/537.36 (KHTML, like Gecko) Chrome/78.0.3904.108 Safari/537.36" "www.royalagro.farm"
62.210.201.108 - - [12/Mar/2020:13:05:59 +0800] "POST //xmlrpc.php HTTP/1.1" 200 404 "-" "Mozilla/5.0 (Windows NT 10.0; Win64; x64) AppleWebKit/537.36 (KHTML, like Gecko) Chrome/78.0.3904.108 Safari/537.36" "www.royalagro.farm"
35.198.204.88 - - [12/Mar/2020:13:05:59 +0800] "POST /wp-cron.php?doing_wp_cron=1583989559.4103829860687255859375 HTTP/1.1" 200 23 "http://www.royalagro.farm/wp-cron.php?doing_wp_cron=1583989559.4103829860687255859375" "WordPress/5.3.2; http://www.royalagro.farm" "www.royalagro.farm"
62.210.201.108 - - [12/Mar/2020:13:05:59 +0800] "POST //xmlrpc.php HTTP/1.1" 200 404 "-" "Mozilla/5.0 (Windows NT 10.0; Win64; x64) AppleWebKit/537.36 (KHTML, like Gecko) Chrome/78.0.3904.108 Safari/537.36" "www.royalagro.farm"
35.198.204.88 - - [12/Mar/2020:13:05:59 +0800] "POST /wp-cron.php?doing_wp_cron=1583989560.0945980548858642578125 HTTP/1.1" 200 23 "http://www.royalagro.farm/wp-cron.php?doing_wp_cron=1583989560.0945980548858642578125" "WordPress/5.3.2; http://www.royalagro.farm" "www.royalagro.farm"
35.198.204.88 - - [12/Mar/2020:13:06:00 +0800] "POST /wp-cron.php?doing_wp_cron=1583989560.7831120491027832031250 HTTP/1.1" 200 23 "http://www.royalagro.farm/wp-cron.php?doing_wp_cron=1583989560.7831120491027832031250" "WordPress/5.3.2; http://www.royalagro.farm" "www.royalagro.farm"
35.198.204.88 - - [12/Mar/2020:13:06:01 +0800] "POST /wp-cron.php?doing_wp_cron=1583989561.4670929908752441406250 HTTP/1.1" 200 23 "http://www.royalagro.farm/wp-cron.php?doing_wp_cron=1583989561.4670929908752441406250" "WordPress/5.3.2; http://www.royalagro.farm" "www.royalagro.farm"
62.210.201.108 - - [12/Mar/2020:13:06:00 +0800] "POST //xmlrpc.php HTTP/1.1" 200 404 "-" "Mozilla/5.0 (Windows NT 10.0; Win64; x64) AppleWebKit/537.36 (KHTML, like Gecko) Chrome/78.0.3904.108 Safari/537.36" "www.royalagro.farm"
62.210.201.108 - - [12/Mar/2020:13:06:01 +0800] "POST //xmlrpc.php HTTP/1.1" 200 404 "-" "Mozilla/5.0 (Windows NT 10.0; Win64; x64) AppleWebKit/537.36 (KHTML, like Gecko) Chrome/78.0.3904.108 Safari/537.36" "www.royalagro.farm"
35.198.204.88 - - [12/Mar/2020:13:06:02 +0800] "POST /wp-cron.php?doing_wp_cron=1583989562.1547598838806152343750 HTTP/1.1" 200 23 "http://www.royalagro.farm/wp-cron.php?doing_wp_cron=1583989562.1547598838806152343750" "WordPress/5.3.2; http://www.royalagro.farm" "www.royalagro.farm"
62.210.201.108 - - [12/Mar/2020:13:06:01 +0800] "POST //xmlrpc.php HTTP/1.1" 200 404 "-" "Mozilla/5.0 (Windows NT 10.0; Win64; x64) AppleWebKit/537.36 (KHTML, like Gecko) Chrome/78.0.3904.108 Safari/537.36" "www.royalagro.farm"
35.198.204.88 - - [12/Mar/2020:13:06:02 +0800] "POST /wp-cron.php?doing_wp_cron=1583989562.8452439308166503906250 HTTP/1.1" 200 23 "http://www.royalagro.farm/wp-cron.php?doing_wp_cron=1583989562.8452439308166503906250" "WordPress/5.3.2; http://www.royalagro.farm" "www.royalagro.farm"
35.198.204.88 - - [12/Mar/2020:13:06:03 +0800] "POST /wp-cron.php?doing_wp_cron=1583989563.5241758823394775390625 HTTP/1.1" 200 23 "http://www.royalagro.farm/wp-cron.php?doing_wp_cron=1583989563.5241758823394775390625" "WordPress/5.3.2; http://www.royalagro.farm" "www.royalagro.farm"
62.210.201.108 - - [12/Mar/2020:13:06:02 +0800] "POST //xmlrpc.php HTTP/1.1" 200 404 "-" "Mozilla/5.0 (Windows NT 10.0; Win64; x64) AppleWebKit/537.36 (KHTML, like Gecko) Chrome/78.0.3904.108 Safari/537.36" "www.royalagro.farm"
62.210.201.108 - - [12/Mar/2020:13:06:03 +0800] "POST //xmlrpc.php HTTP/1.1" 200 404 "-" "Mozilla/5.0 (Windows NT 10.0; Win64; x64) AppleWebKit/537.36 (KHTML, like Gecko) Chrome/78.0.3904.108 Safari/537.36" "www.royalagro.farm"
35.198.204.88 - - [12/Mar/2020:13:06:04 +0800] "POST /wp-cron.php?doing_wp_cron=1583989564.2098979949951171875000 HTTP/1.1" 200 23 "http://www.royalagro.farm/wp-cron.php?doing_wp_cron=1583989564.2098979949951171875000" "WordPress/5.3.2; http://www.royalagro.farm" "www.royalagro.farm"
62.210.201.108 - - [12/Mar/2020:13:06:03 +0800] "POST //xmlrpc.php HTTP/1.1" 200 404 "-" "Mozilla/5.0 (Windows NT 10.0; Win64; x64) AppleWebKit/537.36 (KHTML, like Gecko) Chrome/78.0.3904.108 Safari/537.36" "www.royalagro.farm"
62.210.201.108 - - [12/Mar/2020:13:06:04 +0800] "POST //xmlrpc.php HTTP/1.1" 200 404 "-" "Mozilla/5.0 (Windows NT 10.0; Win64; x64) AppleWebKit/537.36 (KHTML, like Gecko) Chrome/78.0.3904.108 Safari/537.36" "www.royalagro.farm"
62.210.201.108 - - [12/Mar/2020:13:06:05 +0800] "POST //xmlrpc.php HTTP/1.1" 200 404 "-" "Mozilla/5.0 (Windows NT 10.0; Win64; x64) AppleWebKit/537.36 (KHTML, like Gecko) Chrome/78.0.3904.108 Safari/537.36" "www.royalagro.farm"
35.198.204.88 - - [12/Mar/2020:13:06:04 +0800] "POST /wp-cron.php?doing_wp_cron=1583989564.8980550765991210937500 HTTP/1.1" 200 23 "http://www.royalagro.farm/wp-cron.php?doing_wp_cron=1583989564.8980550765991210937500" "WordPress/5.3.2; http://www.royalagro.farm" "www.royalagro.farm"
35.198.204.88 - - [12/Mar/2020:13:06:05 +0800] "POST /wp-cron.php?doing_wp_cron=1583989565.5950570106506347656250 HTTP/1.1" 200 23 "http://www.royalagro.farm/wp-cron.php?doing_wp_cron=1583989565.5950570106506347656250" "WordPress/5.3.2; http://www.royalagro.farm" "www.royalagro.farm"
62.210.201.108 - - [12/Mar/2020:13:06:06 +0800] "POST //xmlrpc.php HTTP/1.1" 200 404 "-" "Mozilla/5.0 (Windows NT 10.0; Win64; x64) AppleWebKit/537.36 (KHTML, like Gecko) Chrome/78.0.3904.108 Safari/537.36" "www.royalagro.farm"
35.198.204.88 - - [12/Mar/2020:13:06:06 +0800] "POST /wp-cron.php?doing_wp_cron=1583989566.2835259437561035156250 HTTP/1.1" 200 23 "http://www.royalagro.farm/wp-cron.php?doing_wp_cron=1583989566.2835259437561035156250" "WordPress/5.3.2; http://www.royalagro.farm" "www.royalagro.farm"
