116.125.140.90 - - [10/Mar/2020:16:02:01 +0800] "GET /wp-login.php HTTP/1.1" 200 2272 "-" "Mozilla/5.0 (X11; Ubuntu; Linux x86_64; rv:62.0) Gecko/20100101 Firefox/62.0" "royalagro.farm"
116.125.140.90 - - [10/Mar/2020:16:02:01 +0800] "POST /wp-login.php HTTP/1.1" 200 2669 "-" "Mozilla/5.0 (X11; Ubuntu; Linux x86_64; rv:62.0) Gecko/20100101 Firefox/62.0" "royalagro.farm"
35.198.204.88 - - [10/Mar/2020:16:02:05 +0800] "POST /index.php?swpnonce=1583827325.4476020336151123046875 HTTP/1.1" 200 23 "http://www.royalagro.farm/index.php?swpnonce=1583827325.4476020336151123046875" "SearchWP" "www.royalagro.farm"
35.198.204.88 - - [10/Mar/2020:16:02:04 +0800] "POST /wp-cron.php?doing_wp_cron=1583827325.0147130489349365234375 HTTP/1.1" 200 23 "http://www.royalagro.farm/wp-cron.php?doing_wp_cron=1583827325.0147130489349365234375" "WordPress/5.3.2; http://www.royalagro.farm" "www.royalagro.farm"
116.125.140.90 - - [10/Mar/2020:16:02:10 +0800] "POST /xmlrpc.php HTTP/1.1" 200 233 "-" "Mozilla/5.0 (X11; Ubuntu; Linux x86_64; rv:62.0) Gecko/20100101 Firefox/62.0" "royalagro.farm"
91.204.46.58 - - [10/Mar/2020:16:19:50 +0800] "GET /wp-login.php HTTP/1.1" 200 2272 "-" "Mozilla/5.0 (X11; Ubuntu; Linux x86_64; rv:62.0) Gecko/20100101 Firefox/62.0" "royalagro.farm"
91.204.46.58 - - [10/Mar/2020:16:19:51 +0800] "POST /wp-login.php HTTP/1.1" 200 2669 "-" "Mozilla/5.0 (X11; Ubuntu; Linux x86_64; rv:62.0) Gecko/20100101 Firefox/62.0" "royalagro.farm"
91.204.46.58 - - [10/Mar/2020:16:19:55 +0800] "POST /xmlrpc.php HTTP/1.1" 200 233 "-" "Mozilla/5.0 (X11; Ubuntu; Linux x86_64; rv:62.0) Gecko/20100101 Firefox/62.0" "royalagro.farm"
35.198.204.88 - - [10/Mar/2020:16:20:36 +0800] "POST /index.php?swpnonce=1583828436.3473360538482666015625 HTTP/1.1" 200 23 "http://www.royalagro.farm/index.php?swpnonce=1583828436.3473360538482666015625" "SearchWP" "www.royalagro.farm"
75.149.219.169 - - [10/Mar/2020:16:55:45 +0800] "GET /wp-login.php HTTP/1.1" 200 2272 "-" "Mozilla/5.0 (X11; Ubuntu; Linux x86_64; rv:62.0) Gecko/20100101 Firefox/62.0" "royalagro.farm"
75.149.219.169 - - [10/Mar/2020:16:55:46 +0800] "GET ///?author=1 HTTP/1.1" 301 23 "-" "Mozilla/5.0 (X11; Ubuntu; Linux x86_64; rv:62.0) Gecko/20100101 Firefox/62.0" "royalagro.farm"
35.198.204.88 - - [10/Mar/2020:16:55:49 +0800] "POST /wp-cron.php?doing_wp_cron=1583830549.7803840637207031250000 HTTP/1.1" 200 23 "http://www.royalagro.farm/wp-cron.php?doing_wp_cron=1583830549.7803840637207031250000" "WordPress/5.3.2; http://www.royalagro.farm" "www.royalagro.farm"
35.198.204.88 - - [10/Mar/2020:16:55:50 +0800] "POST /index.php?swpnonce=1583830550.2356219291687011718750 HTTP/1.1" 200 23 "http://www.royalagro.farm/index.php?swpnonce=1583830550.2356219291687011718750" "SearchWP" "www.royalagro.farm"
75.149.219.169 - - [10/Mar/2020:16:55:51 +0800] "GET /archives/author/admin HTTP/1.1" 200 40432 "http://royalagro.farm///?author=1" "Mozilla/5.0 (X11; Ubuntu; Linux x86_64; rv:62.0) Gecko/20100101 Firefox/62.0" "www.royalagro.farm"
35.198.204.88 - - [10/Mar/2020:16:55:56 +0800] "POST /wp-cron.php?doing_wp_cron=1583830556.6328339576721191406250 HTTP/1.1" 200 23 "http://www.royalagro.farm/wp-cron.php?doing_wp_cron=1583830556.6328339576721191406250" "WordPress/5.3.2; http://www.royalagro.farm" "www.royalagro.farm"
75.149.219.169 - - [10/Mar/2020:16:55:55 +0800] "GET ///wp-json/wp/v2/users/ HTTP/1.1" 200 582 "-" "Mozilla/5.0 (X11; Ubuntu; Linux x86_64; rv:62.0) Gecko/20100101 Firefox/62.0" "royalagro.farm"
75.149.219.169 - - [10/Mar/2020:16:55:57 +0800] "GET ///?author=2 HTTP/1.1" 301 23 "-" "Mozilla/5.0 (X11; Ubuntu; Linux x86_64; rv:62.0) Gecko/20100101 Firefox/62.0" "royalagro.farm"
75.149.219.169 - - [10/Mar/2020:16:55:59 +0800] "GET /?author=2 HTTP/1.1" 200 4482 "http://royalagro.farm///?author=2" "Mozilla/5.0 (X11; Ubuntu; Linux x86_64; rv:62.0) Gecko/20100101 Firefox/62.0" "www.royalagro.farm"
35.198.204.88 - - [10/Mar/2020:16:56:00 +0800] "POST /wp-cron.php?doing_wp_cron=1583830560.4983758926391601562500 HTTP/1.1" 200 23 "http://www.royalagro.farm/wp-cron.php?doing_wp_cron=1583830560.4983758926391601562500" "WordPress/5.3.2; http://www.royalagro.farm" "www.royalagro.farm"
54.200.244.49 - - [10/Mar/2020:18:27:32 +0800] "GET / HTTP/1.1" 301 23 "-" "Go-http-client/1.1" "royalagro.farm"
54.200.244.49 - - [10/Mar/2020:18:27:34 +0800] "GET / HTTP/1.1" 200 4475 "-" "Go-http-client/1.1" "www.royalagro.farm"
66.249.79.34 - - [10/Mar/2020:19:15:56 +0800] "GET /robots.txt HTTP/1.1" 200 4483 "-" "Mozilla/5.0 (compatible; Googlebot/2.1; +http://www.google.com/bot.html)" "www.royalagro.farm"
66.249.79.62 - - [10/Mar/2020:19:15:57 +0800] "GET /product-sitemap.xml HTTP/1.1" 200 722 "-" "Mozilla/5.0 (compatible; Googlebot/2.1; +http://www.google.com/bot.html)" "www.royalagro.farm"
35.198.204.88 - - [10/Mar/2020:19:16:03 +0800] "POST /index.php?swpnonce=1583838963.0688960552215576171875 HTTP/1.1" 200 23 "http://www.royalagro.farm/index.php?swpnonce=1583838963.0688960552215576171875" "SearchWP" "www.royalagro.farm"
35.198.204.88 - - [10/Mar/2020:19:16:00 +0800] "POST /wp-cron.php?doing_wp_cron=1583838960.8294360637664794921875 HTTP/1.1" 200 23 "http://www.royalagro.farm/wp-cron.php?doing_wp_cron=1583838960.8294360637664794921875" "WordPress/5.3.2; http://www.royalagro.farm" "www.royalagro.farm"
46.119.174.102 - - [10/Mar/2020:20:18:02 +0800] "GET / HTTP/1.1" 301 3 "-" "Mozilla/5.0 (Windows NT 10.0; Win64; x64) AppleWebKit/537.36 (KHTML, like Gecko) Chrome/78.0.3904.108 Safari/537.36" "royalagro.farm"
66.249.65.122 - - [10/Mar/2020:23:47:49 +0800] "GET /robots.txt HTTP/1.1" 200 4483 "-" "Mozilla/5.0 (compatible; Googlebot/2.1; +http://www.google.com/bot.html)" "www.royalagro.farm"
66.249.65.122 - - [10/Mar/2020:23:47:50 +0800] "GET /sitemap_index.xml HTTP/1.1" 200 530 "-" "Mozilla/5.0 (compatible; Googlebot/2.1; +http://www.google.com/bot.html)" "www.royalagro.farm"
35.198.204.88 - - [10/Mar/2020:23:47:53 +0800] "POST /index.php?swpnonce=1583855273.8124558925628662109375 HTTP/1.1" 200 23 "http://www.royalagro.farm/index.php?swpnonce=1583855273.8124558925628662109375" "SearchWP" "www.royalagro.farm"
35.198.204.88 - - [10/Mar/2020:23:47:53 +0800] "POST /wp-cron.php?doing_wp_cron=1583855273.4163610935211181640625 HTTP/1.1" 200 23 "http://www.royalagro.farm/wp-cron.php?doing_wp_cron=1583855273.4163610935211181640625" "WordPress/5.3.2; http://www.royalagro.farm" "www.royalagro.farm"
64.246.161.30 - - [10/Mar/2020:23:56:58 +0800] "GET / HTTP/1.1" 200 4475 "-" "Mozilla/5.0 (Macintosh; Intel Mac OS X 10.10; rv:59.0) Gecko/20100101 Firefox/59.0" "www.royalagro.farm"
64.246.161.30 - - [10/Mar/2020:23:56:58 +0800] "GET /robots.txt HTTP/1.0" 200 16560 "-" "Mozilla/5.0 (Macintosh; Intel Mac OS X 10.10; rv:59.0) Gecko/20100101 Firefox/59.0" "www.royalagro.farm"
66.249.65.124 - - [11/Mar/2020:00:57:48 +0800] "GET /robots.txt HTTP/1.1" 200 4483 "-" "Mozilla/5.0 (compatible; Googlebot/2.1; +http://www.google.com/bot.html)" "www.royalagro.farm"
66.249.65.124 - - [11/Mar/2020:00:57:48 +0800] "GET /memberpressgroup-sitemap.xml HTTP/1.1" 200 314 "-" "Mozilla/5.0 (compatible; Googlebot/2.1; +http://www.google.com/bot.html)" "www.royalagro.farm"
35.198.204.88 - - [11/Mar/2020:00:57:53 +0800] "POST /wp-cron.php?doing_wp_cron=1583859473.1726410388946533203125 HTTP/1.1" 200 23 "http://www.royalagro.farm/wp-cron.php?doing_wp_cron=1583859473.1726410388946533203125" "WordPress/5.3.2; http://www.royalagro.farm" "www.royalagro.farm"
35.198.204.88 - - [11/Mar/2020:00:57:55 +0800] "POST /index.php?swpnonce=1583859475.5474948883056640625000 HTTP/1.1" 200 23 "http://www.royalagro.farm/index.php?swpnonce=1583859475.5474948883056640625000" "SearchWP" "www.royalagro.farm"
66.249.65.124 - - [11/Mar/2020:09:06:35 +0800] "GET /robots.txt HTTP/1.1" 200 4483 "-" "Mozilla/5.0 (compatible; Googlebot/2.1; +http://www.google.com/bot.html)" "www.royalagro.farm"
66.249.65.122 - - [11/Mar/2020:09:06:35 +0800] "GET /category-sitemap.xml HTTP/1.1" 200 517 "-" "Mozilla/5.0 (compatible; Googlebot/2.1; +http://www.google.com/bot.html)" "www.royalagro.farm"
35.198.204.88 - - [11/Mar/2020:09:06:42 +0800] "POST /index.php?swpnonce=1583888802.4149410724639892578125 HTTP/1.1" 200 23 "http://www.royalagro.farm/index.php?swpnonce=1583888802.4149410724639892578125" "SearchWP" "www.royalagro.farm"
66.249.65.124 - - [11/Mar/2020:09:37:09 +0800] "GET /author-sitemap.xml HTTP/1.1" 200 384 "-" "Mozilla/5.0 (compatible; Googlebot/2.1; +http://www.google.com/bot.html)" "www.royalagro.farm"
35.198.204.88 - - [11/Mar/2020:09:37:10 +0800] "POST /wp-cron.php?doing_wp_cron=1583890630.8379640579223632812500 HTTP/1.1" 200 23 "http://www.royalagro.farm/wp-cron.php?doing_wp_cron=1583890630.8379640579223632812500" "WordPress/5.3.2; http://www.royalagro.farm" "www.royalagro.farm"
35.198.204.88 - - [11/Mar/2020:09:37:12 +0800] "POST /index.php?swpnonce=1583890632.8468630313873291015625 HTTP/1.1" 200 23 "http://www.royalagro.farm/index.php?swpnonce=1583890632.8468630313873291015625" "SearchWP" "www.royalagro.farm"
193.106.30.99 - - [11/Mar/2020:09:54:37 +0800] "GET /wp-load.php?up2018info=1 HTTP/1.1" 200 23 "-" "Mozilla/5.0 (Windows NT 10.0; Win64; x64; rv:67.0) Gecko/20100101 Firefox/67.0" "www.royalagro.farm"
35.198.204.88 - - [11/Mar/2020:09:54:39 +0800] "POST /wp-cron.php?doing_wp_cron=1583891679.2471799850463867187500 HTTP/1.1" 200 23 "http://www.royalagro.farm/wp-cron.php?doing_wp_cron=1583891679.2471799850463867187500" "WordPress/5.3.2; http://www.royalagro.farm" "www.royalagro.farm"
35.198.204.88 - - [11/Mar/2020:09:54:39 +0800] "POST /index.php?swpnonce=1583891679.9951159954071044921875 HTTP/1.1" 200 23 "http://www.royalagro.farm/index.php?swpnonce=1583891679.9951159954071044921875" "SearchWP" "www.royalagro.farm"
193.106.30.99 - - [11/Mar/2020:11:10:44 +0800] "GET /wp.php?up2018info=1 HTTP/1.1" 200 4489 "-" "Mozilla/5.0 (Windows NT 10.0; Win64; x64) AppleWebKit/537.36 (KHTML, like Gecko) Chrome/74.0.3729.157 Safari/537.36" "www.royalagro.farm"
35.198.204.88 - - [11/Mar/2020:11:10:46 +0800] "POST /wp-cron.php?doing_wp_cron=1583896246.5547909736633300781250 HTTP/1.1" 200 23 "http://www.royalagro.farm/wp-cron.php?doing_wp_cron=1583896246.5547909736633300781250" "WordPress/5.3.2; http://www.royalagro.farm" "www.royalagro.farm"
35.198.204.88 - - [11/Mar/2020:11:10:49 +0800] "POST /index.php?swpnonce=1583896249.2452070713043212890625 HTTP/1.1" 200 23 "http://www.royalagro.farm/index.php?swpnonce=1583896249.2452070713043212890625" "SearchWP" "www.royalagro.farm"
89.108.99.6 - - [11/Mar/2020:13:14:01 +0800] "GET / HTTP/1.1" 200 16550 "-" "-" "www.royalagro.farm"
89.108.99.6 - - [11/Mar/2020:13:14:01 +0800] "GET / HTTP/1.1" 301 3 "-" "-" "royalagro.farm"
193.106.30.99 - - [11/Mar/2020:14:14:21 +0800] "GET /wp-bb.php?up2018info=1 HTTP/1.1" 200 4491 "-" "Mozilla/5.0 (Windows NT 10.0; Win64; x64; rv:67.0) Gecko/20100101 Firefox/67.0" "www.royalagro.farm"
35.198.204.88 - - [11/Mar/2020:14:14:24 +0800] "POST /index.php?swpnonce=1583907264.7102060317993164062500 HTTP/1.1" 200 23 "http://www.royalagro.farm/index.php?swpnonce=1583907264.7102060317993164062500" "SearchWP" "www.royalagro.farm"
35.198.204.88 - - [11/Mar/2020:14:14:23 +0800] "POST /wp-cron.php?doing_wp_cron=1583907263.6702959537506103515625 HTTP/1.1" 200 23 "http://www.royalagro.farm/wp-cron.php?doing_wp_cron=1583907263.6702959537506103515625" "WordPress/5.3.2; http://www.royalagro.farm" "www.royalagro.farm"
193.106.30.99 - - [11/Mar/2020:14:59:44 +0800] "GET /wp-aa.php?up2018info=1 HTTP/1.1" 200 4490 "-" "Mozilla/5.0 (Windows NT 10.0; Win64; x64) AppleWebKit/537.36 (KHTML, like Gecko) Chrome/74.0.3729.157 Safari/537.36" "www.royalagro.farm"
35.198.204.88 - - [11/Mar/2020:14:59:48 +0800] "POST /wp-cron.php?doing_wp_cron=1583909988.9473528861999511718750 HTTP/1.1" 200 23 "http://www.royalagro.farm/wp-cron.php?doing_wp_cron=1583909988.9473528861999511718750" "WordPress/5.3.2; http://www.royalagro.farm" "www.royalagro.farm"
35.198.204.88 - - [11/Mar/2020:14:59:49 +0800] "POST /index.php?swpnonce=1583909989.4435091018676757812500 HTTP/1.1" 200 23 "http://www.royalagro.farm/index.php?swpnonce=1583909989.4435091018676757812500" "SearchWP" "www.royalagro.farm"
66.249.65.122 - - [11/Mar/2020:18:00:52 +0800] "GET /robots.txt HTTP/1.1" 200 4483 "-" "Mozilla/5.0 (compatible; Googlebot/2.1; +http://www.google.com/bot.html)" "www.royalagro.farm"
66.249.65.122 - - [11/Mar/2020:18:00:52 +0800] "GET / HTTP/1.1" 200 4475 "-" "Mozilla/5.0 (Linux; Android 6.0.1; Nexus 5X Build/MMB29P) AppleWebKit/537.36 (KHTML, like Gecko) Chrome/41.0.2272.96 Mobile Safari/537.36 (compatible; Googlebot/2.1; +http://www.google.com/bot.html)" "www.royalagro.farm"
66.249.65.126 - - [11/Mar/2020:18:01:00 +0800] "GET /wp-content/plugins/seedprod-coming-soon-pro-5/template/js/purl.min.js HTTP/1.1" 200 1697 "http://www.royalagro.farm/" "Mozilla/5.0 (Linux; Android 6.0.1; Nexus 5X Build/MMB29P) AppleWebKit/537.36 (KHTML, like Gecko) Chrome/80.0.3987.92 Mobile Safari/537.36 (compatible; Googlebot/2.1; +http://www.google.com/bot.html)" "www.royalagro.farm"
66.249.65.126 - - [11/Mar/2020:18:01:01 +0800] "GET /wp-content/plugins/seedprod-coming-soon-pro-5/template/js/js.cookie.js HTTP/1.1" 200 1380 "http://www.royalagro.farm/" "Mozilla/5.0 (Linux; Android 6.0.1; Nexus 5X Build/MMB29P) AppleWebKit/537.36 (KHTML, like Gecko) Chrome/80.0.3987.92 Mobile Safari/537.36 (compatible; Googlebot/2.1; +http://www.google.com/bot.html)" "www.royalagro.farm"
66.249.65.124 - - [11/Mar/2020:18:01:01 +0800] "GET /wp-content/plugins/seedprod-coming-soon-pro-5/template/js/jquery.fitvids.min.js HTTP/1.1" 200 677 "http://www.royalagro.farm/" "Mozilla/5.0 (Linux; Android 6.0.1; Nexus 5X Build/MMB29P) AppleWebKit/537.36 (KHTML, like Gecko) Chrome/80.0.3987.92 Mobile Safari/537.36 (compatible; Googlebot/2.1; +http://www.google.com/bot.html)" "www.royalagro.farm"
66.249.65.124 - - [11/Mar/2020:18:01:02 +0800] "GET /wp-content/plugins/seedprod-coming-soon-pro-5/template/js/bootstrap.min.js HTTP/1.1" 200 10460 "http://www.royalagro.farm/" "Mozilla/5.0 (Linux; Android 6.0.1; Nexus 5X Build/MMB29P) AppleWebKit/537.36 (KHTML, like Gecko) Chrome/80.0.3987.92 Mobile Safari/537.36 (compatible; Googlebot/2.1; +http://www.google.com/bot.html)" "www.royalagro.farm"
66.249.65.124 - - [11/Mar/2020:18:01:02 +0800] "GET /wp-includes/js/jquery/jquery.js HTTP/1.1" 200 32660 "http://www.royalagro.farm/" "Mozilla/5.0 (Linux; Android 6.0.1; Nexus 5X Build/MMB29P) AppleWebKit/537.36 (KHTML, like Gecko) Chrome/80.0.3987.92 Mobile Safari/537.36 (compatible; Googlebot/2.1; +http://www.google.com/bot.html)" "www.royalagro.farm"
66.249.65.124 - - [11/Mar/2020:18:01:06 +0800] "GET /wp-content/plugins/seedprod-coming-soon-pro-5/template/style.css HTTP/1.1" 200 9126 "http://www.royalagro.farm/" "Mozilla/5.0 (Linux; Android 6.0.1; Nexus 5X Build/MMB29P) AppleWebKit/537.36 (KHTML, like Gecko) Chrome/80.0.3987.92 Mobile Safari/537.36 (compatible; Googlebot/2.1; +http://www.google.com/bot.html)" "www.royalagro.farm"
66.249.65.122 - - [11/Mar/2020:18:01:06 +0800] "GET /wp-content/plugins/seedprod-coming-soon-pro-5/template/css/bootstrap.min.css HTTP/1.1" 200 17916 "http://www.royalagro.farm/" "Mozilla/5.0 (Linux; Android 6.0.1; Nexus 5X Build/MMB29P) AppleWebKit/537.36 (KHTML, like Gecko) Chrome/80.0.3987.92 Mobile Safari/537.36 (compatible; Googlebot/2.1; +http://www.google.com/bot.html)" "www.royalagro.farm"
66.249.65.122 - - [11/Mar/2020:18:01:34 +0800] "GET /favicon.ico HTTP/1.1" 200 - "-" "Googlebot-Image/1.0" "www.royalagro.farm"
66.249.65.122 - - [11/Mar/2020:18:29:22 +0800] "GET / HTTP/1.1" 200 4475 "-" "Mozilla/5.0 (compatible; Googlebot/2.1; +http://www.google.com/bot.html)" "www.royalagro.farm"
193.106.30.99 - - [11/Mar/2020:19:10:24 +0800] "POST /s_noeval.php HTTP/1.1" 200 4484 "-" "Mozilla/5.0 (Macintosh; Intel Mac OS X 10.14; rv:68.0) Gecko/20100101 Firefox/68.0" "www.royalagro.farm"
35.198.204.88 - - [11/Mar/2020:19:10:30 +0800] "POST /index.php?swpnonce=1583925030.8287959098815917968750 HTTP/1.1" 200 23 "http://www.royalagro.farm/index.php?swpnonce=1583925030.8287959098815917968750" "SearchWP" "www.royalagro.farm"
54.215.188.93 - - [11/Mar/2020:19:19:14 +0800] "GET / HTTP/1.1" 301 23 "-" "Mozilla/5.0 (X11; Linux x86_64) AppleWebKit/537.36 (KHTML, like Gecko) Chrome/51.0.2704.103 Safari/537.36" "royalagro.farm"
54.215.188.93 - - [11/Mar/2020:19:19:15 +0800] "GET / HTTP/1.1" 200 4475 "-" "Mozilla/5.0 (X11; Linux x86_64) AppleWebKit/537.36 (KHTML, like Gecko) Chrome/51.0.2704.103 Safari/537.36" "www.royalagro.farm"
66.249.65.126 - - [11/Mar/2020:20:09:25 +0800] "GET /robots.txt HTTP/1.1" 200 4483 "-" "Mozilla/5.0 (compatible; Googlebot/2.1; +http://www.google.com/bot.html)" "www.royalagro.farm"
66.249.65.126 - - [11/Mar/2020:20:09:25 +0800] "GET /favicon.ico HTTP/1.1" 200 - "-" "Googlebot-Image/1.0" "www.royalagro.farm"
193.106.30.99 - - [11/Mar/2020:22:04:14 +0800] "POST /assets/images/accesson.php HTTP/1.1" 200 4492 "-" "Mozilla/5.0 (Windows NT 10.0; Win64; x64) AppleWebKit/537.36 (KHTML, like Gecko) Chrome/74.0.3729.157 Safari/537.36" "www.royalagro.farm"
35.198.204.88 - - [11/Mar/2020:22:04:19 +0800] "POST /index.php?swpnonce=1583935459.1554279327392578125000 HTTP/1.1" 200 23 "http://www.royalagro.farm/index.php?swpnonce=1583935459.1554279327392578125000" "SearchWP" "www.royalagro.farm"
35.198.204.88 - - [11/Mar/2020:22:04:18 +0800] "POST /wp-cron.php?doing_wp_cron=1583935458.5755949020385742187500 HTTP/1.1" 200 23 "http://www.royalagro.farm/wp-cron.php?doing_wp_cron=1583935458.5755949020385742187500" "WordPress/5.3.2; http://www.royalagro.farm" "www.royalagro.farm"
188.163.104.88 - - [12/Mar/2020:00:25:50 +0800] "GET / HTTP/1.1" 301 23 "http://royalagro.farm" "Mozilla/5.0 (Windows NT 6.1; WOW64) AppleWebKit/537.36 (KHTML, like Gecko) Chrome/31.0.1650.57 Safari/537.36" "royalagro.farm"
188.163.104.88 - - [12/Mar/2020:00:25:51 +0800] "GET / HTTP/1.1" 200 4475 "http://royalagro.farm" "Mozilla/5.0 (Windows NT 6.1; WOW64) AppleWebKit/537.36 (KHTML, like Gecko) Chrome/31.0.1650.57 Safari/537.36" "www.royalagro.farm"
188.163.104.88 - - [12/Mar/2020:00:25:52 +0800] "GET /xmlrpc.php HTTP/1.1" 405 64 "http://royalagro.farm/xmlrpc.php" "Mozilla/5.0 (Windows NT 6.1; WOW64) AppleWebKit/537.36 (KHTML, like Gecko) Chrome/31.0.1650.57 Safari/537.36" "royalagro.farm"
188.163.104.88 - - [12/Mar/2020:00:25:58 +0800] "POST /xmlrpc.php HTTP/1.1" 200 235 "http://royalagro.farm/xmlrpc.php" "Mozilla/5.0 (Windows NT 6.1; WOW64) AppleWebKit/537.36 (KHTML, like Gecko) Chrome/31.0.1650.57 Safari/537.36" "royalagro.farm"
35.198.204.88 - - [12/Mar/2020:00:25:55 +0800] "POST /wp-cron.php?doing_wp_cron=1583943955.8833389282226562500000 HTTP/1.1" 200 23 "http://www.royalagro.farm/wp-cron.php?doing_wp_cron=1583943955.8833389282226562500000" "WordPress/5.3.2; http://www.royalagro.farm" "www.royalagro.farm"
35.198.204.88 - - [12/Mar/2020:00:25:58 +0800] "POST /index.php?swpnonce=1583943958.1015019416809082031250 HTTP/1.1" 200 23 "http://www.royalagro.farm/index.php?swpnonce=1583943958.1015019416809082031250" "SearchWP" "www.royalagro.farm"
188.163.104.88 - - [12/Mar/2020:00:25:59 +0800] "GET /wp-login.php HTTP/1.1" 200 2272 "http://royalagro.farm/wp-login.php" "Mozilla/5.0 (Windows NT 6.1; WOW64) AppleWebKit/537.36 (KHTML, like Gecko) Chrome/31.0.1650.57 Safari/537.36" "royalagro.farm"
35.198.204.88 - - [12/Mar/2020:00:26:01 +0800] "POST /wp-cron.php?doing_wp_cron=1583943961.6827750205993652343750 HTTP/1.1" 200 23 "http://www.royalagro.farm/wp-cron.php?doing_wp_cron=1583943961.6827750205993652343750" "WordPress/5.3.2; http://www.royalagro.farm" "www.royalagro.farm"
188.163.104.88 - - [12/Mar/2020:00:26:00 +0800] "GET /?author=1 HTTP/1.1" 301 23 "http://royalagro.farm/?author=1" "Mozilla/5.0 (Windows NT 6.1; WOW64) AppleWebKit/537.36 (KHTML, like Gecko) Chrome/31.0.1650.57 Safari/537.36" "royalagro.farm"
188.163.104.88 - - [12/Mar/2020:00:26:03 +0800] "GET /archives/author/admin HTTP/1.1" 200 40432 "http://royalagro.farm/?author=1" "Mozilla/5.0 (Windows NT 6.1; WOW64) AppleWebKit/537.36 (KHTML, like Gecko) Chrome/31.0.1650.57 Safari/537.36" "www.royalagro.farm"
35.198.204.88 - - [12/Mar/2020:00:33:17 +0800] "POST /wp-cron.php?doing_wp_cron=1583944397.4705209732055664062500 HTTP/1.1" 200 23 "http://www.royalagro.farm/wp-cron.php?doing_wp_cron=1583944397.4705209732055664062500" "WordPress/5.3.2; http://www.royalagro.farm" "www.royalagro.farm"
194.67.93.10 - - [12/Mar/2020:00:33:13 +0800] "GET //?author=1 HTTP/1.1" 301 3 "-" "-" "www.royalagro.farm"
194.67.93.10 - - [12/Mar/2020:00:33:18 +0800] "GET /archives/author/admin HTTP/1.1" 200 215872 "-" "-" "www.royalagro.farm"
193.106.30.99 - - [12/Mar/2020:01:14:04 +0800] "POST /wp-admin/css/colors/index.php HTTP/1.1" 404 30889 "-" "Mozilla/5.0 (Windows NT 10.0; Win64; x64) AppleWebKit/537.36 (KHTML, like Gecko) Chrome/74.0.3729.157 Safari/537.36" "www.royalagro.farm"
35.198.204.88 - - [12/Mar/2020:01:14:10 +0800] "POST /index.php?swpnonce=1583946850.8010489940643310546875 HTTP/1.1" 200 23 "http://www.royalagro.farm/index.php?swpnonce=1583946850.8010489940643310546875" "SearchWP" "www.royalagro.farm"
35.198.204.88 - - [12/Mar/2020:01:14:10 +0800] "POST /wp-cron.php?doing_wp_cron=1583946850.2072870731353759765625 HTTP/1.1" 200 23 "http://www.royalagro.farm/wp-cron.php?doing_wp_cron=1583946850.2072870731353759765625" "WordPress/5.3.2; http://www.royalagro.farm" "www.royalagro.farm"
193.106.30.99 - - [12/Mar/2020:02:46:13 +0800] "POST /accesson.php HTTP/1.1" 200 4483 "-" "Mozilla/5.0 (Windows NT 10.0; Win64; x64; rv:67.0) Gecko/20100101 Firefox/67.0" "www.royalagro.farm"
35.198.204.88 - - [12/Mar/2020:02:46:17 +0800] "POST /index.php?swpnonce=1583952377.7661468982696533203125 HTTP/1.1" 200 23 "http://www.royalagro.farm/index.php?swpnonce=1583952377.7661468982696533203125" "SearchWP" "www.royalagro.farm"
35.198.204.88 - - [12/Mar/2020:02:46:17 +0800] "POST /wp-cron.php?doing_wp_cron=1583952377.2642619609832763671875 HTTP/1.1" 200 23 "http://www.royalagro.farm/wp-cron.php?doing_wp_cron=1583952377.2642619609832763671875" "WordPress/5.3.2; http://www.royalagro.farm" "www.royalagro.farm"
66.249.69.60 - - [12/Mar/2020:02:50:38 +0800] "GET /robots.txt HTTP/1.1" 200 4483 "-" "Mozilla/5.0 (compatible; Googlebot/2.1; +http://www.google.com/bot.html)" "www.royalagro.farm"
66.249.69.62 - - [12/Mar/2020:02:50:38 +0800] "GET / HTTP/1.1" 200 4475 "-" "Mozilla/5.0 (Linux; Android 6.0.1; Nexus 5X Build/MMB29P) AppleWebKit/537.36 (KHTML, like Gecko) Chrome/41.0.2272.96 Mobile Safari/537.36 (compatible; Googlebot/2.1; +http://www.google.com/bot.html)" "www.royalagro.farm"
66.249.69.62 - - [12/Mar/2020:02:50:42 +0800] "GET /wp-content/plugins/seedprod-coming-soon-pro-5/template/js/modernizr-custom.js HTTP/1.1" 200 2034 "http://www.royalagro.farm/" "Mozilla/5.0 (Linux; Android 6.0.1; Nexus 5X Build/MMB29P) AppleWebKit/537.36 (KHTML, like Gecko) Chrome/80.0.3987.92 Mobile Safari/537.36 (compatible; Googlebot/2.1; +http://www.google.com/bot.html)" "www.royalagro.farm"
66.249.69.60 - - [12/Mar/2020:02:50:42 +0800] "GET /wp-content/plugins/seedprod-coming-soon-pro-5/template/js/jquery.fitvids.min.js HTTP/1.1" 200 677 "http://www.royalagro.farm/" "Mozilla/5.0 (Linux; Android 6.0.1; Nexus 5X Build/MMB29P) AppleWebKit/537.36 (KHTML, like Gecko) Chrome/80.0.3987.92 Mobile Safari/537.36 (compatible; Googlebot/2.1; +http://www.google.com/bot.html)" "www.royalagro.farm"
66.249.69.58 - - [12/Mar/2020:02:50:42 +0800] "GET /wp-content/plugins/seedprod-coming-soon-pro-5/template/css/animate.min.css HTTP/1.1" 200 3687 "http://www.royalagro.farm/" "Mozilla/5.0 (Linux; Android 6.0.1; Nexus 5X Build/MMB29P) AppleWebKit/537.36 (KHTML, like Gecko) Chrome/80.0.3987.92 Mobile Safari/537.36 (compatible; Googlebot/2.1; +http://www.google.com/bot.html)" "www.royalagro.farm"
66.249.69.60 - - [12/Mar/2020:02:50:43 +0800] "GET /wp-content/plugins/seedprod-coming-soon-pro-5/template/js/bootstrap.min.js HTTP/1.1" 200 10460 "http://www.royalagro.farm/" "Mozilla/5.0 (Linux; Android 6.0.1; Nexus 5X Build/MMB29P) AppleWebKit/537.36 (KHTML, like Gecko) Chrome/80.0.3987.92 Mobile Safari/537.36 (compatible; Googlebot/2.1; +http://www.google.com/bot.html)" "www.royalagro.farm"
66.249.69.58 - - [12/Mar/2020:02:50:43 +0800] "GET /wp-content/plugins/seedprod-coming-soon-pro-5/template/js/purl.min.js HTTP/1.1" 200 1697 "http://www.royalagro.farm/" "Mozilla/5.0 (Linux; Android 6.0.1; Nexus 5X Build/MMB29P) AppleWebKit/537.36 (KHTML, like Gecko) Chrome/80.0.3987.92 Mobile Safari/537.36 (compatible; Googlebot/2.1; +http://www.google.com/bot.html)" "www.royalagro.farm"
66.249.69.60 - - [12/Mar/2020:02:50:44 +0800] "GET /wp-content/plugins/seedprod-coming-soon-pro-5/template/css/bootstrap.min.css HTTP/1.1" 200 17916 "http://www.royalagro.farm/" "Mozilla/5.0 (Linux; Android 6.0.1; Nexus 5X Build/MMB29P) AppleWebKit/537.36 (KHTML, like Gecko) Chrome/80.0.3987.92 Mobile Safari/537.36 (compatible; Googlebot/2.1; +http://www.google.com/bot.html)" "www.royalagro.farm"
66.249.69.60 - - [12/Mar/2020:02:50:44 +0800] "GET /wp-includes/js/jquery/jquery.js HTTP/1.1" 200 32660 "http://www.royalagro.farm/" "Mozilla/5.0 (Linux; Android 6.0.1; Nexus 5X Build/MMB29P) AppleWebKit/537.36 (KHTML, like Gecko) Chrome/80.0.3987.92 Mobile Safari/537.36 (compatible; Googlebot/2.1; +http://www.google.com/bot.html)" "www.royalagro.farm"
66.249.69.60 - - [12/Mar/2020:02:50:45 +0800] "GET /wp-content/plugins/seedprod-coming-soon-pro-5/template/css/all.css HTTP/1.1" 200 11855 "http://www.royalagro.farm/" "Mozilla/5.0 (Linux; Android 6.0.1; Nexus 5X Build/MMB29P) AppleWebKit/537.36 (KHTML, like Gecko) Chrome/80.0.3987.92 Mobile Safari/537.36 (compatible; Googlebot/2.1; +http://www.google.com/bot.html)" "www.royalagro.farm"
66.249.69.58 - - [12/Mar/2020:02:50:45 +0800] "GET /wp-content/plugins/seedprod-coming-soon-pro-5/template/style.css HTTP/1.1" 200 9126 "http://www.royalagro.farm/" "Mozilla/5.0 (Linux; Android 6.0.1; Nexus 5X Build/MMB29P) AppleWebKit/537.36 (KHTML, like Gecko) Chrome/80.0.3987.92 Mobile Safari/537.36 (compatible; Googlebot/2.1; +http://www.google.com/bot.html)" "www.royalagro.farm"
66.249.69.58 - - [12/Mar/2020:02:50:46 +0800] "GET /wp-content/plugins/seedprod-coming-soon-pro-5/template/js/js.cookie.js HTTP/1.1" 200 1380 "http://www.royalagro.farm/" "Mozilla/5.0 (Linux; Android 6.0.1; Nexus 5X Build/MMB29P) AppleWebKit/537.36 (KHTML, like Gecko) Chrome/80.0.3987.92 Mobile Safari/537.36 (compatible; Googlebot/2.1; +http://www.google.com/bot.html)" "www.royalagro.farm"
66.249.69.60 - - [12/Mar/2020:02:50:46 +0800] "GET /wp-content/plugins/seedprod-coming-soon-pro-5/template/js/scripts.js HTTP/1.1" 200 6793 "http://www.royalagro.farm/" "Mozilla/5.0 (Linux; Android 6.0.1; Nexus 5X Build/MMB29P) AppleWebKit/537.36 (KHTML, like Gecko) Chrome/80.0.3987.92 Mobile Safari/537.36 (compatible; Googlebot/2.1; +http://www.google.com/bot.html)" "www.royalagro.farm"
209.17.97.10 - - [12/Mar/2020:02:58:32 +0800] "GET / HTTP/1.1" 301 3 "-" "Mozilla/5.0 (compatible; Nimbostratus-Bot/v1.3.2; http://cloudsystemnetworks.com)" "royalagro.farm"
35.198.204.88 - - [12/Mar/2020:03:25:37 +0800] "POST /index.php?swpnonce=1583954737.8485078811645507812500 HTTP/1.1" 200 23 "http://www.royalagro.farm/index.php?swpnonce=1583954737.8485078811645507812500" "SearchWP" "www.royalagro.farm"
35.198.204.88 - - [12/Mar/2020:03:25:37 +0800] "POST /wp-cron.php?doing_wp_cron=1583954737.3760399818420410156250 HTTP/1.1" 200 23 "http://www.royalagro.farm/wp-cron.php?doing_wp_cron=1583954737.3760399818420410156250" "WordPress/5.3.2; http://www.royalagro.farm" "www.royalagro.farm"
66.249.69.60 - - [12/Mar/2020:03:25:28 +0800] "GET /wp-admin/admin-ajax.php?action=seed_cspv5_subscribe_callback&_wpnonce=8da17b7ddd HTTP/1.1" 200 129 "-" "Mozilla/5.0 (Linux; Android 6.0.1; Nexus 5X Build/MMB29P) AppleWebKit/537.36 (KHTML, like Gecko) Chrome/41.0.2272.96 Mobile Safari/537.36 (compatible; Googlebot/2.1; +http://www.google.com/bot.html)" "www.royalagro.farm"
193.106.30.99 - - [12/Mar/2020:04:17:10 +0800] "GET /license.php HTTP/1.1" 200 4483 "-" "Mozilla/5.0 (Windows NT 10.0; Win64; x64; rv:67.0) Gecko/20100101 Firefox/67.0" "www.royalagro.farm"
35.198.204.88 - - [12/Mar/2020:04:17:14 +0800] "POST /index.php?swpnonce=1583957834.6914770603179931640625 HTTP/1.1" 200 23 "http://www.royalagro.farm/index.php?swpnonce=1583957834.6914770603179931640625" "SearchWP" "www.royalagro.farm"
188.163.104.142 - - [12/Mar/2020:05:03:09 +0800] "GET / HTTP/1.1" 301 23 "http://royalagro.farm" "Mozilla/5.0 (Windows NT 6.1; WOW64) AppleWebKit/537.36 (KHTML, like Gecko) Chrome/31.0.1650.57 Safari/537.36" "royalagro.farm"
188.163.104.142 - - [12/Mar/2020:05:03:12 +0800] "GET / HTTP/1.1" 200 4475 "http://royalagro.farm" "Mozilla/5.0 (Windows NT 6.1; WOW64) AppleWebKit/537.36 (KHTML, like Gecko) Chrome/31.0.1650.57 Safari/537.36" "www.royalagro.farm"
188.163.104.142 - - [12/Mar/2020:05:03:14 +0800] "GET /xmlrpc.php HTTP/1.1" 405 64 "http://royalagro.farm/xmlrpc.php" "Mozilla/5.0 (Windows NT 6.1; WOW64) AppleWebKit/537.36 (KHTML, like Gecko) Chrome/31.0.1650.57 Safari/537.36" "royalagro.farm"
35.198.204.88 - - [12/Mar/2020:05:03:17 +0800] "POST /wp-cron.php?doing_wp_cron=1583960597.2294800281524658203125 HTTP/1.1" 200 23 "http://www.royalagro.farm/wp-cron.php?doing_wp_cron=1583960597.2294800281524658203125" "WordPress/5.3.2; http://www.royalagro.farm" "www.royalagro.farm"
35.198.204.88 - - [12/Mar/2020:05:03:17 +0800] "POST /index.php?swpnonce=1583960597.6880800724029541015625 HTTP/1.1" 200 23 "http://www.royalagro.farm/index.php?swpnonce=1583960597.6880800724029541015625" "SearchWP" "www.royalagro.farm"
188.163.104.142 - - [12/Mar/2020:05:03:19 +0800] "POST /xmlrpc.php HTTP/1.1" 200 235 "http://royalagro.farm/xmlrpc.php" "Mozilla/5.0 (Windows NT 6.1; WOW64) AppleWebKit/537.36 (KHTML, like Gecko) Chrome/31.0.1650.57 Safari/537.36" "royalagro.farm"
188.163.104.142 - - [12/Mar/2020:05:03:21 +0800] "GET /wp-login.php HTTP/1.1" 200 2272 "http://royalagro.farm/wp-login.php" "Mozilla/5.0 (Windows NT 6.1; WOW64) AppleWebKit/537.36 (KHTML, like Gecko) Chrome/31.0.1650.57 Safari/537.36" "royalagro.farm"
188.163.104.142 - - [12/Mar/2020:05:03:22 +0800] "GET /?author=1 HTTP/1.1" 301 23 "http://royalagro.farm/?author=1" "Mozilla/5.0 (Windows NT 6.1; WOW64) AppleWebKit/537.36 (KHTML, like Gecko) Chrome/31.0.1650.57 Safari/537.36" "royalagro.farm"
188.163.104.142 - - [12/Mar/2020:05:03:23 +0800] "GET /archives/author/admin HTTP/1.1" 200 40432 "http://royalagro.farm/?author=1" "Mozilla/5.0 (Windows NT 6.1; WOW64) AppleWebKit/537.36 (KHTML, like Gecko) Chrome/31.0.1650.57 Safari/537.36" "www.royalagro.farm"
35.198.204.88 - - [12/Mar/2020:05:04:51 +0800] "POST /wp-cron.php?doing_wp_cron=1583960691.8730380535125732421875 HTTP/1.1" 200 23 "http://www.royalagro.farm/wp-cron.php?doing_wp_cron=1583960691.8730380535125732421875" "WordPress/5.3.2; http://www.royalagro.farm" "www.royalagro.farm"
18.136.230.37 - - [12/Mar/2020:05:04:50 +0800] "POST /wp-login.php HTTP/1.1" 200 2665 "-" "-" "royalagro.farm"
35.198.204.88 - - [12/Mar/2020:05:05:07 +0800] "POST /wp-cron.php?doing_wp_cron=1583960707.0665550231933593750000 HTTP/1.1" 200 23 "http://www.royalagro.farm/wp-cron.php?doing_wp_cron=1583960707.0665550231933593750000" "WordPress/5.3.2; http://www.royalagro.farm" "www.royalagro.farm"
18.136.230.37 - - [12/Mar/2020:05:05:05 +0800] "POST /wp-login.php HTTP/1.1" 200 2665 "-" "-" "royalagro.farm"
18.136.230.37 - - [12/Mar/2020:05:05:22 +0800] "POST /wp-login.php HTTP/1.1" 200 2665 "-" "-" "royalagro.farm"
35.198.204.88 - - [12/Mar/2020:05:05:39 +0800] "POST /wp-cron.php?doing_wp_cron=1583960739.8585209846496582031250 HTTP/1.1" 200 23 "http://www.royalagro.farm/wp-cron.php?doing_wp_cron=1583960739.8585209846496582031250" "WordPress/5.3.2; http://www.royalagro.farm" "www.royalagro.farm"
18.136.230.37 - - [12/Mar/2020:05:05:38 +0800] "POST /wp-login.php HTTP/1.1" 200 2665 "-" "-" "royalagro.farm"
35.198.204.88 - - [12/Mar/2020:05:05:54 +0800] "POST /wp-cron.php?doing_wp_cron=1583960754.3531749248504638671875 HTTP/1.1" 200 23 "http://www.royalagro.farm/wp-cron.php?doing_wp_cron=1583960754.3531749248504638671875" "WordPress/5.3.2; http://www.royalagro.farm" "www.royalagro.farm"
18.136.230.37 - - [12/Mar/2020:05:05:53 +0800] "POST /wp-login.php HTTP/1.1" 200 2665 "-" "-" "royalagro.farm"
35.198.204.88 - - [12/Mar/2020:05:06:10 +0800] "POST /wp-cron.php?doing_wp_cron=1583960770.7686800956726074218750 HTTP/1.1" 200 23 "http://www.royalagro.farm/wp-cron.php?doing_wp_cron=1583960770.7686800956726074218750" "WordPress/5.3.2; http://www.royalagro.farm" "www.royalagro.farm"
18.136.230.37 - - [12/Mar/2020:05:06:09 +0800] "POST /wp-login.php HTTP/1.1" 200 2665 "-" "-" "royalagro.farm"
35.198.204.88 - - [12/Mar/2020:05:06:26 +0800] "POST /wp-cron.php?doing_wp_cron=1583960786.9643330574035644531250 HTTP/1.1" 200 23 "http://www.royalagro.farm/wp-cron.php?doing_wp_cron=1583960786.9643330574035644531250" "WordPress/5.3.2; http://www.royalagro.farm" "www.royalagro.farm"
18.136.230.37 - - [12/Mar/2020:05:06:25 +0800] "POST /wp-login.php HTTP/1.1" 200 2665 "-" "-" "royalagro.farm"
35.198.204.88 - - [12/Mar/2020:05:06:43 +0800] "POST /wp-cron.php?doing_wp_cron=1583960803.5445010662078857421875 HTTP/1.1" 200 23 "http://www.royalagro.farm/wp-cron.php?doing_wp_cron=1583960803.5445010662078857421875" "WordPress/5.3.2; http://www.royalagro.farm" "www.royalagro.farm"
18.136.230.37 - - [12/Mar/2020:05:06:42 +0800] "POST /wp-login.php HTTP/1.1" 200 2665 "-" "-" "royalagro.farm"
35.198.204.88 - - [12/Mar/2020:05:06:58 +0800] "POST /wp-cron.php?doing_wp_cron=1583960818.8541018962860107421875 HTTP/1.1" 200 23 "http://www.royalagro.farm/wp-cron.php?doing_wp_cron=1583960818.8541018962860107421875" "WordPress/5.3.2; http://www.royalagro.farm" "www.royalagro.farm"
18.136.230.37 - - [12/Mar/2020:05:06:57 +0800] "POST /wp-login.php HTTP/1.1" 200 2665 "-" "-" "royalagro.farm"
35.198.204.88 - - [12/Mar/2020:05:07:14 +0800] "POST /wp-cron.php?doing_wp_cron=1583960834.3067269325256347656250 HTTP/1.1" 200 23 "http://www.royalagro.farm/wp-cron.php?doing_wp_cron=1583960834.3067269325256347656250" "WordPress/5.3.2; http://www.royalagro.farm" "www.royalagro.farm"
18.136.230.37 - - [12/Mar/2020:05:07:13 +0800] "POST /wp-login.php HTTP/1.1" 200 2665 "-" "-" "royalagro.farm"
35.198.204.88 - - [12/Mar/2020:05:07:30 +0800] "POST /wp-cron.php?doing_wp_cron=1583960850.7109210491180419921875 HTTP/1.1" 200 23 "http://www.royalagro.farm/wp-cron.php?doing_wp_cron=1583960850.7109210491180419921875" "WordPress/5.3.2; http://www.royalagro.farm" "www.royalagro.farm"
18.136.230.37 - - [12/Mar/2020:05:07:29 +0800] "POST /wp-login.php HTTP/1.1" 200 2665 "-" "-" "royalagro.farm"
35.198.204.88 - - [12/Mar/2020:05:07:46 +0800] "POST /wp-cron.php?doing_wp_cron=1583960866.8749051094055175781250 HTTP/1.1" 200 23 "http://www.royalagro.farm/wp-cron.php?doing_wp_cron=1583960866.8749051094055175781250" "WordPress/5.3.2; http://www.royalagro.farm" "www.royalagro.farm"
18.136.230.37 - - [12/Mar/2020:05:07:45 +0800] "POST /wp-login.php HTTP/1.1" 200 2665 "-" "-" "royalagro.farm"
35.198.204.88 - - [12/Mar/2020:05:08:03 +0800] "POST /wp-cron.php?doing_wp_cron=1583960883.1400520801544189453125 HTTP/1.1" 200 23 "http://www.royalagro.farm/wp-cron.php?doing_wp_cron=1583960883.1400520801544189453125" "WordPress/5.3.2; http://www.royalagro.farm" "www.royalagro.farm"
18.136.230.37 - - [12/Mar/2020:05:08:01 +0800] "POST /wp-login.php HTTP/1.1" 200 2665 "-" "-" "royalagro.farm"
18.136.230.37 - - [12/Mar/2020:05:08:17 +0800] "POST /wp-login.php HTTP/1.1" 200 2665 "-" "-" "royalagro.farm"
35.198.204.88 - - [12/Mar/2020:05:08:34 +0800] "POST /wp-cron.php?doing_wp_cron=1583960914.9210319519042968750000 HTTP/1.1" 200 23 "http://www.royalagro.farm/wp-cron.php?doing_wp_cron=1583960914.9210319519042968750000" "WordPress/5.3.2; http://www.royalagro.farm" "www.royalagro.farm"
18.136.230.37 - - [12/Mar/2020:05:08:33 +0800] "POST /wp-login.php HTTP/1.1" 200 2665 "-" "-" "royalagro.farm"
35.198.204.88 - - [12/Mar/2020:05:08:50 +0800] "POST /wp-cron.php?doing_wp_cron=1583960930.4267170429229736328125 HTTP/1.1" 200 23 "http://www.royalagro.farm/wp-cron.php?doing_wp_cron=1583960930.4267170429229736328125" "WordPress/5.3.2; http://www.royalagro.farm" "www.royalagro.farm"
18.136.230.37 - - [12/Mar/2020:05:08:49 +0800] "POST /wp-login.php HTTP/1.1" 200 2665 "-" "-" "royalagro.farm"
35.198.204.88 - - [12/Mar/2020:05:09:06 +0800] "POST /wp-cron.php?doing_wp_cron=1583960946.7832028865814208984375 HTTP/1.1" 200 23 "http://www.royalagro.farm/wp-cron.php?doing_wp_cron=1583960946.7832028865814208984375" "WordPress/5.3.2; http://www.royalagro.farm" "www.royalagro.farm"
18.136.230.37 - - [12/Mar/2020:05:09:05 +0800] "POST /wp-login.php HTTP/1.1" 200 2665 "-" "-" "royalagro.farm"
18.136.230.37 - - [12/Mar/2020:05:09:21 +0800] "POST /wp-login.php HTTP/1.1" 200 2665 "-" "-" "royalagro.farm"
35.198.204.88 - - [12/Mar/2020:05:09:23 +0800] "POST /wp-cron.php?doing_wp_cron=1583960963.0763258934020996093750 HTTP/1.1" 200 23 "http://www.royalagro.farm/wp-cron.php?doing_wp_cron=1583960963.0763258934020996093750" "WordPress/5.3.2; http://www.royalagro.farm" "www.royalagro.farm"
35.198.204.88 - - [12/Mar/2020:05:09:38 +0800] "POST /wp-cron.php?doing_wp_cron=1583960978.4588758945465087890625 HTTP/1.1" 200 23 "http://www.royalagro.farm/wp-cron.php?doing_wp_cron=1583960978.4588758945465087890625" "WordPress/5.3.2; http://www.royalagro.farm" "www.royalagro.farm"
18.136.230.37 - - [12/Mar/2020:05:09:37 +0800] "POST /wp-login.php HTTP/1.1" 200 2665 "-" "-" "royalagro.farm"
18.136.230.37 - - [12/Mar/2020:05:09:53 +0800] "POST /wp-login.php HTTP/1.1" 200 2665 "-" "-" "royalagro.farm"
35.198.204.88 - - [12/Mar/2020:05:09:54 +0800] "POST /wp-cron.php?doing_wp_cron=1583960994.8889720439910888671875 HTTP/1.1" 200 23 "http://www.royalagro.farm/wp-cron.php?doing_wp_cron=1583960994.8889720439910888671875" "WordPress/5.3.2; http://www.royalagro.farm" "www.royalagro.farm"
35.198.204.88 - - [12/Mar/2020:05:10:10 +0800] "POST /wp-cron.php?doing_wp_cron=1583961010.4677391052246093750000 HTTP/1.1" 200 23 "http://www.royalagro.farm/wp-cron.php?doing_wp_cron=1583961010.4677391052246093750000" "WordPress/5.3.2; http://www.royalagro.farm" "www.royalagro.farm"
18.136.230.37 - - [12/Mar/2020:05:10:09 +0800] "POST /wp-login.php HTTP/1.1" 200 2665 "-" "-" "royalagro.farm"
35.198.204.88 - - [12/Mar/2020:05:10:26 +0800] "POST /wp-cron.php?doing_wp_cron=1583961026.7333950996398925781250 HTTP/1.1" 200 23 "http://www.royalagro.farm/wp-cron.php?doing_wp_cron=1583961026.7333950996398925781250" "WordPress/5.3.2; http://www.royalagro.farm" "www.royalagro.farm"
18.136.230.37 - - [12/Mar/2020:05:10:25 +0800] "POST /wp-login.php HTTP/1.1" 200 2665 "-" "-" "royalagro.farm"
35.198.204.88 - - [12/Mar/2020:05:10:42 +0800] "POST /wp-cron.php?doing_wp_cron=1583961042.6314110755920410156250 HTTP/1.1" 200 23 "http://www.royalagro.farm/wp-cron.php?doing_wp_cron=1583961042.6314110755920410156250" "WordPress/5.3.2; http://www.royalagro.farm" "www.royalagro.farm"
18.136.230.37 - - [12/Mar/2020:05:10:41 +0800] "POST /wp-login.php HTTP/1.1" 200 2665 "-" "-" "royalagro.farm"
35.198.204.88 - - [12/Mar/2020:05:10:58 +0800] "POST /wp-cron.php?doing_wp_cron=1583961058.6036400794982910156250 HTTP/1.1" 200 23 "http://www.royalagro.farm/wp-cron.php?doing_wp_cron=1583961058.6036400794982910156250" "WordPress/5.3.2; http://www.royalagro.farm" "www.royalagro.farm"
18.136.230.37 - - [12/Mar/2020:05:10:57 +0800] "POST /wp-login.php HTTP/1.1" 200 2665 "-" "-" "royalagro.farm"
35.198.204.88 - - [12/Mar/2020:05:11:14 +0800] "POST /wp-cron.php?doing_wp_cron=1583961075.0129890441894531250000 HTTP/1.1" 200 23 "http://www.royalagro.farm/wp-cron.php?doing_wp_cron=1583961075.0129890441894531250000" "WordPress/5.3.2; http://www.royalagro.farm" "www.royalagro.farm"
18.136.230.37 - - [12/Mar/2020:05:11:13 +0800] "POST /wp-login.php HTTP/1.1" 200 2665 "-" "-" "royalagro.farm"
18.136.230.37 - - [12/Mar/2020:05:11:29 +0800] "POST /wp-login.php HTTP/1.1" 200 2665 "-" "-" "royalagro.farm"
35.198.204.88 - - [12/Mar/2020:05:11:30 +0800] "POST /wp-cron.php?doing_wp_cron=1583961090.3356161117553710937500 HTTP/1.1" 200 23 "http://www.royalagro.farm/wp-cron.php?doing_wp_cron=1583961090.3356161117553710937500" "WordPress/5.3.2; http://www.royalagro.farm" "www.royalagro.farm"
35.198.204.88 - - [12/Mar/2020:05:11:46 +0800] "POST /wp-cron.php?doing_wp_cron=1583961106.7714838981628417968750 HTTP/1.1" 200 23 "http://www.royalagro.farm/wp-cron.php?doing_wp_cron=1583961106.7714838981628417968750" "WordPress/5.3.2; http://www.royalagro.farm" "www.royalagro.farm"
18.136.230.37 - - [12/Mar/2020:05:11:45 +0800] "POST /wp-login.php HTTP/1.1" 200 2665 "-" "-" "royalagro.farm"
18.136.230.37 - - [12/Mar/2020:05:12:01 +0800] "POST /wp-login.php HTTP/1.1" 200 2665 "-" "-" "royalagro.farm"
35.198.204.88 - - [12/Mar/2020:05:12:02 +0800] "POST /wp-cron.php?doing_wp_cron=1583961122.6071519851684570312500 HTTP/1.1" 200 23 "http://www.royalagro.farm/wp-cron.php?doing_wp_cron=1583961122.6071519851684570312500" "WordPress/5.3.2; http://www.royalagro.farm" "www.royalagro.farm"
18.136.230.37 - - [12/Mar/2020:05:12:17 +0800] "POST /wp-login.php HTTP/1.1" 200 2665 "-" "-" "royalagro.farm"
35.198.204.88 - - [12/Mar/2020:05:12:34 +0800] "POST /wp-cron.php?doing_wp_cron=1583961154.7451670169830322265625 HTTP/1.1" 200 23 "http://www.royalagro.farm/wp-cron.php?doing_wp_cron=1583961154.7451670169830322265625" "WordPress/5.3.2; http://www.royalagro.farm" "www.royalagro.farm"
18.136.230.37 - - [12/Mar/2020:05:12:33 +0800] "POST /wp-login.php HTTP/1.1" 200 2665 "-" "-" "royalagro.farm"
18.136.230.37 - - [12/Mar/2020:05:12:49 +0800] "POST /wp-login.php HTTP/1.1" 200 2665 "-" "-" "royalagro.farm"
35.198.204.88 - - [12/Mar/2020:05:12:50 +0800] "POST /wp-cron.php?doing_wp_cron=1583961170.4289278984069824218750 HTTP/1.1" 200 23 "http://www.royalagro.farm/wp-cron.php?doing_wp_cron=1583961170.4289278984069824218750" "WordPress/5.3.2; http://www.royalagro.farm" "www.royalagro.farm"
18.136.230.37 - - [12/Mar/2020:05:13:05 +0800] "POST /wp-login.php HTTP/1.1" 200 2665 "-" "-" "royalagro.farm"
35.198.204.88 - - [12/Mar/2020:05:13:06 +0800] "POST /wp-cron.php?doing_wp_cron=1583961186.6388649940490722656250 HTTP/1.1" 200 23 "http://www.royalagro.farm/wp-cron.php?doing_wp_cron=1583961186.6388649940490722656250" "WordPress/5.3.2; http://www.royalagro.farm" "www.royalagro.farm"
109.184.251.230 - - [12/Mar/2020:06:14:17 +0800] "POST /xmlrpc.php HTTP/1.1" 200 406 "-" "-" "www.royalagro.farm"
35.198.204.88 - - [12/Mar/2020:06:14:20 +0800] "POST /index.php?swpnonce=1583964860.5927560329437255859375 HTTP/1.1" 200 23 "http://www.royalagro.farm/index.php?swpnonce=1583964860.5927560329437255859375" "SearchWP" "www.royalagro.farm"
35.198.204.88 - - [12/Mar/2020:06:14:20 +0800] "POST /wp-cron.php?doing_wp_cron=1583964860.1481790542602539062500 HTTP/1.1" 200 23 "http://www.royalagro.farm/wp-cron.php?doing_wp_cron=1583964860.1481790542602539062500" "WordPress/5.3.2; http://www.royalagro.farm" "www.royalagro.farm"
35.198.204.88 - - [12/Mar/2020:06:59:29 +0800] "POST /wp-cron.php?doing_wp_cron=1583967569.0220160484313964843750 HTTP/1.1" 200 23 "http://www.royalagro.farm/wp-cron.php?doing_wp_cron=1583967569.0220160484313964843750" "WordPress/5.3.2; http://www.royalagro.farm" "www.royalagro.farm"
193.106.30.99 - - [12/Mar/2020:06:59:22 +0800] "POST /index.php HTTP/1.1" 200 4483 "-" "Mozilla/5.0 (Windows NT 10.0; Win64; x64) AppleWebKit/537.36 (KHTML, like Gecko) Chrome/74.0.3729.157 Safari/537.36" "www.royalagro.farm"
35.198.204.88 - - [12/Mar/2020:07:05:32 +0800] "POST /wp-cron.php?doing_wp_cron=1583967932.3961000442504882812500 HTTP/1.1" 200 23 "http://www.royalagro.farm/wp-cron.php?doing_wp_cron=1583967932.3961000442504882812500" "WordPress/5.3.2; http://www.royalagro.farm" "www.royalagro.farm"
188.163.104.142 - - [12/Mar/2020:07:05:30 +0800] "POST /wp-login.php HTTP/1.1" 200 2415 "http://royalagro.farm/wp-login.php" "Mozilla/5.0 (Windows NT 10.0; WOW64) AppleWebKit/537.36 (KHTML, like Gecko) Chrome/53.0.2785.143 Safari/537.36" "royalagro.farm"
35.198.204.88 - - [12/Mar/2020:07:05:56 +0800] "POST /wp-cron.php?doing_wp_cron=1583967956.4210789203643798828125 HTTP/1.1" 200 23 "http://www.royalagro.farm/wp-cron.php?doing_wp_cron=1583967956.4210789203643798828125" "WordPress/5.3.2; http://www.royalagro.farm" "www.royalagro.farm"
188.163.104.142 - - [12/Mar/2020:07:05:55 +0800] "POST /wp-login.php HTTP/1.1" 200 2415 "http://royalagro.farm/wp-login.php" "Mozilla/5.0 (Windows NT 10.0; WOW64) AppleWebKit/537.36 (KHTML, like Gecko) Chrome/53.0.2785.143 Safari/537.36" "royalagro.farm"
35.198.204.88 - - [12/Mar/2020:07:09:03 +0800] "POST /wp-cron.php?doing_wp_cron=1583968143.3721179962158203125000 HTTP/1.1" 200 23 "http://www.royalagro.farm/wp-cron.php?doing_wp_cron=1583968143.3721179962158203125000" "WordPress/5.3.2; http://www.royalagro.farm" "www.royalagro.farm"
188.163.104.142 - - [12/Mar/2020:07:09:02 +0800] "POST /wp-login.php HTTP/1.1" 200 2415 "http://royalagro.farm/wp-login.php" "Mozilla/5.0 (Windows NT 10.0; WOW64) AppleWebKit/537.36 (KHTML, like Gecko) Chrome/53.0.2785.143 Safari/537.36" "royalagro.farm"
35.198.204.88 - - [12/Mar/2020:07:09:14 +0800] "POST /wp-cron.php?doing_wp_cron=1583968154.3295879364013671875000 HTTP/1.1" 200 23 "http://www.royalagro.farm/wp-cron.php?doing_wp_cron=1583968154.3295879364013671875000" "WordPress/5.3.2; http://www.royalagro.farm" "www.royalagro.farm"
188.163.104.142 - - [12/Mar/2020:07:09:13 +0800] "POST /wp-login.php HTTP/1.1" 200 2415 "http://royalagro.farm/wp-login.php" "Mozilla/5.0 (Windows NT 10.0; WOW64) AppleWebKit/537.36 (KHTML, like Gecko) Chrome/53.0.2785.143 Safari/537.36" "royalagro.farm"
35.198.204.88 - - [12/Mar/2020:07:12:32 +0800] "POST /wp-cron.php?doing_wp_cron=1583968352.8165369033813476562500 HTTP/1.1" 200 23 "http://www.royalagro.farm/wp-cron.php?doing_wp_cron=1583968352.8165369033813476562500" "WordPress/5.3.2; http://www.royalagro.farm" "www.royalagro.farm"
188.163.104.142 - - [12/Mar/2020:07:12:31 +0800] "POST /wp-login.php HTTP/1.1" 200 2415 "http://royalagro.farm/wp-login.php" "Mozilla/5.0 (Windows NT 10.0; WOW64) AppleWebKit/537.36 (KHTML, like Gecko) Chrome/53.0.2785.143 Safari/537.36" "royalagro.farm"
35.198.204.88 - - [12/Mar/2020:07:12:39 +0800] "POST /wp-cron.php?doing_wp_cron=1583968359.0874419212341308593750 HTTP/1.1" 200 23 "http://www.royalagro.farm/wp-cron.php?doing_wp_cron=1583968359.0874419212341308593750" "WordPress/5.3.2; http://www.royalagro.farm" "www.royalagro.farm"
188.163.104.142 - - [12/Mar/2020:07:12:37 +0800] "POST /wp-login.php HTTP/1.1" 200 2415 "http://royalagro.farm/wp-login.php" "Mozilla/5.0 (Windows NT 10.0; WOW64) AppleWebKit/537.36 (KHTML, like Gecko) Chrome/53.0.2785.143 Safari/537.36" "royalagro.farm"
213.204.11.48 - - [12/Mar/2020:07:17:18 +0800] "GET / HTTP/1.1" 301 23 "-" "Go-http-client/1.1" "royalagro.farm"
213.204.11.48 - - [12/Mar/2020:07:17:20 +0800] "GET / HTTP/1.1" 200 4475 "http://royalagro.farm" "Go-http-client/1.1" "www.royalagro.farm"
35.198.204.88 - - [12/Mar/2020:07:17:25 +0800] "POST /wp-cron.php?doing_wp_cron=1583968645.4077138900756835937500 HTTP/1.1" 200 23 "http://www.royalagro.farm/wp-cron.php?doing_wp_cron=1583968645.4077138900756835937500" "WordPress/5.3.2; http://www.royalagro.farm" "www.royalagro.farm"
213.204.11.48 - - [12/Mar/2020:07:17:24 +0800] "GET /wp-content/plugins/brizy/admin/site-settings.php HTTP/1.1" 404 162283 "-" "Mozilla/5.0 (Windows NT 10.0; Win64; x64) AppleWebKit/537.36 (KHTML, like Gecko) Chrome/79.0.3945.59 Safari/537.36" "www.royalagro.farm"
35.198.204.88 - - [12/Mar/2020:07:17:30 +0800] "POST /wp-cron.php?doing_wp_cron=1583968650.7136270999908447265625 HTTP/1.1" 200 23 "http://www.royalagro.farm/wp-cron.php?doing_wp_cron=1583968650.7136270999908447265625" "WordPress/5.3.2; http://www.royalagro.farm" "www.royalagro.farm"
213.204.11.48 - - [12/Mar/2020:07:17:29 +0800] "GET /wp-content/plugins/trx_addons/css/font-icons/css/trx_addons_icons-embedded.css HTTP/1.1" 200 16628 "-" "Mozilla/5.0 (Windows NT 10.0; Win64; x64) AppleWebKit/537.36 (KHTML, like Gecko) Chrome/79.0.3945.59 Safari/537.36" "www.royalagro.farm"
35.198.204.88 - - [12/Mar/2020:07:17:35 +0800] "POST /wp-cron.php?doing_wp_cron=1583968655.6781749725341796875000 HTTP/1.1" 200 23 "http://www.royalagro.farm/wp-cron.php?doing_wp_cron=1583968655.6781749725341796875000" "WordPress/5.3.2; http://www.royalagro.farm" "www.royalagro.farm"
213.204.11.48 - - [12/Mar/2020:07:17:33 +0800] "GET /wp-admin/admin-post.php?page=wsal-setup HTTP/1.1" 302 3 "-" "Mozilla/5.0 (Windows NT 10.0; Win64; x64) AppleWebKit/537.36 (KHTML, like Gecko) Chrome/79.0.3945.59 Safari/537.36" "www.royalagro.farm"
35.198.204.88 - - [12/Mar/2020:07:17:39 +0800] "POST /wp-cron.php?doing_wp_cron=1583968659.6078031063079833984375 HTTP/1.1" 200 23 "http://www.royalagro.farm/wp-cron.php?doing_wp_cron=1583968659.6078031063079833984375" "WordPress/5.3.2; http://www.royalagro.farm" "www.royalagro.farm"
213.204.11.48 - - [12/Mar/2020:07:17:38 +0800] "GET / HTTP/1.1" 200 16550 "http://www.royalagro.farm/wp-admin/admin-post.php?page=wsal-setup" "Mozilla/5.0 (Windows NT 10.0; Win64; x64) AppleWebKit/537.36 (KHTML, like Gecko) Chrome/79.0.3945.59 Safari/537.36" "www.royalagro.farm"
35.198.204.88 - - [12/Mar/2020:07:17:43 +0800] "POST /wp-cron.php?doing_wp_cron=1583968663.9933700561523437500000 HTTP/1.1" 200 23 "http://www.royalagro.farm/wp-cron.php?doing_wp_cron=1583968663.9933700561523437500000" "WordPress/5.3.2; http://www.royalagro.farm" "www.royalagro.farm"
213.204.11.48 - - [12/Mar/2020:07:17:42 +0800] "GET / HTTP/1.1" 200 16550 "-" "Mozilla/5.0 (Windows NT 6.1; WOW64) AppleWebKit/537.36 (KHTML, like Gecko) Chrome/36.0.1985.143 Safari/537.36" "www.royalagro.farm"
