220.255.118.14 - - [09/Mar/2020:09:48:30 +0800] "GET / HTTP/1.1" 200 4475 "-" "Mozilla/5.0 (Windows NT 10.0; Win64; x64) AppleWebKit/537.36 (KHTML, like Gecko) Chrome/80.0.3987.132 Safari/537.36" "www.royalagro.farm"
220.255.118.14 - - [09/Mar/2020:09:48:37 +0800] "GET /wp-content/plugins/seedprod-coming-soon-pro-5/template/css/all.css HTTP/1.1" 304 - "http://www.royalagro.farm/" "Mozilla/5.0 (Windows NT 10.0; Win64; x64) AppleWebKit/537.36 (KHTML, like Gecko) Chrome/80.0.3987.132 Safari/537.36" "www.royalagro.farm"
220.255.118.14 - - [09/Mar/2020:09:48:37 +0800] "GET /wp-content/plugins/seedprod-coming-soon-pro-5/template/css/bootstrap.min.css HTTP/1.1" 304 - "http://www.royalagro.farm/" "Mozilla/5.0 (Windows NT 10.0; Win64; x64) AppleWebKit/537.36 (KHTML, like Gecko) Chrome/80.0.3987.132 Safari/537.36" "www.royalagro.farm"
220.255.118.14 - - [09/Mar/2020:09:48:37 +0800] "GET /wp-content/plugins/seedprod-coming-soon-pro-5/template/js/purl.min.js HTTP/1.1" 304 - "http://www.royalagro.farm/" "Mozilla/5.0 (Windows NT 10.0; Win64; x64) AppleWebKit/537.36 (KHTML, like Gecko) Chrome/80.0.3987.132 Safari/537.36" "www.royalagro.farm"
220.255.118.14 - - [09/Mar/2020:09:48:37 +0800] "GET /wp-content/plugins/seedprod-coming-soon-pro-5/template/js/js.cookie.js HTTP/1.1" 304 - "http://www.royalagro.farm/" "Mozilla/5.0 (Windows NT 10.0; Win64; x64) AppleWebKit/537.36 (KHTML, like Gecko) Chrome/80.0.3987.132 Safari/537.36" "www.royalagro.farm"
220.255.118.14 - - [09/Mar/2020:09:48:37 +0800] "GET /wp-content/plugins/seedprod-coming-soon-pro-5/template/js/scripts.js HTTP/1.1" 304 - "http://www.royalagro.farm/" "Mozilla/5.0 (Windows NT 10.0; Win64; x64) AppleWebKit/537.36 (KHTML, like Gecko) Chrome/80.0.3987.132 Safari/537.36" "www.royalagro.farm"
220.255.118.14 - - [09/Mar/2020:09:48:37 +0800] "GET /wp-content/plugins/seedprod-coming-soon-pro-5/template/style.css HTTP/1.1" 304 - "http://www.royalagro.farm/" "Mozilla/5.0 (Windows NT 10.0; Win64; x64) AppleWebKit/537.36 (KHTML, like Gecko) Chrome/80.0.3987.132 Safari/537.36" "www.royalagro.farm"
220.255.118.14 - - [09/Mar/2020:09:48:37 +0800] "GET /wp-content/plugins/seedprod-coming-soon-pro-5/template/css/animate.min.css HTTP/1.1" 304 - "http://www.royalagro.farm/" "Mozilla/5.0 (Windows NT 10.0; Win64; x64) AppleWebKit/537.36 (KHTML, like Gecko) Chrome/80.0.3987.132 Safari/537.36" "www.royalagro.farm"
220.255.118.14 - - [09/Mar/2020:09:48:37 +0800] "GET /wp-includes/js/jquery/jquery.js HTTP/1.1" 304 - "http://www.royalagro.farm/" "Mozilla/5.0 (Windows NT 10.0; Win64; x64) AppleWebKit/537.36 (KHTML, like Gecko) Chrome/80.0.3987.132 Safari/537.36" "www.royalagro.farm"
220.255.118.14 - - [09/Mar/2020:09:48:37 +0800] "GET /wp-content/plugins/seedprod-coming-soon-pro-5/template/js/modernizr-custom.js HTTP/1.1" 304 - "http://www.royalagro.farm/" "Mozilla/5.0 (Windows NT 10.0; Win64; x64) AppleWebKit/537.36 (KHTML, like Gecko) Chrome/80.0.3987.132 Safari/537.36" "www.royalagro.farm"
220.255.118.14 - - [09/Mar/2020:09:48:37 +0800] "GET /wp-content/plugins/seedprod-coming-soon-pro-5/template/js/bootstrap.min.js HTTP/1.1" 304 - "http://www.royalagro.farm/" "Mozilla/5.0 (Windows NT 10.0; Win64; x64) AppleWebKit/537.36 (KHTML, like Gecko) Chrome/80.0.3987.132 Safari/537.36" "www.royalagro.farm"
220.255.118.14 - - [09/Mar/2020:09:48:37 +0800] "GET /wp-content/plugins/seedprod-coming-soon-pro-5/template/js/jquery.fitvids.min.js HTTP/1.1" 304 - "http://www.royalagro.farm/" "Mozilla/5.0 (Windows NT 10.0; Win64; x64) AppleWebKit/537.36 (KHTML, like Gecko) Chrome/80.0.3987.132 Safari/537.36" "www.royalagro.farm"
35.198.204.88 - - [09/Mar/2020:09:48:36 +0800] "POST /index.php?swpnonce=1583718516.4063489437103271484375 HTTP/1.1" 200 23 "http://www.royalagro.farm/index.php?swpnonce=1583718516.4063489437103271484375" "SearchWP" "www.royalagro.farm"
35.198.204.88 - - [09/Mar/2020:09:48:35 +0800] "POST /wp-cron.php?doing_wp_cron=1583718515.8727409839630126953125 HTTP/1.1" 200 23 "http://www.royalagro.farm/wp-cron.php?doing_wp_cron=1583718515.8727409839630126953125" "WordPress/5.3.2; http://www.royalagro.farm" "www.royalagro.farm"
69.160.160.126 - - [09/Mar/2020:14:22:59 +0800] "GET /robots.txt HTTP/1.1" 200 4483 "http://www.royalagro.farm/robots.txt" "Mozilla/5.0 (Macintosh; Intel Mac OS X 10_12_1) AppleWebKit/537.36 (KHTML, like Gecko) Chrome/58.0.3029.110 Safari/537.36" "www.royalagro.farm"
69.160.160.126 - - [09/Mar/2020:14:23:07 +0800] "GET / HTTP/1.1" 200 4475 "-" "Mozilla" "www.royalagro.farm"
69.160.160.126 - - [09/Mar/2020:14:23:07 +0800] "GET / HTTP/1.1" 200 4475 "http://www.royalagro.farm" "Mozilla/5.0 (Macintosh; Intel Mac OS X 10_12_1) AppleWebKit/537.36 (KHTML, like Gecko) Chrome/58.0.3029.110 Safari/537.36" "www.royalagro.farm"
35.198.204.88 - - [09/Mar/2020:14:23:08 +0800] "POST /index.php?swpnonce=1583734988.6459910869598388671875 HTTP/1.1" 200 23 "http://www.royalagro.farm/index.php?swpnonce=1583734988.6459910869598388671875" "SearchWP" "www.royalagro.farm"
35.198.204.88 - - [09/Mar/2020:14:23:05 +0800] "POST /wp-cron.php?doing_wp_cron=1583734985.9207499027252197265625 HTTP/1.1" 200 23 "http://www.royalagro.farm/wp-cron.php?doing_wp_cron=1583734985.9207499027252197265625" "WordPress/5.3.2; http://www.royalagro.farm" "www.royalagro.farm"
54.201.187.51 - - [09/Mar/2020:17:50:53 +0800] "GET / HTTP/1.1" 301 23 "-" "Go-http-client/1.1" "royalagro.farm"
35.198.204.88 - - [09/Mar/2020:17:50:57 +0800] "POST /index.php?swpnonce=1583747457.6895089149475097656250 HTTP/1.1" 200 23 "http://www.royalagro.farm/index.php?swpnonce=1583747457.6895089149475097656250" "SearchWP" "www.royalagro.farm"
139.99.8.31 - - [09/Mar/2020:18:36:36 +0800] "GET /1/license.txt HTTP/1.1" 301 23 "-" "Mozilla/5.0 (X11; Ubuntu; Linux x86_64; rv:62.0) Gecko/20100101 Firefox/62.0" "royalagro.farm"
139.99.8.31 - - [09/Mar/2020:18:36:41 +0800] "GET /1/license.txt HTTP/1.1" 200 4483 "http://royalagro.farm/1/license.txt" "Mozilla/5.0 (X11; Ubuntu; Linux x86_64; rv:62.0) Gecko/20100101 Firefox/62.0" "www.royalagro.farm"
35.198.204.88 - - [09/Mar/2020:18:36:40 +0800] "POST /wp-cron.php?doing_wp_cron=1583750200.0082170963287353515625 HTTP/1.1" 200 23 "http://www.royalagro.farm/wp-cron.php?doing_wp_cron=1583750200.0082170963287353515625" "WordPress/5.3.2; http://www.royalagro.farm" "www.royalagro.farm"
35.198.204.88 - - [09/Mar/2020:18:36:41 +0800] "POST /index.php?swpnonce=1583750202.0227670669555664062500 HTTP/1.1" 200 23 "http://www.royalagro.farm/index.php?swpnonce=1583750202.0227670669555664062500" "SearchWP" "www.royalagro.farm"
66.249.79.34 - - [09/Mar/2020:22:27:19 +0800] "GET /robots.txt HTTP/1.1" 200 4483 "-" "Mozilla/5.0 (compatible; Googlebot/2.1; +http://www.google.com/bot.html)" "www.royalagro.farm"
66.249.79.59 - - [09/Mar/2020:22:27:19 +0800] "GET /project_tag-sitemap.xml HTTP/1.1" 200 550 "-" "Mozilla/5.0 (compatible; Googlebot/2.1; +http://www.google.com/bot.html)" "www.royalagro.farm"
35.198.204.88 - - [09/Mar/2020:22:27:23 +0800] "POST /index.php?swpnonce=1583764043.6468319892883300781250 HTTP/1.1" 200 23 "http://www.royalagro.farm/index.php?swpnonce=1583764043.6468319892883300781250" "SearchWP" "www.royalagro.farm"
35.198.204.88 - - [09/Mar/2020:22:27:23 +0800] "POST /wp-cron.php?doing_wp_cron=1583764043.2406570911407470703125 HTTP/1.1" 200 23 "http://www.royalagro.farm/wp-cron.php?doing_wp_cron=1583764043.2406570911407470703125" "WordPress/5.3.2; http://www.royalagro.farm" "www.royalagro.farm"
66.249.79.59 - - [09/Mar/2020:22:46:40 +0800] "GET /gt3_gallery-sitemap.xml HTTP/1.1" 200 314 "-" "Mozilla/5.0 (compatible; Googlebot/2.1; +http://www.google.com/bot.html)" "www.royalagro.farm"
35.198.204.88 - - [09/Mar/2020:22:46:43 +0800] "POST /wp-cron.php?doing_wp_cron=1583765203.8340940475463867187500 HTTP/1.1" 200 23 "http://www.royalagro.farm/wp-cron.php?doing_wp_cron=1583765203.8340940475463867187500" "WordPress/5.3.2; http://www.royalagro.farm" "www.royalagro.farm"
35.198.204.88 - - [09/Mar/2020:22:46:44 +0800] "POST /index.php?swpnonce=1583765204.4982850551605224609375 HTTP/1.1" 200 23 "http://www.royalagro.farm/index.php?swpnonce=1583765204.4982850551605224609375" "SearchWP" "www.royalagro.farm"
207.46.13.190 - - [10/Mar/2020:01:17:44 +0800] "GET /docs-sitemap.xml HTTP/1.1" 200 341 "-" "msnbot/2.0b (+http://search.msn.com/msnbot.htm)" "www.royalagro.farm"
35.198.204.88 - - [10/Mar/2020:01:17:50 +0800] "POST /index.php?swpnonce=1583774270.7748959064483642578125 HTTP/1.1" 200 23 "http://www.royalagro.farm/index.php?swpnonce=1583774270.7748959064483642578125" "SearchWP" "www.royalagro.farm"
35.198.204.88 - - [10/Mar/2020:01:17:48 +0800] "POST /wp-cron.php?doing_wp_cron=1583774268.4696800708770751953125 HTTP/1.1" 200 23 "http://www.royalagro.farm/wp-cron.php?doing_wp_cron=1583774268.4696800708770751953125" "WordPress/5.3.2; http://www.royalagro.farm" "www.royalagro.farm"
78.85.255.39 - - [10/Mar/2020:01:39:07 +0800] "GET /installer.php HTTP/1.1" 301 23 "-" "Mozilla/5.0 (Windows; U; Windows NT 5.1; en-US; rv:1.9.1.6) Gecko/20091201 Firefox/3.5.6 (.NET CLR 2.0.50727; .NET CLR 3.0.4506.2152; .NET CLR 3.5.30729)" "royalagro.farm"
35.198.204.88 - - [10/Mar/2020:01:39:08 +0800] "POST /wp-cron.php?doing_wp_cron=1583775548.9666149616241455078125 HTTP/1.1" 200 23 "http://www.royalagro.farm/wp-cron.php?doing_wp_cron=1583775548.9666149616241455078125" "WordPress/5.3.2; http://www.royalagro.farm" "www.royalagro.farm"
78.85.255.39 - - [10/Mar/2020:01:39:11 +0800] "GET /installer.php HTTP/1.1" 200 4485 "-" "Mozilla/5.0 (Windows; U; Windows NT 5.1; en-US; rv:1.9.1.6) Gecko/20091201 Firefox/3.5.6 (.NET CLR 2.0.50727; .NET CLR 3.0.4506.2152; .NET CLR 3.5.30729)" "www.royalagro.farm"
92.53.96.184 - - [10/Mar/2020:02:52:51 +0800] "GET /wp-login.php HTTP/1.1" 200 2272 "-" "Mozilla/5.0 (X11; Ubuntu; Linux x86_64; rv:62.0) Gecko/20100101 Firefox/62.0" "royalagro.farm"
35.198.204.88 - - [10/Mar/2020:02:52:55 +0800] "POST /index.php?swpnonce=1583779975.4633369445800781250000 HTTP/1.1" 200 23 "http://www.royalagro.farm/index.php?swpnonce=1583779975.4633369445800781250000" "SearchWP" "www.royalagro.farm"
92.53.96.184 - - [10/Mar/2020:02:52:56 +0800] "POST /wp-login.php HTTP/1.1" 200 2666 "-" "Mozilla/5.0 (X11; Ubuntu; Linux x86_64; rv:62.0) Gecko/20100101 Firefox/62.0" "royalagro.farm"
92.53.96.184 - - [10/Mar/2020:02:52:58 +0800] "POST /xmlrpc.php HTTP/1.1" 200 233 "-" "Mozilla/5.0 (X11; Ubuntu; Linux x86_64; rv:62.0) Gecko/20100101 Firefox/62.0" "royalagro.farm"
35.198.204.88 - - [10/Mar/2020:02:52:54 +0800] "POST /wp-cron.php?doing_wp_cron=1583779975.0533459186553955078125 HTTP/1.1" 200 23 "http://www.royalagro.farm/wp-cron.php?doing_wp_cron=1583779975.0533459186553955078125" "WordPress/5.3.2; http://www.royalagro.farm" "www.royalagro.farm"
192.241.186.89 - - [10/Mar/2020:03:07:26 +0800] "GET /wp-login.php HTTP/1.1" 200 2272 "-" "Mozilla/5.0 (X11; Ubuntu; Linux x86_64; rv:62.0) Gecko/20100101 Firefox/62.0" "royalagro.farm"
35.198.204.88 - - [10/Mar/2020:03:07:31 +0800] "POST /wp-cron.php?doing_wp_cron=1583780851.0096199512481689453125 HTTP/1.1" 200 23 "http://www.royalagro.farm/wp-cron.php?doing_wp_cron=1583780851.0096199512481689453125" "WordPress/5.3.2; http://www.royalagro.farm" "www.royalagro.farm"
192.241.186.89 - - [10/Mar/2020:03:07:27 +0800] "POST /wp-login.php HTTP/1.1" 200 2666 "-" "Mozilla/5.0 (X11; Ubuntu; Linux x86_64; rv:62.0) Gecko/20100101 Firefox/62.0" "royalagro.farm"
192.241.186.89 - - [10/Mar/2020:03:07:31 +0800] "POST /xmlrpc.php HTTP/1.1" 200 233 "-" "Mozilla/5.0 (X11; Ubuntu; Linux x86_64; rv:62.0) Gecko/20100101 Firefox/62.0" "royalagro.farm"
35.227.17.251 - - [10/Mar/2020:03:29:31 +0800] "GET /wp-login.php HTTP/1.1" 200 2272 "-" "Mozilla/5.0 (X11; Ubuntu; Linux x86_64; rv:62.0) Gecko/20100101 Firefox/62.0" "royalagro.farm"
35.227.17.251 - - [10/Mar/2020:03:29:32 +0800] "POST /wp-login.php HTTP/1.1" 200 2666 "-" "Mozilla/5.0 (X11; Ubuntu; Linux x86_64; rv:62.0) Gecko/20100101 Firefox/62.0" "royalagro.farm"
35.227.17.251 - - [10/Mar/2020:03:29:37 +0800] "POST /xmlrpc.php HTTP/1.1" 200 233 "-" "Mozilla/5.0 (X11; Ubuntu; Linux x86_64; rv:62.0) Gecko/20100101 Firefox/62.0" "royalagro.farm"
35.198.204.88 - - [10/Mar/2020:03:29:35 +0800] "POST /wp-cron.php?doing_wp_cron=1583782175.9655780792236328125000 HTTP/1.1" 200 23 "http://www.royalagro.farm/wp-cron.php?doing_wp_cron=1583782175.9655780792236328125000" "WordPress/5.3.2; http://www.royalagro.farm" "www.royalagro.farm"
35.198.204.88 - - [10/Mar/2020:03:29:37 +0800] "POST /index.php?swpnonce=1583782177.6539440155029296875000 HTTP/1.1" 200 23 "http://www.royalagro.farm/index.php?swpnonce=1583782177.6539440155029296875000" "SearchWP" "www.royalagro.farm"
157.245.251.22 - - [10/Mar/2020:03:51:58 +0800] "GET /wp-login.php HTTP/1.1" 200 2272 "-" "Mozilla/5.0 (X11; Ubuntu; Linux x86_64; rv:62.0) Gecko/20100101 Firefox/62.0" "royalagro.farm"
157.245.251.22 - - [10/Mar/2020:03:51:58 +0800] "POST /wp-login.php HTTP/1.1" 200 2666 "-" "Mozilla/5.0 (X11; Ubuntu; Linux x86_64; rv:62.0) Gecko/20100101 Firefox/62.0" "royalagro.farm"
35.198.204.88 - - [10/Mar/2020:03:52:02 +0800] "POST /wp-cron.php?doing_wp_cron=1583783522.4351251125335693359375 HTTP/1.1" 200 23 "http://www.royalagro.farm/wp-cron.php?doing_wp_cron=1583783522.4351251125335693359375" "WordPress/5.3.2; http://www.royalagro.farm" "www.royalagro.farm"
35.198.204.88 - - [10/Mar/2020:03:52:02 +0800] "POST /index.php?swpnonce=1583783522.7757830619812011718750 HTTP/1.1" 200 23 "http://www.royalagro.farm/index.php?swpnonce=1583783522.7757830619812011718750" "SearchWP" "www.royalagro.farm"
157.245.251.22 - - [10/Mar/2020:03:52:04 +0800] "POST /xmlrpc.php HTTP/1.1" 200 233 "-" "Mozilla/5.0 (X11; Ubuntu; Linux x86_64; rv:62.0) Gecko/20100101 Firefox/62.0" "royalagro.farm"
178.128.31.167 - - [10/Mar/2020:04:36:08 +0800] "GET /wp-login.php HTTP/1.1" 200 2272 "-" "Mozilla/5.0 (X11; Ubuntu; Linux x86_64; rv:62.0) Gecko/20100101 Firefox/62.0" "royalagro.farm"
178.128.31.167 - - [10/Mar/2020:04:36:08 +0800] "POST /wp-login.php HTTP/1.1" 200 2666 "-" "Mozilla/5.0 (X11; Ubuntu; Linux x86_64; rv:62.0) Gecko/20100101 Firefox/62.0" "royalagro.farm"
178.128.31.167 - - [10/Mar/2020:04:36:14 +0800] "POST /xmlrpc.php HTTP/1.1" 200 233 "-" "Mozilla/5.0 (X11; Ubuntu; Linux x86_64; rv:62.0) Gecko/20100101 Firefox/62.0" "royalagro.farm"
35.198.204.88 - - [10/Mar/2020:04:37:02 +0800] "POST /index.php?swpnonce=1583786222.3408229351043701171875 HTTP/1.1" 200 23 "http://www.royalagro.farm/index.php?swpnonce=1583786222.3408229351043701171875" "SearchWP" "www.royalagro.farm"
40.77.167.76 - - [10/Mar/2020:04:56:51 +0800] "GET /post-sitemap.xml HTTP/1.1" 200 896 "-" "msnbot/2.0b (+http://search.msn.com/msnbot.htm)" "www.royalagro.farm"
35.198.204.88 - - [10/Mar/2020:04:56:54 +0800] "POST /wp-cron.php?doing_wp_cron=1583787414.5672819614410400390625 HTTP/1.1" 200 23 "http://www.royalagro.farm/wp-cron.php?doing_wp_cron=1583787414.5672819614410400390625" "WordPress/5.3.2; http://www.royalagro.farm" "www.royalagro.farm"
35.198.204.88 - - [10/Mar/2020:04:56:54 +0800] "POST /index.php?swpnonce=1583787414.9703390598297119140625 HTTP/1.1" 200 23 "http://www.royalagro.farm/index.php?swpnonce=1583787414.9703390598297119140625" "SearchWP" "www.royalagro.farm"
159.89.161.72 - - [10/Mar/2020:04:57:59 +0800] "GET /wp-login.php HTTP/1.1" 200 2272 "-" "Mozilla/5.0 (X11; Ubuntu; Linux x86_64; rv:62.0) Gecko/20100101 Firefox/62.0" "royalagro.farm"
35.198.204.88 - - [10/Mar/2020:04:58:05 +0800] "POST /wp-cron.php?doing_wp_cron=1583787485.6853609085083007812500 HTTP/1.1" 200 23 "http://www.royalagro.farm/wp-cron.php?doing_wp_cron=1583787485.6853609085083007812500" "WordPress/5.3.2; http://www.royalagro.farm" "www.royalagro.farm"
159.89.161.72 - - [10/Mar/2020:04:58:04 +0800] "POST /wp-login.php HTTP/1.1" 200 2666 "-" "Mozilla/5.0 (X11; Ubuntu; Linux x86_64; rv:62.0) Gecko/20100101 Firefox/62.0" "royalagro.farm"
159.89.161.72 - - [10/Mar/2020:04:58:11 +0800] "POST /xmlrpc.php HTTP/1.1" 200 233 "-" "Mozilla/5.0 (X11; Ubuntu; Linux x86_64; rv:62.0) Gecko/20100101 Firefox/62.0" "royalagro.farm"
34.68.165.103 - - [10/Mar/2020:05:20:03 +0800] "GET /wp-login.php HTTP/1.1" 200 2272 "-" "Mozilla/5.0 (X11; Ubuntu; Linux x86_64; rv:62.0) Gecko/20100101 Firefox/62.0" "royalagro.farm"
34.68.165.103 - - [10/Mar/2020:05:20:03 +0800] "POST /wp-login.php HTTP/1.1" 200 2666 "-" "Mozilla/5.0 (X11; Ubuntu; Linux x86_64; rv:62.0) Gecko/20100101 Firefox/62.0" "royalagro.farm"
34.68.165.103 - - [10/Mar/2020:05:20:08 +0800] "POST /xmlrpc.php HTTP/1.1" 200 233 "-" "Mozilla/5.0 (X11; Ubuntu; Linux x86_64; rv:62.0) Gecko/20100101 Firefox/62.0" "royalagro.farm"
35.198.204.88 - - [10/Mar/2020:05:20:07 +0800] "POST /wp-cron.php?doing_wp_cron=1583788807.0918509960174560546875 HTTP/1.1" 200 23 "http://www.royalagro.farm/wp-cron.php?doing_wp_cron=1583788807.0918509960174560546875" "WordPress/5.3.2; http://www.royalagro.farm" "www.royalagro.farm"
35.198.204.88 - - [10/Mar/2020:05:20:08 +0800] "POST /index.php?swpnonce=1583788808.7530779838562011718750 HTTP/1.1" 200 23 "http://www.royalagro.farm/index.php?swpnonce=1583788808.7530779838562011718750" "SearchWP" "www.royalagro.farm"
45.252.250.106 - - [10/Mar/2020:05:42:04 +0800] "GET /wp-login.php HTTP/1.1" 200 2272 "-" "Mozilla/5.0 (X11; Ubuntu; Linux x86_64; rv:62.0) Gecko/20100101 Firefox/62.0" "royalagro.farm"
35.198.204.88 - - [10/Mar/2020:05:42:07 +0800] "POST /wp-cron.php?doing_wp_cron=1583790127.7135529518127441406250 HTTP/1.1" 200 23 "http://www.royalagro.farm/wp-cron.php?doing_wp_cron=1583790127.7135529518127441406250" "WordPress/5.3.2; http://www.royalagro.farm" "www.royalagro.farm"
45.252.250.106 - - [10/Mar/2020:05:42:04 +0800] "POST /wp-login.php HTTP/1.1" 200 2666 "-" "Mozilla/5.0 (X11; Ubuntu; Linux x86_64; rv:62.0) Gecko/20100101 Firefox/62.0" "royalagro.farm"
45.252.250.106 - - [10/Mar/2020:05:42:08 +0800] "POST /xmlrpc.php HTTP/1.1" 200 233 "-" "Mozilla/5.0 (X11; Ubuntu; Linux x86_64; rv:62.0) Gecko/20100101 Firefox/62.0" "royalagro.farm"
66.249.79.34 - - [10/Mar/2020:05:58:43 +0800] "GET /robots.txt HTTP/1.1" 200 4483 "-" "Mozilla/5.0 (compatible; Googlebot/2.1; +http://www.google.com/bot.html)" "www.royalagro.farm"
35.198.204.88 - - [10/Mar/2020:05:58:46 +0800] "POST /wp-cron.php?doing_wp_cron=1583791126.9258339405059814453125 HTTP/1.1" 200 23 "http://www.royalagro.farm/wp-cron.php?doing_wp_cron=1583791126.9258339405059814453125" "WordPress/5.3.2; http://www.royalagro.farm" "www.royalagro.farm"
35.198.204.88 - - [10/Mar/2020:05:58:47 +0800] "POST /index.php?swpnonce=1583791127.3339159488677978515625 HTTP/1.1" 200 23 "http://www.royalagro.farm/index.php?swpnonce=1583791127.3339159488677978515625" "SearchWP" "www.royalagro.farm"
66.249.79.62 - - [10/Mar/2020:05:58:43 +0800] "GET /tcb_symbol-sitemap.xml HTTP/1.1" 200 314 "-" "Mozilla/5.0 (compatible; Googlebot/2.1; +http://www.google.com/bot.html)" "www.royalagro.farm"
35.154.95.46 - - [10/Mar/2020:06:03:52 +0800] "GET /wp-login.php HTTP/1.1" 200 2272 "-" "Mozilla/5.0 (X11; Ubuntu; Linux x86_64; rv:62.0) Gecko/20100101 Firefox/62.0" "royalagro.farm"
35.198.204.88 - - [10/Mar/2020:06:03:54 +0800] "POST /wp-cron.php?doing_wp_cron=1583791434.0498039722442626953125 HTTP/1.1" 200 23 "http://www.royalagro.farm/wp-cron.php?doing_wp_cron=1583791434.0498039722442626953125" "WordPress/5.3.2; http://www.royalagro.farm" "www.royalagro.farm"
35.154.95.46 - - [10/Mar/2020:06:03:54 +0800] "POST /xmlrpc.php HTTP/1.1" 200 233 "-" "Mozilla/5.0 (X11; Ubuntu; Linux x86_64; rv:62.0) Gecko/20100101 Firefox/62.0" "royalagro.farm"
35.154.95.46 - - [10/Mar/2020:06:03:52 +0800] "POST /wp-login.php HTTP/1.1" 200 2666 "-" "Mozilla/5.0 (X11; Ubuntu; Linux x86_64; rv:62.0) Gecko/20100101 Firefox/62.0" "royalagro.farm"
46.101.93.15 - - [10/Mar/2020:06:25:15 +0800] "GET /wp-login.php HTTP/1.1" 200 2272 "-" "Mozilla/5.0 (X11; Ubuntu; Linux x86_64; rv:62.0) Gecko/20100101 Firefox/62.0" "royalagro.farm"
46.101.93.15 - - [10/Mar/2020:06:25:16 +0800] "POST /wp-login.php HTTP/1.1" 200 2666 "-" "Mozilla/5.0 (X11; Ubuntu; Linux x86_64; rv:62.0) Gecko/20100101 Firefox/62.0" "royalagro.farm"
46.101.93.15 - - [10/Mar/2020:06:25:21 +0800] "POST /xmlrpc.php HTTP/1.1" 200 233 "-" "Mozilla/5.0 (X11; Ubuntu; Linux x86_64; rv:62.0) Gecko/20100101 Firefox/62.0" "royalagro.farm"
35.198.204.88 - - [10/Mar/2020:06:25:19 +0800] "POST /wp-cron.php?doing_wp_cron=1583792719.5765309333801269531250 HTTP/1.1" 200 23 "http://www.royalagro.farm/wp-cron.php?doing_wp_cron=1583792719.5765309333801269531250" "WordPress/5.3.2; http://www.royalagro.farm" "www.royalagro.farm"
35.198.204.88 - - [10/Mar/2020:06:25:21 +0800] "POST /index.php?swpnonce=1583792721.7080020904541015625000 HTTP/1.1" 200 23 "http://www.royalagro.farm/index.php?swpnonce=1583792721.7080020904541015625000" "SearchWP" "www.royalagro.farm"
35.198.204.88 - - [10/Mar/2020:06:40:42 +0800] "POST /wp-cron.php?doing_wp_cron=1583793642.6273519992828369140625 HTTP/1.1" 200 23 "http://www.royalagro.farm/wp-cron.php?doing_wp_cron=1583793642.6273519992828369140625" "WordPress/5.3.2; http://www.royalagro.farm" "www.royalagro.farm"
47.98.153.149 - - [10/Mar/2020:06:40:38 +0800] "GET /dev/license.txt HTTP/1.1" 301 23 "-" "Mozilla/5.0 (X11; Ubuntu; Linux x86_64; rv:62.0) Gecko/20100101 Firefox/62.0" "royalagro.farm"
47.98.153.149 - - [10/Mar/2020:06:40:43 +0800] "GET /dev/license.txt HTTP/1.1" 200 4485 "http://royalagro.farm/dev/license.txt" "Mozilla/5.0 (X11; Ubuntu; Linux x86_64; rv:62.0) Gecko/20100101 Firefox/62.0" "www.royalagro.farm"
110.164.131.109 - - [10/Mar/2020:06:48:30 +0800] "GET /wp-login.php HTTP/1.1" 200 2272 "-" "Mozilla/5.0 (X11; Ubuntu; Linux x86_64; rv:62.0) Gecko/20100101 Firefox/62.0" "royalagro.farm"
110.164.131.109 - - [10/Mar/2020:06:48:30 +0800] "POST /wp-login.php HTTP/1.1" 200 2666 "-" "Mozilla/5.0 (X11; Ubuntu; Linux x86_64; rv:62.0) Gecko/20100101 Firefox/62.0" "royalagro.farm"
35.198.204.88 - - [10/Mar/2020:06:48:32 +0800] "POST /wp-cron.php?doing_wp_cron=1583794112.0335609912872314453125 HTTP/1.1" 200 23 "http://www.royalagro.farm/wp-cron.php?doing_wp_cron=1583794112.0335609912872314453125" "WordPress/5.3.2; http://www.royalagro.farm" "www.royalagro.farm"
35.198.204.88 - - [10/Mar/2020:06:48:32 +0800] "POST /index.php?swpnonce=1583794112.4269690513610839843750 HTTP/1.1" 200 23 "http://www.royalagro.farm/index.php?swpnonce=1583794112.4269690513610839843750" "SearchWP" "www.royalagro.farm"
110.164.131.109 - - [10/Mar/2020:06:48:33 +0800] "POST /xmlrpc.php HTTP/1.1" 200 233 "-" "Mozilla/5.0 (X11; Ubuntu; Linux x86_64; rv:62.0) Gecko/20100101 Firefox/62.0" "royalagro.farm"
142.93.111.178 - - [10/Mar/2020:07:11:28 +0800] "GET /wp-login.php HTTP/1.1" 200 2272 "-" "Mozilla/5.0 (X11; Ubuntu; Linux x86_64; rv:62.0) Gecko/20100101 Firefox/62.0" "royalagro.farm"
142.93.111.178 - - [10/Mar/2020:07:11:29 +0800] "POST /wp-login.php HTTP/1.1" 200 2666 "-" "Mozilla/5.0 (X11; Ubuntu; Linux x86_64; rv:62.0) Gecko/20100101 Firefox/62.0" "royalagro.farm"
35.198.204.88 - - [10/Mar/2020:07:11:32 +0800] "POST /wp-cron.php?doing_wp_cron=1583795492.2711908817291259765625 HTTP/1.1" 200 23 "http://www.royalagro.farm/wp-cron.php?doing_wp_cron=1583795492.2711908817291259765625" "WordPress/5.3.2; http://www.royalagro.farm" "www.royalagro.farm"
142.93.111.178 - - [10/Mar/2020:07:11:33 +0800] "POST /xmlrpc.php HTTP/1.1" 200 233 "-" "Mozilla/5.0 (X11; Ubuntu; Linux x86_64; rv:62.0) Gecko/20100101 Firefox/62.0" "royalagro.farm"
162.243.110.205 - - [10/Mar/2020:07:34:23 +0800] "GET /wp-login.php HTTP/1.1" 200 2272 "-" "Mozilla/5.0 (X11; Ubuntu; Linux x86_64; rv:62.0) Gecko/20100101 Firefox/62.0" "royalagro.farm"
162.243.110.205 - - [10/Mar/2020:07:34:24 +0800] "POST /wp-login.php HTTP/1.1" 200 2666 "-" "Mozilla/5.0 (X11; Ubuntu; Linux x86_64; rv:62.0) Gecko/20100101 Firefox/62.0" "royalagro.farm"
162.243.110.205 - - [10/Mar/2020:07:34:29 +0800] "POST /xmlrpc.php HTTP/1.1" 200 233 "-" "Mozilla/5.0 (X11; Ubuntu; Linux x86_64; rv:62.0) Gecko/20100101 Firefox/62.0" "royalagro.farm"
35.198.204.88 - - [10/Mar/2020:07:34:27 +0800] "POST /wp-cron.php?doing_wp_cron=1583796867.7753930091857910156250 HTTP/1.1" 200 23 "http://www.royalagro.farm/wp-cron.php?doing_wp_cron=1583796867.7753930091857910156250" "WordPress/5.3.2; http://www.royalagro.farm" "www.royalagro.farm"
35.198.204.88 - - [10/Mar/2020:07:34:28 +0800] "POST /index.php?swpnonce=1583796868.1737880706787109375000 HTTP/1.1" 200 23 "http://www.royalagro.farm/index.php?swpnonce=1583796868.1737880706787109375000" "SearchWP" "www.royalagro.farm"
185.234.217.32 - - [10/Mar/2020:07:56:31 +0800] "GET /.git/config HTTP/1.1" 301 23 "-" "Mozilla/5.0 (Windows NT 6.3; Win64; x64; rv:66.0) Gecko/20100101 Firefox/66.0" "royalagro.farm"
35.198.204.88 - - [10/Mar/2020:07:56:34 +0800] "POST /wp-cron.php?doing_wp_cron=1583798194.6442120075225830078125 HTTP/1.1" 200 23 "http://www.royalagro.farm/wp-cron.php?doing_wp_cron=1583798194.6442120075225830078125" "WordPress/5.3.2; http://www.royalagro.farm" "www.royalagro.farm"
35.198.204.88 - - [10/Mar/2020:07:56:35 +0800] "POST /index.php?swpnonce=1583798195.3006689548492431640625 HTTP/1.1" 200 23 "http://www.royalagro.farm/index.php?swpnonce=1583798195.3006689548492431640625" "SearchWP" "www.royalagro.farm"
104.248.25.225 - - [10/Mar/2020:08:19:07 +0800] "GET /wp-login.php HTTP/1.1" 200 2272 "-" "Mozilla/5.0 (X11; Ubuntu; Linux x86_64; rv:62.0) Gecko/20100101 Firefox/62.0" "royalagro.farm"
104.248.25.225 - - [10/Mar/2020:08:19:13 +0800] "POST /wp-login.php HTTP/1.1" 200 2669 "-" "Mozilla/5.0 (X11; Ubuntu; Linux x86_64; rv:62.0) Gecko/20100101 Firefox/62.0" "royalagro.farm"
35.198.204.88 - - [10/Mar/2020:08:19:16 +0800] "POST /wp-cron.php?doing_wp_cron=1583799557.0712459087371826171875 HTTP/1.1" 200 23 "http://www.royalagro.farm/wp-cron.php?doing_wp_cron=1583799557.0712459087371826171875" "WordPress/5.3.2; http://www.royalagro.farm" "www.royalagro.farm"
35.198.204.88 - - [10/Mar/2020:08:19:19 +0800] "POST /index.php?swpnonce=1583799559.2578570842742919921875 HTTP/1.1" 200 23 "http://www.royalagro.farm/index.php?swpnonce=1583799559.2578570842742919921875" "SearchWP" "www.royalagro.farm"
104.248.25.225 - - [10/Mar/2020:08:19:23 +0800] "POST /xmlrpc.php HTTP/1.1" 200 233 "-" "Mozilla/5.0 (X11; Ubuntu; Linux x86_64; rv:62.0) Gecko/20100101 Firefox/62.0" "royalagro.farm"
101.133.221.179 - - [10/Mar/2020:09:03:13 +0800] "GET /wp-login.php HTTP/1.1" 200 2272 "-" "Mozilla/5.0 (X11; Ubuntu; Linux x86_64; rv:62.0) Gecko/20100101 Firefox/62.0" "royalagro.farm"
101.133.221.179 - - [10/Mar/2020:09:03:13 +0800] "POST /wp-login.php HTTP/1.1" 200 2669 "-" "Mozilla/5.0 (X11; Ubuntu; Linux x86_64; rv:62.0) Gecko/20100101 Firefox/62.0" "royalagro.farm"
35.198.204.88 - - [10/Mar/2020:09:03:18 +0800] "POST /wp-cron.php?doing_wp_cron=1583802198.4426651000976562500000 HTTP/1.1" 200 23 "http://www.royalagro.farm/wp-cron.php?doing_wp_cron=1583802198.4426651000976562500000" "WordPress/5.3.2; http://www.royalagro.farm" "www.royalagro.farm"
101.133.221.179 - - [10/Mar/2020:09:03:19 +0800] "POST /xmlrpc.php HTTP/1.1" 200 233 "-" "Mozilla/5.0 (X11; Ubuntu; Linux x86_64; rv:62.0) Gecko/20100101 Firefox/62.0" "royalagro.farm"
35.198.204.88 - - [10/Mar/2020:09:03:18 +0800] "POST /index.php?swpnonce=1583802198.9069459438323974609375 HTTP/1.1" 200 23 "http://www.royalagro.farm/index.php?swpnonce=1583802198.9069459438323974609375" "SearchWP" "www.royalagro.farm"
66.249.79.59 - - [10/Mar/2020:09:06:49 +0800] "GET /robots.txt HTTP/1.1" 200 4483 "-" "Mozilla/5.0 (compatible; Googlebot/2.1; +http://www.google.com/bot.html)" "www.royalagro.farm"
35.198.204.88 - - [10/Mar/2020:09:06:50 +0800] "POST /wp-cron.php?doing_wp_cron=1583802410.6631491184234619140625 HTTP/1.1" 200 23 "http://www.royalagro.farm/wp-cron.php?doing_wp_cron=1583802410.6631491184234619140625" "WordPress/5.3.2; http://www.royalagro.farm" "www.royalagro.farm"
66.249.79.34 - - [10/Mar/2020:09:06:49 +0800] "GET /product_cat-sitemap.xml HTTP/1.1" 200 416 "-" "Mozilla/5.0 (compatible; Googlebot/2.1; +http://www.google.com/bot.html)" "www.royalagro.farm"
5.188.62.25 - - [10/Mar/2020:09:14:17 +0800] "POST /xmlrpc.php HTTP/1.1" 200 214 "-" "Mozilla/5.0 (Windows NT 6.0) AppleWebKit/537.36 (KHTML, like Gecko) Chrome/41.0.2225.0 Safari/537.36" "www.royalagro.farm"
35.198.204.88 - - [10/Mar/2020:09:14:20 +0800] "POST /wp-cron.php?doing_wp_cron=1583802860.4328479766845703125000 HTTP/1.1" 200 23 "http://www.royalagro.farm/wp-cron.php?doing_wp_cron=1583802860.4328479766845703125000" "WordPress/5.3.2; http://www.royalagro.farm" "www.royalagro.farm"
103.127.30.241 - - [10/Mar/2020:09:25:55 +0800] "GET /wp-login.php HTTP/1.1" 200 2272 "-" "Mozilla/5.0 (X11; Ubuntu; Linux x86_64; rv:62.0) Gecko/20100101 Firefox/62.0" "royalagro.farm"
103.127.30.241 - - [10/Mar/2020:09:25:56 +0800] "POST /wp-login.php HTTP/1.1" 200 2669 "-" "Mozilla/5.0 (X11; Ubuntu; Linux x86_64; rv:62.0) Gecko/20100101 Firefox/62.0" "royalagro.farm"
35.198.204.88 - - [10/Mar/2020:09:25:59 +0800] "POST /wp-cron.php?doing_wp_cron=1583803559.8910429477691650390625 HTTP/1.1" 200 23 "http://www.royalagro.farm/wp-cron.php?doing_wp_cron=1583803559.8910429477691650390625" "WordPress/5.3.2; http://www.royalagro.farm" "www.royalagro.farm"
35.198.204.88 - - [10/Mar/2020:09:26:00 +0800] "POST /index.php?swpnonce=1583803560.3578369617462158203125 HTTP/1.1" 200 23 "http://www.royalagro.farm/index.php?swpnonce=1583803560.3578369617462158203125" "SearchWP" "www.royalagro.farm"
103.127.30.241 - - [10/Mar/2020:09:26:01 +0800] "POST /xmlrpc.php HTTP/1.1" 200 233 "-" "Mozilla/5.0 (X11; Ubuntu; Linux x86_64; rv:62.0) Gecko/20100101 Firefox/62.0" "royalagro.farm"
35.198.204.88 - - [10/Mar/2020:09:33:33 +0800] "POST /wp-cron.php?doing_wp_cron=1583804013.5748589038848876953125 HTTP/1.1" 200 23 "http://www.royalagro.farm/wp-cron.php?doing_wp_cron=1583804013.5748589038848876953125" "WordPress/5.3.2; http://www.royalagro.farm" "www.royalagro.farm"
5.188.62.25 - - [10/Mar/2020:09:33:30 +0800] "POST /xmlrpc.php HTTP/1.1" 200 214 "-" "Mozilla/5.0 (Windows NT 5.1) AppleWebKit/537.36 (KHTML, like Gecko) Chrome/41.0.2224.3 Safari/537.36" "www.royalagro.farm"
5.188.62.25 - - [10/Mar/2020:09:33:35 +0800] "POST /xmlrpc.php HTTP/1.1" 200 214 "-" "Mozilla/5.0 (Windows NT 6.0) AppleWebKit/537.36 (KHTML, like Gecko) Chrome/41.0.2227.1 Safari/537.36" "www.royalagro.farm"
45.64.156.212 - - [10/Mar/2020:09:48:47 +0800] "GET /wp-login.php HTTP/1.1" 200 2272 "-" "Mozilla/5.0 (X11; Ubuntu; Linux x86_64; rv:62.0) Gecko/20100101 Firefox/62.0" "royalagro.farm"
45.64.156.212 - - [10/Mar/2020:09:48:47 +0800] "POST /wp-login.php HTTP/1.1" 200 2669 "-" "Mozilla/5.0 (X11; Ubuntu; Linux x86_64; rv:62.0) Gecko/20100101 Firefox/62.0" "royalagro.farm"
45.64.156.212 - - [10/Mar/2020:09:48:52 +0800] "POST /xmlrpc.php HTTP/1.1" 200 233 "-" "Mozilla/5.0 (X11; Ubuntu; Linux x86_64; rv:62.0) Gecko/20100101 Firefox/62.0" "royalagro.farm"
35.198.204.88 - - [10/Mar/2020:09:48:50 +0800] "POST /wp-cron.php?doing_wp_cron=1583804930.7460119724273681640625 HTTP/1.1" 200 23 "http://www.royalagro.farm/wp-cron.php?doing_wp_cron=1583804930.7460119724273681640625" "WordPress/5.3.2; http://www.royalagro.farm" "www.royalagro.farm"
35.198.204.88 - - [10/Mar/2020:09:48:51 +0800] "POST /index.php?swpnonce=1583804931.1610848903656005859375 HTTP/1.1" 200 23 "http://www.royalagro.farm/index.php?swpnonce=1583804931.1610848903656005859375" "SearchWP" "www.royalagro.farm"
116.203.85.67 - - [10/Mar/2020:10:10:58 +0800] "GET /wp-login.php HTTP/1.1" 200 2272 "-" "Mozilla/5.0 (X11; Ubuntu; Linux x86_64; rv:62.0) Gecko/20100101 Firefox/62.0" "royalagro.farm"
116.203.85.67 - - [10/Mar/2020:10:10:59 +0800] "POST /wp-login.php HTTP/1.1" 200 2669 "-" "Mozilla/5.0 (X11; Ubuntu; Linux x86_64; rv:62.0) Gecko/20100101 Firefox/62.0" "royalagro.farm"
116.203.85.67 - - [10/Mar/2020:10:11:04 +0800] "POST /xmlrpc.php HTTP/1.1" 200 233 "-" "Mozilla/5.0 (X11; Ubuntu; Linux x86_64; rv:62.0) Gecko/20100101 Firefox/62.0" "royalagro.farm"
35.198.204.88 - - [10/Mar/2020:10:11:02 +0800] "POST /wp-cron.php?doing_wp_cron=1583806262.8211040496826171875000 HTTP/1.1" 200 23 "http://www.royalagro.farm/wp-cron.php?doing_wp_cron=1583806262.8211040496826171875000" "WordPress/5.3.2; http://www.royalagro.farm" "www.royalagro.farm"
5.188.62.25 - - [10/Mar/2020:10:31:47 +0800] "POST /xmlrpc.php HTTP/1.1" 200 214 "-" "Mozilla/5.0 (Windows NT 6.0) AppleWebKit/537.36 (KHTML, like Gecko) Chrome/41.0.2224.3 Safari/537.36" "www.royalagro.farm"
35.198.204.88 - - [10/Mar/2020:10:31:49 +0800] "POST /wp-cron.php?doing_wp_cron=1583807509.9972889423370361328125 HTTP/1.1" 200 23 "http://www.royalagro.farm/wp-cron.php?doing_wp_cron=1583807509.9972889423370361328125" "WordPress/5.3.2; http://www.royalagro.farm" "www.royalagro.farm"
35.198.204.88 - - [10/Mar/2020:10:31:50 +0800] "POST /index.php?swpnonce=1583807510.3882610797882080078125 HTTP/1.1" 200 23 "http://www.royalagro.farm/index.php?swpnonce=1583807510.3882610797882080078125" "SearchWP" "www.royalagro.farm"
188.166.212.166 - - [10/Mar/2020:10:33:37 +0800] "GET /wp-login.php HTTP/1.1" 200 2272 "-" "Mozilla/5.0 (X11; Ubuntu; Linux x86_64; rv:62.0) Gecko/20100101 Firefox/62.0" "royalagro.farm"
188.166.212.166 - - [10/Mar/2020:10:33:37 +0800] "POST /wp-login.php HTTP/1.1" 200 2669 "-" "Mozilla/5.0 (X11; Ubuntu; Linux x86_64; rv:62.0) Gecko/20100101 Firefox/62.0" "royalagro.farm"
35.198.204.88 - - [10/Mar/2020:10:33:38 +0800] "POST /wp-cron.php?doing_wp_cron=1583807618.4895598888397216796875 HTTP/1.1" 200 23 "http://www.royalagro.farm/wp-cron.php?doing_wp_cron=1583807618.4895598888397216796875" "WordPress/5.3.2; http://www.royalagro.farm" "www.royalagro.farm"
35.198.204.88 - - [10/Mar/2020:10:33:39 +0800] "POST /wp-cron.php?doing_wp_cron=1583807619.0883169174194335937500 HTTP/1.1" 200 23 "http://www.royalagro.farm/wp-cron.php?doing_wp_cron=1583807619.0883169174194335937500" "WordPress/5.3.2; http://www.royalagro.farm" "www.royalagro.farm"
188.166.212.166 - - [10/Mar/2020:10:33:38 +0800] "POST /xmlrpc.php HTTP/1.1" 200 233 "-" "Mozilla/5.0 (X11; Ubuntu; Linux x86_64; rv:62.0) Gecko/20100101 Firefox/62.0" "royalagro.farm"
206.189.231.206 - - [10/Mar/2020:10:57:20 +0800] "GET /wp-login.php HTTP/1.1" 200 2272 "-" "Mozilla/5.0 (X11; Ubuntu; Linux x86_64; rv:62.0) Gecko/20100101 Firefox/62.0" "royalagro.farm"
206.189.231.206 - - [10/Mar/2020:10:57:26 +0800] "POST /wp-login.php HTTP/1.1" 200 2669 "-" "Mozilla/5.0 (X11; Ubuntu; Linux x86_64; rv:62.0) Gecko/20100101 Firefox/62.0" "royalagro.farm"
35.198.204.88 - - [10/Mar/2020:10:57:29 +0800] "POST /wp-cron.php?doing_wp_cron=1583809049.9603240489959716796875 HTTP/1.1" 200 23 "http://www.royalagro.farm/wp-cron.php?doing_wp_cron=1583809049.9603240489959716796875" "WordPress/5.3.2; http://www.royalagro.farm" "www.royalagro.farm"
35.198.204.88 - - [10/Mar/2020:10:57:30 +0800] "POST /index.php?swpnonce=1583809050.3688728809356689453125 HTTP/1.1" 200 23 "http://www.royalagro.farm/index.php?swpnonce=1583809050.3688728809356689453125" "SearchWP" "www.royalagro.farm"
206.189.231.206 - - [10/Mar/2020:10:57:36 +0800] "POST /xmlrpc.php HTTP/1.1" 200 233 "-" "Mozilla/5.0 (X11; Ubuntu; Linux x86_64; rv:62.0) Gecko/20100101 Firefox/62.0" "royalagro.farm"
5.188.62.25 - - [10/Mar/2020:11:11:47 +0800] "POST /xmlrpc.php HTTP/1.1" 200 214 "-" "Mozilla/5.0 (Windows NT 6.2) AppleWebKit/537.36 (KHTML, like Gecko) Chrome/41.0.2228.0 Safari/537.36" "www.royalagro.farm"
35.198.204.88 - - [10/Mar/2020:11:11:50 +0800] "POST /wp-cron.php?doing_wp_cron=1583809910.1979179382324218750000 HTTP/1.1" 200 23 "http://www.royalagro.farm/wp-cron.php?doing_wp_cron=1583809910.1979179382324218750000" "WordPress/5.3.2; http://www.royalagro.farm" "www.royalagro.farm"
5.188.62.25 - - [10/Mar/2020:11:11:53 +0800] "POST /xmlrpc.php HTTP/1.1" 200 214 "-" "Mozilla/5.0 (Windows NT 6.1) AppleWebKit/537.36 (KHTML, like Gecko) Chrome/41.0.2226.0 Safari/537.36" "www.royalagro.farm"
209.17.97.26 - - [10/Mar/2020:11:21:57 +0800] "GET / HTTP/1.1" 200 16550 "-" "Mozilla/5.0 (compatible; Nimbostratus-Bot/v1.3.2; http://cloudsystemnetworks.com)" "www.royalagro.farm"
45.76.232.184 - - [10/Mar/2020:11:41:35 +0800] "GET /wp-login.php HTTP/1.1" 200 2272 "-" "Mozilla/5.0 (X11; Ubuntu; Linux x86_64; rv:62.0) Gecko/20100101 Firefox/62.0" "royalagro.farm"
45.76.232.184 - - [10/Mar/2020:11:41:35 +0800] "POST /wp-login.php HTTP/1.1" 200 2669 "-" "Mozilla/5.0 (X11; Ubuntu; Linux x86_64; rv:62.0) Gecko/20100101 Firefox/62.0" "royalagro.farm"
35.198.204.88 - - [10/Mar/2020:11:41:39 +0800] "POST /wp-cron.php?doing_wp_cron=1583811699.4516971111297607421875 HTTP/1.1" 200 23 "http://www.royalagro.farm/wp-cron.php?doing_wp_cron=1583811699.4516971111297607421875" "WordPress/5.3.2; http://www.royalagro.farm" "www.royalagro.farm"
35.198.204.88 - - [10/Mar/2020:11:41:39 +0800] "POST /index.php?swpnonce=1583811699.8735659122467041015625 HTTP/1.1" 200 23 "http://www.royalagro.farm/index.php?swpnonce=1583811699.8735659122467041015625" "SearchWP" "www.royalagro.farm"
45.76.232.184 - - [10/Mar/2020:11:41:40 +0800] "POST /xmlrpc.php HTTP/1.1" 200 233 "-" "Mozilla/5.0 (X11; Ubuntu; Linux x86_64; rv:62.0) Gecko/20100101 Firefox/62.0" "royalagro.farm"
5.188.62.25 - - [10/Mar/2020:11:48:21 +0800] "POST /xmlrpc.php HTTP/1.1" 200 214 "-" "Mozilla/5.0 (Windows NT 5.1) AppleWebKit/537.36 (KHTML, like Gecko) Chrome/41.0.2224.3 Safari/537.36" "www.royalagro.farm"
35.198.204.88 - - [10/Mar/2020:11:48:24 +0800] "POST /wp-cron.php?doing_wp_cron=1583812104.1483969688415527343750 HTTP/1.1" 200 23 "http://www.royalagro.farm/wp-cron.php?doing_wp_cron=1583812104.1483969688415527343750" "WordPress/5.3.2; http://www.royalagro.farm" "www.royalagro.farm"
35.198.204.88 - - [10/Mar/2020:11:48:24 +0800] "POST /index.php?swpnonce=1583812104.5577280521392822265625 HTTP/1.1" 200 23 "http://www.royalagro.farm/index.php?swpnonce=1583812104.5577280521392822265625" "SearchWP" "www.royalagro.farm"
66.249.79.34 - - [10/Mar/2020:11:49:29 +0800] "GET /robots.txt HTTP/1.1" 200 4483 "-" "Mozilla/5.0 (compatible; Googlebot/2.1; +http://www.google.com/bot.html)" "www.royalagro.farm"
35.198.204.88 - - [10/Mar/2020:11:49:30 +0800] "POST /wp-cron.php?doing_wp_cron=1583812170.7246038913726806640625 HTTP/1.1" 200 23 "http://www.royalagro.farm/wp-cron.php?doing_wp_cron=1583812170.7246038913726806640625" "WordPress/5.3.2; http://www.royalagro.farm" "www.royalagro.farm"
66.249.79.34 - - [10/Mar/2020:11:49:29 +0800] "GET /project-sitemap.xml HTTP/1.1" 200 993 "-" "Mozilla/5.0 (compatible; Googlebot/2.1; +http://www.google.com/bot.html)" "www.royalagro.farm"
128.199.70.211 - - [10/Mar/2020:12:04:34 +0800] "GET /wp-login.php HTTP/1.1" 200 2272 "-" "Mozilla/5.0 (X11; Ubuntu; Linux x86_64; rv:62.0) Gecko/20100101 Firefox/62.0" "royalagro.farm"
35.198.204.88 - - [10/Mar/2020:12:04:37 +0800] "POST /wp-cron.php?doing_wp_cron=1583813077.2903590202331542968750 HTTP/1.1" 200 23 "http://www.royalagro.farm/wp-cron.php?doing_wp_cron=1583813077.2903590202331542968750" "WordPress/5.3.2; http://www.royalagro.farm" "www.royalagro.farm"
128.199.70.211 - - [10/Mar/2020:12:04:38 +0800] "POST /xmlrpc.php HTTP/1.1" 200 233 "-" "Mozilla/5.0 (X11; Ubuntu; Linux x86_64; rv:62.0) Gecko/20100101 Firefox/62.0" "royalagro.farm"
128.199.70.211 - - [10/Mar/2020:12:04:34 +0800] "POST /wp-login.php HTTP/1.1" 200 2669 "-" "Mozilla/5.0 (X11; Ubuntu; Linux x86_64; rv:62.0) Gecko/20100101 Firefox/62.0" "royalagro.farm"
64.227.38.129 - - [10/Mar/2020:12:28:28 +0800] "GET /wp-login.php HTTP/1.1" 200 2272 "-" "Mozilla/5.0 (X11; Ubuntu; Linux x86_64; rv:62.0) Gecko/20100101 Firefox/62.0" "royalagro.farm"
64.227.38.129 - - [10/Mar/2020:12:28:29 +0800] "POST /wp-login.php HTTP/1.1" 200 2669 "-" "Mozilla/5.0 (X11; Ubuntu; Linux x86_64; rv:62.0) Gecko/20100101 Firefox/62.0" "royalagro.farm"
64.227.38.129 - - [10/Mar/2020:12:28:34 +0800] "POST /xmlrpc.php HTTP/1.1" 200 233 "-" "Mozilla/5.0 (X11; Ubuntu; Linux x86_64; rv:62.0) Gecko/20100101 Firefox/62.0" "royalagro.farm"
35.198.204.88 - - [10/Mar/2020:12:28:32 +0800] "POST /wp-cron.php?doing_wp_cron=1583814512.4939200878143310546875 HTTP/1.1" 200 23 "http://www.royalagro.farm/wp-cron.php?doing_wp_cron=1583814512.4939200878143310546875" "WordPress/5.3.2; http://www.royalagro.farm" "www.royalagro.farm"
35.198.204.88 - - [10/Mar/2020:12:28:34 +0800] "POST /index.php?swpnonce=1583814514.9258470535278320312500 HTTP/1.1" 200 23 "http://www.royalagro.farm/index.php?swpnonce=1583814514.9258470535278320312500" "SearchWP" "www.royalagro.farm"
35.198.204.88 - - [10/Mar/2020:12:40:30 +0800] "POST /wp-cron.php?doing_wp_cron=1583815230.3134870529174804687500 HTTP/1.1" 200 23 "http://www.royalagro.farm/wp-cron.php?doing_wp_cron=1583815230.3134870529174804687500" "WordPress/5.3.2; http://www.royalagro.farm" "www.royalagro.farm"
5.188.62.25 - - [10/Mar/2020:12:40:26 +0800] "POST /xmlrpc.php HTTP/1.1" 200 214 "-" "Mozilla/5.0 (Windows NT 5.1) AppleWebKit/537.36 (KHTML, like Gecko) Chrome/41.0.2228.0 Safari/537.36" "www.royalagro.farm"
35.198.204.88 - - [10/Mar/2020:12:40:30 +0800] "POST /wp-cron.php?doing_wp_cron=1583815230.3109359741210937500000 HTTP/1.1" 200 23 "http://www.royalagro.farm/wp-cron.php?doing_wp_cron=1583815230.3109359741210937500000" "WordPress/5.3.2; http://www.royalagro.farm" "www.royalagro.farm"
5.188.62.25 - - [10/Mar/2020:12:40:27 +0800] "POST /xmlrpc.php HTTP/1.1" 200 214 "-" "Mozilla/5.0 (Windows NT 6.2; WOW64) AppleWebKit/537.36 (KHTML, like Gecko) Chrome/41.0.2228.0 Safari/537.36" "www.royalagro.farm"
165.227.50.73 - - [10/Mar/2020:12:52:03 +0800] "GET /wp-login.php HTTP/1.1" 200 2272 "-" "Mozilla/5.0 (X11; Ubuntu; Linux x86_64; rv:62.0) Gecko/20100101 Firefox/62.0" "royalagro.farm"
165.227.50.73 - - [10/Mar/2020:12:52:04 +0800] "POST /wp-login.php HTTP/1.1" 200 2669 "-" "Mozilla/5.0 (X11; Ubuntu; Linux x86_64; rv:62.0) Gecko/20100101 Firefox/62.0" "royalagro.farm"
35.198.204.88 - - [10/Mar/2020:12:52:08 +0800] "POST /index.php?swpnonce=1583815928.1211719512939453125000 HTTP/1.1" 200 23 "http://www.royalagro.farm/index.php?swpnonce=1583815928.1211719512939453125000" "SearchWP" "www.royalagro.farm"
35.198.204.88 - - [10/Mar/2020:12:52:07 +0800] "POST /wp-cron.php?doing_wp_cron=1583815927.7092568874359130859375 HTTP/1.1" 200 23 "http://www.royalagro.farm/wp-cron.php?doing_wp_cron=1583815927.7092568874359130859375" "WordPress/5.3.2; http://www.royalagro.farm" "www.royalagro.farm"
165.227.50.73 - - [10/Mar/2020:12:52:09 +0800] "POST /xmlrpc.php HTTP/1.1" 200 233 "-" "Mozilla/5.0 (X11; Ubuntu; Linux x86_64; rv:62.0) Gecko/20100101 Firefox/62.0" "royalagro.farm"
51.68.189.182 - - [10/Mar/2020:13:15:50 +0800] "GET /wp-login.php HTTP/1.1" 200 2272 "-" "Mozilla/5.0 (X11; Ubuntu; Linux x86_64; rv:62.0) Gecko/20100101 Firefox/62.0" "royalagro.farm"
51.68.189.182 - - [10/Mar/2020:13:15:51 +0800] "POST /wp-login.php HTTP/1.1" 200 2669 "-" "Mozilla/5.0 (X11; Ubuntu; Linux x86_64; rv:62.0) Gecko/20100101 Firefox/62.0" "royalagro.farm"
35.198.204.88 - - [10/Mar/2020:13:15:55 +0800] "POST /wp-cron.php?doing_wp_cron=1583817355.7100639343261718750000 HTTP/1.1" 200 23 "http://www.royalagro.farm/wp-cron.php?doing_wp_cron=1583817355.7100639343261718750000" "WordPress/5.3.2; http://www.royalagro.farm" "www.royalagro.farm"
51.68.189.182 - - [10/Mar/2020:13:15:57 +0800] "POST /xmlrpc.php HTTP/1.1" 200 233 "-" "Mozilla/5.0 (X11; Ubuntu; Linux x86_64; rv:62.0) Gecko/20100101 Firefox/62.0" "royalagro.farm"
206.81.29.166 - - [10/Mar/2020:14:02:54 +0800] "GET /wp-login.php HTTP/1.1" 200 2272 "-" "Mozilla/5.0 (X11; Ubuntu; Linux x86_64; rv:62.0) Gecko/20100101 Firefox/62.0" "royalagro.farm"
206.81.29.166 - - [10/Mar/2020:14:02:55 +0800] "POST /wp-login.php HTTP/1.1" 200 2669 "-" "Mozilla/5.0 (X11; Ubuntu; Linux x86_64; rv:62.0) Gecko/20100101 Firefox/62.0" "royalagro.farm"
35.198.204.88 - - [10/Mar/2020:14:02:59 +0800] "POST /index.php?swpnonce=1583820179.3820960521697998046875 HTTP/1.1" 200 23 "http://www.royalagro.farm/index.php?swpnonce=1583820179.3820960521697998046875" "SearchWP" "www.royalagro.farm"
206.81.29.166 - - [10/Mar/2020:14:03:00 +0800] "POST /xmlrpc.php HTTP/1.1" 200 233 "-" "Mozilla/5.0 (X11; Ubuntu; Linux x86_64; rv:62.0) Gecko/20100101 Firefox/62.0" "royalagro.farm"
35.198.204.88 - - [10/Mar/2020:14:02:58 +0800] "POST /wp-cron.php?doing_wp_cron=1583820178.6236159801483154296875 HTTP/1.1" 200 23 "http://www.royalagro.farm/wp-cron.php?doing_wp_cron=1583820178.6236159801483154296875" "WordPress/5.3.2; http://www.royalagro.farm" "www.royalagro.farm"
35.198.204.88 - - [10/Mar/2020:14:03:29 +0800] "POST /wp-cron.php?doing_wp_cron=1583820209.2336039543151855468750 HTTP/1.1" 200 23 "http://www.royalagro.farm/wp-cron.php?doing_wp_cron=1583820209.2336039543151855468750" "WordPress/5.3.2; http://www.royalagro.farm" "www.royalagro.farm"
159.65.229.246 - - [10/Mar/2020:14:03:27 +0800] "GET /web.config.txt HTTP/1.1" 301 23 "-" "Mozilla/5.0 (X11; Ubuntu; Linux x86_64; rv:62.0) Gecko/20100101 Firefox/62.0" "royalagro.farm"
159.65.229.246 - - [10/Mar/2020:14:03:30 +0800] "GET /web.config.txt HTTP/1.1" 200 4483 "http://royalagro.farm/web.config.txt" "Mozilla/5.0 (X11; Ubuntu; Linux x86_64; rv:62.0) Gecko/20100101 Firefox/62.0" "www.royalagro.farm"
37.187.90.62 - - [10/Mar/2020:14:26:15 +0800] "GET /wp-login.php HTTP/1.1" 200 2272 "-" "Mozilla/5.0 (X11; Ubuntu; Linux x86_64; rv:62.0) Gecko/20100101 Firefox/62.0" "royalagro.farm"
37.187.90.62 - - [10/Mar/2020:14:26:16 +0800] "POST /wp-login.php HTTP/1.1" 200 2669 "-" "Mozilla/5.0 (X11; Ubuntu; Linux x86_64; rv:62.0) Gecko/20100101 Firefox/62.0" "royalagro.farm"
37.187.90.62 - - [10/Mar/2020:14:26:21 +0800] "POST /xmlrpc.php HTTP/1.1" 200 233 "-" "Mozilla/5.0 (X11; Ubuntu; Linux x86_64; rv:62.0) Gecko/20100101 Firefox/62.0" "royalagro.farm"
35.198.204.88 - - [10/Mar/2020:14:26:19 +0800] "POST /wp-cron.php?doing_wp_cron=1583821579.9680519104003906250000 HTTP/1.1" 200 23 "http://www.royalagro.farm/wp-cron.php?doing_wp_cron=1583821579.9680519104003906250000" "WordPress/5.3.2; http://www.royalagro.farm" "www.royalagro.farm"
35.198.204.88 - - [10/Mar/2020:14:26:22 +0800] "POST /index.php?swpnonce=1583821582.4222240447998046875000 HTTP/1.1" 200 23 "http://www.royalagro.farm/index.php?swpnonce=1583821582.4222240447998046875000" "SearchWP" "www.royalagro.farm"
18.219.92.131 - - [10/Mar/2020:14:50:24 +0800] "GET /wp-login.php HTTP/1.1" 200 2272 "-" "Mozilla/5.0 (X11; Ubuntu; Linux x86_64; rv:62.0) Gecko/20100101 Firefox/62.0" "royalagro.farm"
18.219.92.131 - - [10/Mar/2020:14:50:24 +0800] "POST /wp-login.php HTTP/1.1" 200 2669 "-" "Mozilla/5.0 (X11; Ubuntu; Linux x86_64; rv:62.0) Gecko/20100101 Firefox/62.0" "royalagro.farm"
35.198.204.88 - - [10/Mar/2020:14:50:28 +0800] "POST /wp-cron.php?doing_wp_cron=1583823028.3258509635925292968750 HTTP/1.1" 200 23 "http://www.royalagro.farm/wp-cron.php?doing_wp_cron=1583823028.3258509635925292968750" "WordPress/5.3.2; http://www.royalagro.farm" "www.royalagro.farm"
35.198.204.88 - - [10/Mar/2020:14:50:28 +0800] "POST /index.php?swpnonce=1583823028.7477240562438964843750 HTTP/1.1" 200 23 "http://www.royalagro.farm/index.php?swpnonce=1583823028.7477240562438964843750" "SearchWP" "www.royalagro.farm"
18.219.92.131 - - [10/Mar/2020:14:50:36 +0800] "POST /xmlrpc.php HTTP/1.1" 200 233 "-" "Mozilla/5.0 (X11; Ubuntu; Linux x86_64; rv:62.0) Gecko/20100101 Firefox/62.0" "royalagro.farm"
66.249.79.59 - - [10/Mar/2020:14:57:12 +0800] "GET /robots.txt HTTP/1.1" 200 4483 "-" "Mozilla/5.0 (compatible; Googlebot/2.1; +http://www.google.com/bot.html)" "www.royalagro.farm"
35.198.204.88 - - [10/Mar/2020:14:57:16 +0800] "POST /wp-cron.php?doing_wp_cron=1583823436.6577339172363281250000 HTTP/1.1" 200 23 "http://www.royalagro.farm/wp-cron.php?doing_wp_cron=1583823436.6577339172363281250000" "WordPress/5.3.2; http://www.royalagro.farm" "www.royalagro.farm"
66.249.79.62 - - [10/Mar/2020:14:57:12 +0800] "GET /project_category-sitemap.xml HTTP/1.1" 200 394 "-" "Mozilla/5.0 (compatible; Googlebot/2.1; +http://www.google.com/bot.html)" "www.royalagro.farm"
206.189.126.203 - - [10/Mar/2020:15:14:52 +0800] "GET /wp-login.php HTTP/1.1" 200 2272 "-" "Mozilla/5.0 (X11; Ubuntu; Linux x86_64; rv:62.0) Gecko/20100101 Firefox/62.0" "royalagro.farm"
206.189.126.203 - - [10/Mar/2020:15:14:52 +0800] "POST /wp-login.php HTTP/1.1" 200 2669 "-" "Mozilla/5.0 (X11; Ubuntu; Linux x86_64; rv:62.0) Gecko/20100101 Firefox/62.0" "royalagro.farm"
35.198.204.88 - - [10/Mar/2020:15:14:56 +0800] "POST /wp-cron.php?doing_wp_cron=1583824496.3508489131927490234375 HTTP/1.1" 200 23 "http://www.royalagro.farm/wp-cron.php?doing_wp_cron=1583824496.3508489131927490234375" "WordPress/5.3.2; http://www.royalagro.farm" "www.royalagro.farm"
206.189.126.203 - - [10/Mar/2020:15:14:57 +0800] "POST /xmlrpc.php HTTP/1.1" 200 233 "-" "Mozilla/5.0 (X11; Ubuntu; Linux x86_64; rv:62.0) Gecko/20100101 Firefox/62.0" "royalagro.farm"
69.162.111.232 - - [10/Mar/2020:15:37:40 +0800] "GET /wp-login.php HTTP/1.1" 200 2272 "-" "Mozilla/5.0 (X11; Ubuntu; Linux x86_64; rv:62.0) Gecko/20100101 Firefox/62.0" "royalagro.farm"
69.162.111.232 - - [10/Mar/2020:15:37:40 +0800] "POST /wp-login.php HTTP/1.1" 200 2669 "-" "Mozilla/5.0 (X11; Ubuntu; Linux x86_64; rv:62.0) Gecko/20100101 Firefox/62.0" "royalagro.farm"
35.198.204.88 - - [10/Mar/2020:15:37:44 +0800] "POST /wp-cron.php?doing_wp_cron=1583825864.4823489189147949218750 HTTP/1.1" 200 23 "http://www.royalagro.farm/wp-cron.php?doing_wp_cron=1583825864.4823489189147949218750" "WordPress/5.3.2; http://www.royalagro.farm" "www.royalagro.farm"
35.198.204.88 - - [10/Mar/2020:15:37:44 +0800] "POST /index.php?swpnonce=1583825864.8875679969787597656250 HTTP/1.1" 200 23 "http://www.royalagro.farm/index.php?swpnonce=1583825864.8875679969787597656250" "SearchWP" "www.royalagro.farm"
69.162.111.232 - - [10/Mar/2020:15:37:45 +0800] "POST /xmlrpc.php HTTP/1.1" 200 233 "-" "Mozilla/5.0 (X11; Ubuntu; Linux x86_64; rv:62.0) Gecko/20100101 Firefox/62.0" "royalagro.farm"
