35.198.204.88 - - [12/Mar/2020:13:06:06 +0800] "POST /wp-cron.php?doing_wp_cron=1583989566.9633779525756835937500 HTTP/1.1" 200 23 "http://www.royalagro.farm/wp-cron.php?doing_wp_cron=1583989566.9633779525756835937500" "WordPress/5.3.2; http://www.royalagro.farm" "www.royalagro.farm"
35.198.204.88 - - [12/Mar/2020:13:06:07 +0800] "POST /wp-cron.php?doing_wp_cron=1583989567.6507050991058349609375 HTTP/1.1" 200 23 "http://www.royalagro.farm/wp-cron.php?doing_wp_cron=1583989567.6507050991058349609375" "WordPress/5.3.2; http://www.royalagro.farm" "www.royalagro.farm"
62.210.201.108 - - [12/Mar/2020:13:06:06 +0800] "POST //xmlrpc.php HTTP/1.1" 200 404 "-" "Mozilla/5.0 (Windows NT 10.0; Win64; x64) AppleWebKit/537.36 (KHTML, like Gecko) Chrome/78.0.3904.108 Safari/537.36" "www.royalagro.farm"
62.210.201.108 - - [12/Mar/2020:13:06:07 +0800] "POST //xmlrpc.php HTTP/1.1" 200 404 "-" "Mozilla/5.0 (Windows NT 10.0; Win64; x64) AppleWebKit/537.36 (KHTML, like Gecko) Chrome/78.0.3904.108 Safari/537.36" "www.royalagro.farm"
62.210.201.108 - - [12/Mar/2020:13:06:08 +0800] "POST //xmlrpc.php HTTP/1.1" 200 404 "-" "Mozilla/5.0 (Windows NT 10.0; Win64; x64) AppleWebKit/537.36 (KHTML, like Gecko) Chrome/78.0.3904.108 Safari/537.36" "www.royalagro.farm"
35.198.204.88 - - [12/Mar/2020:13:06:08 +0800] "POST /wp-cron.php?doing_wp_cron=1583989568.3448948860168457031250 HTTP/1.1" 200 23 "http://www.royalagro.farm/wp-cron.php?doing_wp_cron=1583989568.3448948860168457031250" "WordPress/5.3.2; http://www.royalagro.farm" "www.royalagro.farm"
35.198.204.88 - - [12/Mar/2020:13:06:08 +0800] "POST /wp-cron.php?doing_wp_cron=1583989569.0297429561614990234375 HTTP/1.1" 200 23 "http://www.royalagro.farm/wp-cron.php?doing_wp_cron=1583989569.0297429561614990234375" "WordPress/5.3.2; http://www.royalagro.farm" "www.royalagro.farm"
35.198.204.88 - - [12/Mar/2020:13:06:09 +0800] "POST /wp-cron.php?doing_wp_cron=1583989569.7227959632873535156250 HTTP/1.1" 200 23 "http://www.royalagro.farm/wp-cron.php?doing_wp_cron=1583989569.7227959632873535156250" "WordPress/5.3.2; http://www.royalagro.farm" "www.royalagro.farm"
62.210.201.108 - - [12/Mar/2020:13:06:08 +0800] "POST //xmlrpc.php HTTP/1.1" 200 404 "-" "Mozilla/5.0 (Windows NT 10.0; Win64; x64) AppleWebKit/537.36 (KHTML, like Gecko) Chrome/78.0.3904.108 Safari/537.36" "www.royalagro.farm"
62.210.201.108 - - [12/Mar/2020:13:06:09 +0800] "POST //xmlrpc.php HTTP/1.1" 200 404 "-" "Mozilla/5.0 (Windows NT 10.0; Win64; x64) AppleWebKit/537.36 (KHTML, like Gecko) Chrome/78.0.3904.108 Safari/537.36" "www.royalagro.farm"
62.210.201.108 - - [12/Mar/2020:13:06:10 +0800] "POST //xmlrpc.php HTTP/1.1" 200 404 "-" "Mozilla/5.0 (Windows NT 10.0; Win64; x64) AppleWebKit/537.36 (KHTML, like Gecko) Chrome/78.0.3904.108 Safari/537.36" "www.royalagro.farm"
35.198.204.88 - - [12/Mar/2020:13:06:10 +0800] "POST /wp-cron.php?doing_wp_cron=1583989570.4033648967742919921875 HTTP/1.1" 200 23 "http://www.royalagro.farm/wp-cron.php?doing_wp_cron=1583989570.4033648967742919921875" "WordPress/5.3.2; http://www.royalagro.farm" "www.royalagro.farm"
35.198.204.88 - - [12/Mar/2020:13:06:11 +0800] "POST /wp-cron.php?doing_wp_cron=1583989571.0857028961181640625000 HTTP/1.1" 200 23 "http://www.royalagro.farm/wp-cron.php?doing_wp_cron=1583989571.0857028961181640625000" "WordPress/5.3.2; http://www.royalagro.farm" "www.royalagro.farm"
62.210.201.108 - - [12/Mar/2020:13:06:10 +0800] "POST //xmlrpc.php HTTP/1.1" 200 404 "-" "Mozilla/5.0 (Windows NT 10.0; Win64; x64) AppleWebKit/537.36 (KHTML, like Gecko) Chrome/78.0.3904.108 Safari/537.36" "www.royalagro.farm"
35.198.204.88 - - [12/Mar/2020:13:06:11 +0800] "POST /wp-cron.php?doing_wp_cron=1583989571.8130929470062255859375 HTTP/1.1" 200 23 "http://www.royalagro.farm/wp-cron.php?doing_wp_cron=1583989571.8130929470062255859375" "WordPress/5.3.2; http://www.royalagro.farm" "www.royalagro.farm"
62.210.201.108 - - [12/Mar/2020:13:06:11 +0800] "POST //xmlrpc.php HTTP/1.1" 200 404 "-" "Mozilla/5.0 (Windows NT 10.0; Win64; x64) AppleWebKit/537.36 (KHTML, like Gecko) Chrome/78.0.3904.108 Safari/537.36" "www.royalagro.farm"
62.210.201.108 - - [12/Mar/2020:13:06:12 +0800] "POST //xmlrpc.php HTTP/1.1" 200 404 "-" "Mozilla/5.0 (Windows NT 10.0; Win64; x64) AppleWebKit/537.36 (KHTML, like Gecko) Chrome/78.0.3904.108 Safari/537.36" "www.royalagro.farm"
35.198.204.88 - - [12/Mar/2020:13:06:12 +0800] "POST /wp-cron.php?doing_wp_cron=1583989572.4942529201507568359375 HTTP/1.1" 200 23 "http://www.royalagro.farm/wp-cron.php?doing_wp_cron=1583989572.4942529201507568359375" "WordPress/5.3.2; http://www.royalagro.farm" "www.royalagro.farm"
35.198.204.88 - - [12/Mar/2020:13:06:13 +0800] "POST /wp-cron.php?doing_wp_cron=1583989573.1820020675659179687500 HTTP/1.1" 200 23 "http://www.royalagro.farm/wp-cron.php?doing_wp_cron=1583989573.1820020675659179687500" "WordPress/5.3.2; http://www.royalagro.farm" "www.royalagro.farm"
62.210.201.108 - - [12/Mar/2020:13:06:12 +0800] "POST //xmlrpc.php HTTP/1.1" 200 404 "-" "Mozilla/5.0 (Windows NT 10.0; Win64; x64) AppleWebKit/537.36 (KHTML, like Gecko) Chrome/78.0.3904.108 Safari/537.36" "www.royalagro.farm"
35.198.204.88 - - [12/Mar/2020:13:06:13 +0800] "POST /wp-cron.php?doing_wp_cron=1583989573.8655669689178466796875 HTTP/1.1" 200 23 "http://www.royalagro.farm/wp-cron.php?doing_wp_cron=1583989573.8655669689178466796875" "WordPress/5.3.2; http://www.royalagro.farm" "www.royalagro.farm"
35.198.204.88 - - [12/Mar/2020:13:06:14 +0800] "POST /wp-cron.php?doing_wp_cron=1583989574.5520219802856445312500 HTTP/1.1" 200 23 "http://www.royalagro.farm/wp-cron.php?doing_wp_cron=1583989574.5520219802856445312500" "WordPress/5.3.2; http://www.royalagro.farm" "www.royalagro.farm"
62.210.201.108 - - [12/Mar/2020:13:06:13 +0800] "POST //xmlrpc.php HTTP/1.1" 200 404 "-" "Mozilla/5.0 (Windows NT 10.0; Win64; x64) AppleWebKit/537.36 (KHTML, like Gecko) Chrome/78.0.3904.108 Safari/537.36" "www.royalagro.farm"
62.210.201.108 - - [12/Mar/2020:13:06:14 +0800] "POST //xmlrpc.php HTTP/1.1" 200 404 "-" "Mozilla/5.0 (Windows NT 10.0; Win64; x64) AppleWebKit/537.36 (KHTML, like Gecko) Chrome/78.0.3904.108 Safari/537.36" "www.royalagro.farm"
62.210.201.108 - - [12/Mar/2020:13:06:14 +0800] "POST //xmlrpc.php HTTP/1.1" 200 404 "-" "Mozilla/5.0 (Windows NT 10.0; Win64; x64) AppleWebKit/537.36 (KHTML, like Gecko) Chrome/78.0.3904.108 Safari/537.36" "www.royalagro.farm"
35.198.204.88 - - [12/Mar/2020:13:06:15 +0800] "POST /wp-cron.php?doing_wp_cron=1583989575.2433159351348876953125 HTTP/1.1" 200 23 "http://www.royalagro.farm/wp-cron.php?doing_wp_cron=1583989575.2433159351348876953125" "WordPress/5.3.2; http://www.royalagro.farm" "www.royalagro.farm"
35.198.204.88 - - [12/Mar/2020:13:06:15 +0800] "POST /wp-cron.php?doing_wp_cron=1583989575.9267671108245849609375 HTTP/1.1" 200 23 "http://www.royalagro.farm/wp-cron.php?doing_wp_cron=1583989575.9267671108245849609375" "WordPress/5.3.2; http://www.royalagro.farm" "www.royalagro.farm"
35.198.204.88 - - [12/Mar/2020:13:06:16 +0800] "POST /wp-cron.php?doing_wp_cron=1583989576.6167979240417480468750 HTTP/1.1" 200 23 "http://www.royalagro.farm/wp-cron.php?doing_wp_cron=1583989576.6167979240417480468750" "WordPress/5.3.2; http://www.royalagro.farm" "www.royalagro.farm"
62.210.201.108 - - [12/Mar/2020:13:06:15 +0800] "POST //xmlrpc.php HTTP/1.1" 200 404 "-" "Mozilla/5.0 (Windows NT 10.0; Win64; x64) AppleWebKit/537.36 (KHTML, like Gecko) Chrome/78.0.3904.108 Safari/537.36" "www.royalagro.farm"
62.210.201.108 - - [12/Mar/2020:13:06:16 +0800] "POST //xmlrpc.php HTTP/1.1" 200 404 "-" "Mozilla/5.0 (Windows NT 10.0; Win64; x64) AppleWebKit/537.36 (KHTML, like Gecko) Chrome/78.0.3904.108 Safari/537.36" "www.royalagro.farm"
62.210.201.108 - - [12/Mar/2020:13:06:17 +0800] "POST //xmlrpc.php HTTP/1.1" 200 404 "-" "Mozilla/5.0 (Windows NT 10.0; Win64; x64) AppleWebKit/537.36 (KHTML, like Gecko) Chrome/78.0.3904.108 Safari/537.36" "www.royalagro.farm"
35.198.204.88 - - [12/Mar/2020:13:06:17 +0800] "POST /wp-cron.php?doing_wp_cron=1583989577.3061459064483642578125 HTTP/1.1" 200 23 "http://www.royalagro.farm/wp-cron.php?doing_wp_cron=1583989577.3061459064483642578125" "WordPress/5.3.2; http://www.royalagro.farm" "www.royalagro.farm"
62.210.201.108 - - [12/Mar/2020:13:06:17 +0800] "POST //xmlrpc.php HTTP/1.1" 200 404 "-" "Mozilla/5.0 (Windows NT 10.0; Win64; x64) AppleWebKit/537.36 (KHTML, like Gecko) Chrome/78.0.3904.108 Safari/537.36" "www.royalagro.farm"
62.210.201.108 - - [12/Mar/2020:13:06:18 +0800] "POST //xmlrpc.php HTTP/1.1" 200 404 "-" "Mozilla/5.0 (Windows NT 10.0; Win64; x64) AppleWebKit/537.36 (KHTML, like Gecko) Chrome/78.0.3904.108 Safari/537.36" "www.royalagro.farm"
35.198.204.88 - - [12/Mar/2020:13:06:17 +0800] "POST /wp-cron.php?doing_wp_cron=1583989577.9872789382934570312500 HTTP/1.1" 200 23 "http://www.royalagro.farm/wp-cron.php?doing_wp_cron=1583989577.9872789382934570312500" "WordPress/5.3.2; http://www.royalagro.farm" "www.royalagro.farm"
35.198.204.88 - - [12/Mar/2020:13:06:18 +0800] "POST /wp-cron.php?doing_wp_cron=1583989578.6764500141143798828125 HTTP/1.1" 200 23 "http://www.royalagro.farm/wp-cron.php?doing_wp_cron=1583989578.6764500141143798828125" "WordPress/5.3.2; http://www.royalagro.farm" "www.royalagro.farm"
62.210.201.108 - - [12/Mar/2020:13:06:19 +0800] "POST //xmlrpc.php HTTP/1.1" 200 404 "-" "Mozilla/5.0 (Windows NT 10.0; Win64; x64) AppleWebKit/537.36 (KHTML, like Gecko) Chrome/78.0.3904.108 Safari/537.36" "www.royalagro.farm"
35.198.204.88 - - [12/Mar/2020:13:06:19 +0800] "POST /wp-cron.php?doing_wp_cron=1583989579.3578360080718994140625 HTTP/1.1" 200 23 "http://www.royalagro.farm/wp-cron.php?doing_wp_cron=1583989579.3578360080718994140625" "WordPress/5.3.2; http://www.royalagro.farm" "www.royalagro.farm"
35.198.204.88 - - [12/Mar/2020:13:06:19 +0800] "POST /wp-cron.php?doing_wp_cron=1583989580.0363750457763671875000 HTTP/1.1" 200 23 "http://www.royalagro.farm/wp-cron.php?doing_wp_cron=1583989580.0363750457763671875000" "WordPress/5.3.2; http://www.royalagro.farm" "www.royalagro.farm"
35.198.204.88 - - [12/Mar/2020:13:06:20 +0800] "POST /wp-cron.php?doing_wp_cron=1583989580.7321939468383789062500 HTTP/1.1" 200 23 "http://www.royalagro.farm/wp-cron.php?doing_wp_cron=1583989580.7321939468383789062500" "WordPress/5.3.2; http://www.royalagro.farm" "www.royalagro.farm"
62.210.201.108 - - [12/Mar/2020:13:06:19 +0800] "POST //xmlrpc.php HTTP/1.1" 200 404 "-" "Mozilla/5.0 (Windows NT 10.0; Win64; x64) AppleWebKit/537.36 (KHTML, like Gecko) Chrome/78.0.3904.108 Safari/537.36" "www.royalagro.farm"
62.210.201.108 - - [12/Mar/2020:13:06:20 +0800] "POST //xmlrpc.php HTTP/1.1" 200 404 "-" "Mozilla/5.0 (Windows NT 10.0; Win64; x64) AppleWebKit/537.36 (KHTML, like Gecko) Chrome/78.0.3904.108 Safari/537.36" "www.royalagro.farm"
62.210.201.108 - - [12/Mar/2020:13:06:21 +0800] "POST //xmlrpc.php HTTP/1.1" 200 404 "-" "Mozilla/5.0 (Windows NT 10.0; Win64; x64) AppleWebKit/537.36 (KHTML, like Gecko) Chrome/78.0.3904.108 Safari/537.36" "www.royalagro.farm"
35.198.204.88 - - [12/Mar/2020:13:06:21 +0800] "POST /wp-cron.php?doing_wp_cron=1583989581.4113729000091552734375 HTTP/1.1" 200 23 "http://www.royalagro.farm/wp-cron.php?doing_wp_cron=1583989581.4113729000091552734375" "WordPress/5.3.2; http://www.royalagro.farm" "www.royalagro.farm"
62.210.201.108 - - [12/Mar/2020:13:06:21 +0800] "POST //xmlrpc.php HTTP/1.1" 200 404 "-" "Mozilla/5.0 (Windows NT 10.0; Win64; x64) AppleWebKit/537.36 (KHTML, like Gecko) Chrome/78.0.3904.108 Safari/537.36" "www.royalagro.farm"
35.198.204.88 - - [12/Mar/2020:13:06:21 +0800] "POST /wp-cron.php?doing_wp_cron=1583989582.0875589847564697265625 HTTP/1.1" 200 23 "http://www.royalagro.farm/wp-cron.php?doing_wp_cron=1583989582.0875589847564697265625" "WordPress/5.3.2; http://www.royalagro.farm" "www.royalagro.farm"
35.198.204.88 - - [12/Mar/2020:13:06:22 +0800] "POST /wp-cron.php?doing_wp_cron=1583989582.7743868827819824218750 HTTP/1.1" 200 23 "http://www.royalagro.farm/wp-cron.php?doing_wp_cron=1583989582.7743868827819824218750" "WordPress/5.3.2; http://www.royalagro.farm" "www.royalagro.farm"
35.198.204.88 - - [12/Mar/2020:13:06:23 +0800] "POST /wp-cron.php?doing_wp_cron=1583989583.4564011096954345703125 HTTP/1.1" 200 23 "http://www.royalagro.farm/wp-cron.php?doing_wp_cron=1583989583.4564011096954345703125" "WordPress/5.3.2; http://www.royalagro.farm" "www.royalagro.farm"
62.210.201.108 - - [12/Mar/2020:13:06:22 +0800] "POST //xmlrpc.php HTTP/1.1" 200 404 "-" "Mozilla/5.0 (Windows NT 10.0; Win64; x64) AppleWebKit/537.36 (KHTML, like Gecko) Chrome/78.0.3904.108 Safari/537.36" "www.royalagro.farm"
62.210.201.108 - - [12/Mar/2020:13:06:23 +0800] "POST //xmlrpc.php HTTP/1.1" 200 404 "-" "Mozilla/5.0 (Windows NT 10.0; Win64; x64) AppleWebKit/537.36 (KHTML, like Gecko) Chrome/78.0.3904.108 Safari/537.36" "www.royalagro.farm"
35.198.204.88 - - [12/Mar/2020:13:06:24 +0800] "POST /wp-cron.php?doing_wp_cron=1583989584.1403400897979736328125 HTTP/1.1" 200 23 "http://www.royalagro.farm/wp-cron.php?doing_wp_cron=1583989584.1403400897979736328125" "WordPress/5.3.2; http://www.royalagro.farm" "www.royalagro.farm"
62.210.201.108 - - [12/Mar/2020:13:06:23 +0800] "POST //xmlrpc.php HTTP/1.1" 200 404 "-" "Mozilla/5.0 (Windows NT 10.0; Win64; x64) AppleWebKit/537.36 (KHTML, like Gecko) Chrome/78.0.3904.108 Safari/537.36" "www.royalagro.farm"
35.198.204.88 - - [12/Mar/2020:13:06:24 +0800] "POST /wp-cron.php?doing_wp_cron=1583989584.8242740631103515625000 HTTP/1.1" 200 23 "http://www.royalagro.farm/wp-cron.php?doing_wp_cron=1583989584.8242740631103515625000" "WordPress/5.3.2; http://www.royalagro.farm" "www.royalagro.farm"
62.210.201.108 - - [12/Mar/2020:13:06:24 +0800] "POST //xmlrpc.php HTTP/1.1" 200 404 "-" "Mozilla/5.0 (Windows NT 10.0; Win64; x64) AppleWebKit/537.36 (KHTML, like Gecko) Chrome/78.0.3904.108 Safari/537.36" "www.royalagro.farm"
35.198.204.88 - - [12/Mar/2020:13:11:30 +0800] "POST /wp-cron.php?doing_wp_cron=1583989890.7218658924102783203125 HTTP/1.1" 200 23 "http://www.royalagro.farm/wp-cron.php?doing_wp_cron=1583989890.7218658924102783203125" "WordPress/5.3.2; http://www.royalagro.farm" "www.royalagro.farm"
188.163.104.142 - - [12/Mar/2020:13:11:29 +0800] "POST /wp-login.php HTTP/1.1" 200 2416 "http://royalagro.farm/wp-login.php" "Mozilla/5.0 (Windows NT 10.0; WOW64) AppleWebKit/537.36 (KHTML, like Gecko) Chrome/53.0.2785.143 Safari/537.36" "royalagro.farm"
35.198.204.88 - - [12/Mar/2020:13:11:42 +0800] "POST /wp-cron.php?doing_wp_cron=1583989902.3981881141662597656250 HTTP/1.1" 200 23 "http://www.royalagro.farm/wp-cron.php?doing_wp_cron=1583989902.3981881141662597656250" "WordPress/5.3.2; http://www.royalagro.farm" "www.royalagro.farm"
188.163.104.142 - - [12/Mar/2020:13:11:41 +0800] "POST /wp-login.php HTTP/1.1" 200 2416 "http://royalagro.farm/wp-login.php" "Mozilla/5.0 (Windows NT 10.0; WOW64) AppleWebKit/537.36 (KHTML, like Gecko) Chrome/53.0.2785.143 Safari/537.36" "royalagro.farm"
35.198.204.88 - - [12/Mar/2020:13:19:30 +0800] "POST /wp-cron.php?doing_wp_cron=1583990370.2207560539245605468750 HTTP/1.1" 200 23 "http://www.royalagro.farm/wp-cron.php?doing_wp_cron=1583990370.2207560539245605468750" "WordPress/5.3.2; http://www.royalagro.farm" "www.royalagro.farm"
188.163.104.142 - - [12/Mar/2020:13:19:29 +0800] "POST /wp-login.php HTTP/1.1" 200 2416 "http://royalagro.farm/wp-login.php" "Mozilla/5.0 (Windows NT 10.0; WOW64) AppleWebKit/537.36 (KHTML, like Gecko) Chrome/53.0.2785.143 Safari/537.36" "royalagro.farm"
188.163.104.142 - - [12/Mar/2020:13:19:34 +0800] "POST /wp-login.php HTTP/1.1" 200 2416 "http://royalagro.farm/wp-login.php" "Mozilla/5.0 (Windows NT 10.0; WOW64) AppleWebKit/537.36 (KHTML, like Gecko) Chrome/53.0.2785.143 Safari/537.36" "royalagro.farm"
35.198.204.88 - - [12/Mar/2020:13:19:35 +0800] "POST /wp-cron.php?doing_wp_cron=1583990375.6872489452362060546875 HTTP/1.1" 200 23 "http://www.royalagro.farm/wp-cron.php?doing_wp_cron=1583990375.6872489452362060546875" "WordPress/5.3.2; http://www.royalagro.farm" "www.royalagro.farm"
35.198.204.88 - - [12/Mar/2020:13:27:41 +0800] "POST /wp-cron.php?doing_wp_cron=1583990861.5739269256591796875000 HTTP/1.1" 200 23 "http://www.royalagro.farm/wp-cron.php?doing_wp_cron=1583990861.5739269256591796875000" "WordPress/5.3.2; http://www.royalagro.farm" "www.royalagro.farm"
188.163.104.142 - - [12/Mar/2020:13:27:38 +0800] "POST /wp-login.php HTTP/1.1" 200 2416 "http://royalagro.farm/wp-login.php" "Mozilla/5.0 (Windows NT 10.0; WOW64) AppleWebKit/537.36 (KHTML, like Gecko) Chrome/53.0.2785.143 Safari/537.36" "royalagro.farm"
35.198.204.88 - - [12/Mar/2020:13:27:47 +0800] "POST /wp-cron.php?doing_wp_cron=1583990867.0651829242706298828125 HTTP/1.1" 200 23 "http://www.royalagro.farm/wp-cron.php?doing_wp_cron=1583990867.0651829242706298828125" "WordPress/5.3.2; http://www.royalagro.farm" "www.royalagro.farm"
188.163.104.142 - - [12/Mar/2020:13:27:45 +0800] "POST /wp-login.php HTTP/1.1" 200 2416 "http://royalagro.farm/wp-login.php" "Mozilla/5.0 (Windows NT 10.0; WOW64) AppleWebKit/537.36 (KHTML, like Gecko) Chrome/53.0.2785.143 Safari/537.36" "royalagro.farm"
35.198.204.88 - - [12/Mar/2020:13:35:31 +0800] "POST /wp-cron.php?doing_wp_cron=1583991331.7301440238952636718750 HTTP/1.1" 200 23 "http://www.royalagro.farm/wp-cron.php?doing_wp_cron=1583991331.7301440238952636718750" "WordPress/5.3.2; http://www.royalagro.farm" "www.royalagro.farm"
188.163.104.142 - - [12/Mar/2020:13:35:28 +0800] "POST /wp-login.php HTTP/1.1" 200 2416 "http://royalagro.farm/wp-login.php" "Mozilla/5.0 (Windows NT 10.0; WOW64) AppleWebKit/537.36 (KHTML, like Gecko) Chrome/53.0.2785.143 Safari/537.36" "royalagro.farm"
188.163.104.142 - - [12/Mar/2020:13:35:33 +0800] "POST /wp-login.php HTTP/1.1" 200 2416 "http://royalagro.farm/wp-login.php" "Mozilla/5.0 (Windows NT 10.0; WOW64) AppleWebKit/537.36 (KHTML, like Gecko) Chrome/53.0.2785.143 Safari/537.36" "royalagro.farm"
35.198.204.88 - - [12/Mar/2020:13:35:34 +0800] "POST /wp-cron.php?doing_wp_cron=1583991334.4939389228820800781250 HTTP/1.1" 200 23 "http://www.royalagro.farm/wp-cron.php?doing_wp_cron=1583991334.4939389228820800781250" "WordPress/5.3.2; http://www.royalagro.farm" "www.royalagro.farm"
35.198.204.88 - - [12/Mar/2020:13:40:59 +0800] "POST /wp-cron.php?doing_wp_cron=1583991659.7346279621124267578125 HTTP/1.1" 200 23 "http://www.royalagro.farm/wp-cron.php?doing_wp_cron=1583991659.7346279621124267578125" "WordPress/5.3.2; http://www.royalagro.farm" "www.royalagro.farm"
188.163.104.142 - - [12/Mar/2020:13:40:58 +0800] "POST /wp-login.php HTTP/1.1" 200 2416 "http://royalagro.farm/wp-login.php" "Mozilla/5.0 (Windows NT 10.0; WOW64) AppleWebKit/537.36 (KHTML, like Gecko) Chrome/53.0.2785.143 Safari/537.36" "royalagro.farm"
35.198.204.88 - - [12/Mar/2020:13:41:03 +0800] "POST /wp-cron.php?doing_wp_cron=1583991663.4933381080627441406250 HTTP/1.1" 200 23 "http://www.royalagro.farm/wp-cron.php?doing_wp_cron=1583991663.4933381080627441406250" "WordPress/5.3.2; http://www.royalagro.farm" "www.royalagro.farm"
188.163.104.142 - - [12/Mar/2020:13:41:02 +0800] "POST /wp-login.php HTTP/1.1" 200 2416 "http://royalagro.farm/wp-login.php" "Mozilla/5.0 (Windows NT 10.0; WOW64) AppleWebKit/537.36 (KHTML, like Gecko) Chrome/53.0.2785.143 Safari/537.36" "royalagro.farm"
35.198.204.88 - - [12/Mar/2020:13:46:45 +0800] "POST /wp-cron.php?doing_wp_cron=1583992005.3663570880889892578125 HTTP/1.1" 200 23 "http://www.royalagro.farm/wp-cron.php?doing_wp_cron=1583992005.3663570880889892578125" "WordPress/5.3.2; http://www.royalagro.farm" "www.royalagro.farm"
188.163.104.142 - - [12/Mar/2020:13:46:44 +0800] "POST /wp-login.php HTTP/1.1" 200 2416 "http://royalagro.farm/wp-login.php" "Mozilla/5.0 (Windows NT 10.0; WOW64) AppleWebKit/537.36 (KHTML, like Gecko) Chrome/53.0.2785.143 Safari/537.36" "royalagro.farm"
35.198.204.88 - - [12/Mar/2020:13:46:48 +0800] "POST /wp-cron.php?doing_wp_cron=1583992008.5274999141693115234375 HTTP/1.1" 200 23 "http://www.royalagro.farm/wp-cron.php?doing_wp_cron=1583992008.5274999141693115234375" "WordPress/5.3.2; http://www.royalagro.farm" "www.royalagro.farm"
188.163.104.142 - - [12/Mar/2020:13:46:47 +0800] "POST /wp-login.php HTTP/1.1" 200 2416 "http://royalagro.farm/wp-login.php" "Mozilla/5.0 (Windows NT 10.0; WOW64) AppleWebKit/537.36 (KHTML, like Gecko) Chrome/53.0.2785.143 Safari/537.36" "royalagro.farm"
35.198.204.88 - - [12/Mar/2020:13:53:27 +0800] "POST /wp-cron.php?doing_wp_cron=1583992407.5299849510192871093750 HTTP/1.1" 200 23 "http://www.royalagro.farm/wp-cron.php?doing_wp_cron=1583992407.5299849510192871093750" "WordPress/5.3.2; http://www.royalagro.farm" "www.royalagro.farm"
188.163.104.142 - - [12/Mar/2020:13:53:24 +0800] "POST /wp-login.php HTTP/1.1" 200 2416 "http://royalagro.farm/wp-login.php" "Mozilla/5.0 (Windows NT 10.0; WOW64) AppleWebKit/537.36 (KHTML, like Gecko) Chrome/53.0.2785.143 Safari/537.36" "royalagro.farm"
35.198.204.88 - - [12/Mar/2020:14:00:59 +0800] "POST /wp-cron.php?doing_wp_cron=1583992859.7024381160736083984375 HTTP/1.1" 200 23 "http://www.royalagro.farm/wp-cron.php?doing_wp_cron=1583992859.7024381160736083984375" "WordPress/5.3.2; http://www.royalagro.farm" "www.royalagro.farm"
188.163.104.142 - - [12/Mar/2020:14:00:56 +0800] "POST /wp-login.php HTTP/1.1" 200 2416 "http://royalagro.farm/wp-login.php" "Mozilla/5.0 (Windows NT 10.0; WOW64) AppleWebKit/537.36 (KHTML, like Gecko) Chrome/53.0.2785.143 Safari/537.36" "royalagro.farm"
35.198.204.88 - - [12/Mar/2020:14:01:25 +0800] "POST /wp-cron.php?doing_wp_cron=1583992885.5261590480804443359375 HTTP/1.1" 200 23 "http://www.royalagro.farm/wp-cron.php?doing_wp_cron=1583992885.5261590480804443359375" "WordPress/5.3.2; http://www.royalagro.farm" "www.royalagro.farm"
188.163.104.142 - - [12/Mar/2020:14:01:24 +0800] "POST /wp-login.php HTTP/1.1" 200 2416 "http://royalagro.farm/wp-login.php" "Mozilla/5.0 (Windows NT 10.0; WOW64) AppleWebKit/537.36 (KHTML, like Gecko) Chrome/53.0.2785.143 Safari/537.36" "royalagro.farm"
35.198.204.88 - - [12/Mar/2020:14:08:55 +0800] "POST /wp-cron.php?doing_wp_cron=1583993335.7928700447082519531250 HTTP/1.1" 200 23 "http://www.royalagro.farm/wp-cron.php?doing_wp_cron=1583993335.7928700447082519531250" "WordPress/5.3.2; http://www.royalagro.farm" "www.royalagro.farm"
188.163.104.142 - - [12/Mar/2020:14:08:52 +0800] "POST /wp-login.php HTTP/1.1" 200 2416 "http://royalagro.farm/wp-login.php" "Mozilla/5.0 (Windows NT 10.0; WOW64) AppleWebKit/537.36 (KHTML, like Gecko) Chrome/53.0.2785.143 Safari/537.36" "royalagro.farm"
35.198.204.88 - - [12/Mar/2020:14:09:11 +0800] "POST /wp-cron.php?doing_wp_cron=1583993351.5323588848114013671875 HTTP/1.1" 200 23 "http://www.royalagro.farm/wp-cron.php?doing_wp_cron=1583993351.5323588848114013671875" "WordPress/5.3.2; http://www.royalagro.farm" "www.royalagro.farm"
188.163.104.142 - - [12/Mar/2020:14:09:10 +0800] "POST /wp-login.php HTTP/1.1" 200 2416 "http://royalagro.farm/wp-login.php" "Mozilla/5.0 (Windows NT 10.0; WOW64) AppleWebKit/537.36 (KHTML, like Gecko) Chrome/53.0.2785.143 Safari/537.36" "royalagro.farm"
35.198.204.88 - - [12/Mar/2020:14:16:44 +0800] "POST /wp-cron.php?doing_wp_cron=1583993804.6680510044097900390625 HTTP/1.1" 200 23 "http://www.royalagro.farm/wp-cron.php?doing_wp_cron=1583993804.6680510044097900390625" "WordPress/5.3.2; http://www.royalagro.farm" "www.royalagro.farm"
188.163.104.142 - - [12/Mar/2020:14:16:43 +0800] "POST /wp-login.php HTTP/1.1" 200 2416 "http://royalagro.farm/wp-login.php" "Mozilla/5.0 (Windows NT 10.0; WOW64) AppleWebKit/537.36 (KHTML, like Gecko) Chrome/53.0.2785.143 Safari/537.36" "royalagro.farm"
35.198.204.88 - - [12/Mar/2020:14:16:53 +0800] "POST /wp-cron.php?doing_wp_cron=1583993813.2042579650878906250000 HTTP/1.1" 200 23 "http://www.royalagro.farm/wp-cron.php?doing_wp_cron=1583993813.2042579650878906250000" "WordPress/5.3.2; http://www.royalagro.farm" "www.royalagro.farm"
188.163.104.142 - - [12/Mar/2020:14:16:52 +0800] "POST /wp-login.php HTTP/1.1" 200 2416 "http://royalagro.farm/wp-login.php" "Mozilla/5.0 (Windows NT 10.0; WOW64) AppleWebKit/537.36 (KHTML, like Gecko) Chrome/53.0.2785.143 Safari/537.36" "royalagro.farm"
188.163.104.142 - - [12/Mar/2020:14:22:06 +0800] "POST /wp-login.php HTTP/1.1" 200 2416 "http://royalagro.farm/wp-login.php" "Mozilla/5.0 (Windows NT 10.0; WOW64) AppleWebKit/537.36 (KHTML, like Gecko) Chrome/53.0.2785.143 Safari/537.36" "royalagro.farm"
35.198.204.88 - - [12/Mar/2020:14:22:09 +0800] "POST /wp-cron.php?doing_wp_cron=1583994129.7904651165008544921875 HTTP/1.1" 200 23 "http://www.royalagro.farm/wp-cron.php?doing_wp_cron=1583994129.7904651165008544921875" "WordPress/5.3.2; http://www.royalagro.farm" "www.royalagro.farm"
188.163.104.142 - - [12/Mar/2020:14:22:43 +0800] "POST /wp-login.php HTTP/1.1" 200 2416 "http://royalagro.farm/wp-login.php" "Mozilla/5.0 (Windows NT 10.0; WOW64) AppleWebKit/537.36 (KHTML, like Gecko) Chrome/53.0.2785.143 Safari/537.36" "royalagro.farm"
35.198.204.88 - - [12/Mar/2020:14:22:54 +0800] "POST /wp-cron.php?doing_wp_cron=1583994174.2244830131530761718750 HTTP/1.1" 200 23 "http://www.royalagro.farm/wp-cron.php?doing_wp_cron=1583994174.2244830131530761718750" "WordPress/5.3.2; http://www.royalagro.farm" "www.royalagro.farm"
188.163.104.142 - - [12/Mar/2020:14:28:21 +0800] "POST /wp-login.php HTTP/1.1" 200 2416 "http://royalagro.farm/wp-login.php" "Mozilla/5.0 (Windows NT 10.0; WOW64) AppleWebKit/537.36 (KHTML, like Gecko) Chrome/53.0.2785.143 Safari/537.36" "royalagro.farm"
35.198.204.88 - - [12/Mar/2020:14:28:24 +0800] "POST /wp-cron.php?doing_wp_cron=1583994504.3219289779663085937500 HTTP/1.1" 200 23 "http://www.royalagro.farm/wp-cron.php?doing_wp_cron=1583994504.3219289779663085937500" "WordPress/5.3.2; http://www.royalagro.farm" "www.royalagro.farm"
188.163.104.142 - - [12/Mar/2020:14:28:29 +0800] "POST /wp-login.php HTTP/1.1" 200 2416 "http://royalagro.farm/wp-login.php" "Mozilla/5.0 (Windows NT 10.0; WOW64) AppleWebKit/537.36 (KHTML, like Gecko) Chrome/53.0.2785.143 Safari/537.36" "royalagro.farm"
35.198.204.88 - - [12/Mar/2020:14:28:32 +0800] "POST /wp-cron.php?doing_wp_cron=1583994512.8116569519042968750000 HTTP/1.1" 200 23 "http://www.royalagro.farm/wp-cron.php?doing_wp_cron=1583994512.8116569519042968750000" "WordPress/5.3.2; http://www.royalagro.farm" "www.royalagro.farm"
66.249.69.58 - - [12/Mar/2020:14:34:56 +0800] "GET /robots.txt HTTP/1.1" 200 4483 "-" "Mozilla/5.0 (compatible; Googlebot/2.1; +http://www.google.com/bot.html)" "www.royalagro.farm"
66.249.69.58 - - [12/Mar/2020:14:34:56 +0800] "GET / HTTP/1.1" 200 4475 "-" "Mozilla/5.0 (Linux; Android 6.0.1; Nexus 5X Build/MMB29P) AppleWebKit/537.36 (KHTML, like Gecko) Chrome/41.0.2272.96 Mobile Safari/537.36 (compatible; Googlebot/2.1; +http://www.google.com/bot.html)" "www.royalagro.farm"
66.249.69.60 - - [12/Mar/2020:14:35:00 +0800] "GET /wp-content/plugins/seedprod-coming-soon-pro-5/template/js/modernizr-custom.js HTTP/1.1" 200 2034 "http://www.royalagro.farm/" "Mozilla/5.0 (Linux; Android 6.0.1; Nexus 5X Build/MMB29P) AppleWebKit/537.36 (KHTML, like Gecko) Chrome/80.0.3987.92 Mobile Safari/537.36 (compatible; Googlebot/2.1; +http://www.google.com/bot.html)" "www.royalagro.farm"
66.249.69.58 - - [12/Mar/2020:14:35:00 +0800] "GET /wp-content/plugins/seedprod-coming-soon-pro-5/template/js/js.cookie.js HTTP/1.1" 200 1380 "http://www.royalagro.farm/" "Mozilla/5.0 (Linux; Android 6.0.1; Nexus 5X Build/MMB29P) AppleWebKit/537.36 (KHTML, like Gecko) Chrome/80.0.3987.92 Mobile Safari/537.36 (compatible; Googlebot/2.1; +http://www.google.com/bot.html)" "www.royalagro.farm"
66.249.69.62 - - [12/Mar/2020:14:35:01 +0800] "GET /wp-content/plugins/seedprod-coming-soon-pro-5/template/js/jquery.fitvids.min.js HTTP/1.1" 200 677 "http://www.royalagro.farm/" "Mozilla/5.0 (Linux; Android 6.0.1; Nexus 5X Build/MMB29P) AppleWebKit/537.36 (KHTML, like Gecko) Chrome/80.0.3987.92 Mobile Safari/537.36 (compatible; Googlebot/2.1; +http://www.google.com/bot.html)" "www.royalagro.farm"
66.249.69.58 - - [12/Mar/2020:14:35:01 +0800] "GET /wp-content/plugins/seedprod-coming-soon-pro-5/template/js/bootstrap.min.js HTTP/1.1" 200 10460 "http://www.royalagro.farm/" "Mozilla/5.0 (Linux; Android 6.0.1; Nexus 5X Build/MMB29P) AppleWebKit/537.36 (KHTML, like Gecko) Chrome/80.0.3987.92 Mobile Safari/537.36 (compatible; Googlebot/2.1; +http://www.google.com/bot.html)" "www.royalagro.farm"
66.249.69.60 - - [12/Mar/2020:14:35:02 +0800] "GET /wp-content/plugins/seedprod-coming-soon-pro-5/template/js/purl.min.js HTTP/1.1" 200 1697 "http://www.royalagro.farm/" "Mozilla/5.0 (Linux; Android 6.0.1; Nexus 5X Build/MMB29P) AppleWebKit/537.36 (KHTML, like Gecko) Chrome/80.0.3987.92 Mobile Safari/537.36 (compatible; Googlebot/2.1; +http://www.google.com/bot.html)" "www.royalagro.farm"
66.249.69.58 - - [12/Mar/2020:14:35:02 +0800] "GET /wp-includes/js/jquery/jquery.js HTTP/1.1" 200 32660 "http://www.royalagro.farm/" "Mozilla/5.0 (Linux; Android 6.0.1; Nexus 5X Build/MMB29P) AppleWebKit/537.36 (KHTML, like Gecko) Chrome/80.0.3987.92 Mobile Safari/537.36 (compatible; Googlebot/2.1; +http://www.google.com/bot.html)" "www.royalagro.farm"
167.86.90.67 - - [12/Mar/2020:14:39:48 +0800] "GET / HTTP/1.1" 301 23 "-" "Go-http-client/1.1" "royalagro.farm"
167.86.90.67 - - [12/Mar/2020:14:39:49 +0800] "GET / HTTP/1.1" 200 4475 "http://royalagro.farm" "Go-http-client/1.1" "www.royalagro.farm"
35.198.204.88 - - [12/Mar/2020:14:39:54 +0800] "POST /wp-cron.php?doing_wp_cron=1583995194.5236530303955078125000 HTTP/1.1" 200 23 "http://www.royalagro.farm/wp-cron.php?doing_wp_cron=1583995194.5236530303955078125000" "WordPress/5.3.2; http://www.royalagro.farm" "www.royalagro.farm"
167.86.90.67 - - [12/Mar/2020:14:39:50 +0800] "GET /wp-content/plugins/brizy/admin/site-settings.php HTTP/1.1" 404 162283 "-" "Mozilla/5.0 (Windows NT 10.0; Win64; x64) AppleWebKit/537.36 (KHTML, like Gecko) Chrome/79.0.3945.59 Safari/537.36" "www.royalagro.farm"
167.86.90.67 - - [12/Mar/2020:14:39:57 +0800] "GET /wp-content/plugins/trx_addons/css/font-icons/css/trx_addons_icons-embedded.css HTTP/1.1" 200 16628 "-" "Mozilla/5.0 (Windows NT 10.0; Win64; x64) AppleWebKit/537.36 (KHTML, like Gecko) Chrome/79.0.3945.59 Safari/537.36" "www.royalagro.farm"
35.198.204.88 - - [12/Mar/2020:14:40:00 +0800] "POST /wp-cron.php?doing_wp_cron=1583995200.4319539070129394531250 HTTP/1.1" 200 23 "http://www.royalagro.farm/wp-cron.php?doing_wp_cron=1583995200.4319539070129394531250" "WordPress/5.3.2; http://www.royalagro.farm" "www.royalagro.farm"
35.198.204.88 - - [12/Mar/2020:14:40:05 +0800] "POST /wp-cron.php?doing_wp_cron=1583995205.2111790180206298828125 HTTP/1.1" 200 23 "http://www.royalagro.farm/wp-cron.php?doing_wp_cron=1583995205.2111790180206298828125" "WordPress/5.3.2; http://www.royalagro.farm" "www.royalagro.farm"
167.86.90.67 - - [12/Mar/2020:14:40:02 +0800] "GET /wp-admin/admin-post.php?page=wsal-setup HTTP/1.1" 302 3 "-" "Mozilla/5.0 (Windows NT 10.0; Win64; x64) AppleWebKit/537.36 (KHTML, like Gecko) Chrome/79.0.3945.59 Safari/537.36" "www.royalagro.farm"
35.198.204.88 - - [12/Mar/2020:14:40:09 +0800] "POST /wp-cron.php?doing_wp_cron=1583995209.3446459770202636718750 HTTP/1.1" 200 23 "http://www.royalagro.farm/wp-cron.php?doing_wp_cron=1583995209.3446459770202636718750" "WordPress/5.3.2; http://www.royalagro.farm" "www.royalagro.farm"
167.86.90.67 - - [12/Mar/2020:14:40:06 +0800] "GET / HTTP/1.1" 200 16550 "http://www.royalagro.farm/wp-admin/admin-post.php?page=wsal-setup" "Mozilla/5.0 (Windows NT 10.0; Win64; x64) AppleWebKit/537.36 (KHTML, like Gecko) Chrome/79.0.3945.59 Safari/537.36" "www.royalagro.farm"
167.86.90.67 - - [12/Mar/2020:14:40:11 +0800] "GET / HTTP/1.1" 200 16550 "-" "Mozilla/5.0 (Windows NT 6.1; WOW64) AppleWebKit/537.36 (KHTML, like Gecko) Chrome/36.0.1985.143 Safari/537.36" "www.royalagro.farm"
35.198.204.88 - - [12/Mar/2020:14:40:13 +0800] "POST /wp-cron.php?doing_wp_cron=1583995213.8988959789276123046875 HTTP/1.1" 200 23 "http://www.royalagro.farm/wp-cron.php?doing_wp_cron=1583995213.8988959789276123046875" "WordPress/5.3.2; http://www.royalagro.farm" "www.royalagro.farm"
35.198.204.88 - - [12/Mar/2020:14:40:18 +0800] "POST /wp-cron.php?doing_wp_cron=1583995218.2609019279479980468750 HTTP/1.1" 200 23 "http://www.royalagro.farm/wp-cron.php?doing_wp_cron=1583995218.2609019279479980468750" "WordPress/5.3.2; http://www.royalagro.farm" "www.royalagro.farm"
167.86.90.67 - - [12/Mar/2020:14:40:15 +0800] "GET /wp-admin/admin-ajax.php?action=getJSONExportTable&tables[]=8&reqType=ajax&mod=tables&pl=pts HTTP/1.1" 400 4 "-" "Mozilla/5.0 (Windows NT 6.1; WOW64) AppleWebKit/537.36 (KHTML, like Gecko) Chrome/36.0.1985.143 Safari/537.36" "www.royalagro.farm"
188.163.104.142 - - [12/Mar/2020:14:43:40 +0800] "POST /wp-login.php HTTP/1.1" 200 2416 "http://royalagro.farm/wp-login.php" "Mozilla/5.0 (Windows NT 10.0; WOW64) AppleWebKit/537.36 (KHTML, like Gecko) Chrome/53.0.2785.143 Safari/537.36" "royalagro.farm"
35.198.204.88 - - [12/Mar/2020:14:43:42 +0800] "POST /wp-cron.php?doing_wp_cron=1583995422.7833249568939208984375 HTTP/1.1" 200 23 "http://www.royalagro.farm/wp-cron.php?doing_wp_cron=1583995422.7833249568939208984375" "WordPress/5.3.2; http://www.royalagro.farm" "www.royalagro.farm"
188.163.104.142 - - [12/Mar/2020:14:43:44 +0800] "POST /wp-login.php HTTP/1.1" 200 2416 "http://royalagro.farm/wp-login.php" "Mozilla/5.0 (Windows NT 10.0; WOW64) AppleWebKit/537.36 (KHTML, like Gecko) Chrome/53.0.2785.143 Safari/537.36" "royalagro.farm"
35.198.204.88 - - [12/Mar/2020:14:43:47 +0800] "POST /wp-cron.php?doing_wp_cron=1583995427.1657040119171142578125 HTTP/1.1" 200 23 "http://www.royalagro.farm/wp-cron.php?doing_wp_cron=1583995427.1657040119171142578125" "WordPress/5.3.2; http://www.royalagro.farm" "www.royalagro.farm"
188.163.104.142 - - [12/Mar/2020:14:51:29 +0800] "POST /wp-login.php HTTP/1.1" 200 2416 "http://royalagro.farm/wp-login.php" "Mozilla/5.0 (Windows NT 10.0; WOW64) AppleWebKit/537.36 (KHTML, like Gecko) Chrome/53.0.2785.143 Safari/537.36" "royalagro.farm"
35.198.204.88 - - [12/Mar/2020:14:51:31 +0800] "POST /wp-cron.php?doing_wp_cron=1583995891.7160699367523193359375 HTTP/1.1" 200 23 "http://www.royalagro.farm/wp-cron.php?doing_wp_cron=1583995891.7160699367523193359375" "WordPress/5.3.2; http://www.royalagro.farm" "www.royalagro.farm"
35.198.204.88 - - [12/Mar/2020:14:51:36 +0800] "POST /wp-cron.php?doing_wp_cron=1583995896.1157560348510742187500 HTTP/1.1" 200 23 "http://www.royalagro.farm/wp-cron.php?doing_wp_cron=1583995896.1157560348510742187500" "WordPress/5.3.2; http://www.royalagro.farm" "www.royalagro.farm"
188.163.104.142 - - [12/Mar/2020:14:51:33 +0800] "POST /wp-login.php HTTP/1.1" 200 2416 "http://royalagro.farm/wp-login.php" "Mozilla/5.0 (Windows NT 10.0; WOW64) AppleWebKit/537.36 (KHTML, like Gecko) Chrome/53.0.2785.143 Safari/537.36" "royalagro.farm"
188.163.104.142 - - [12/Mar/2020:14:58:29 +0800] "POST /wp-login.php HTTP/1.1" 200 2416 "http://royalagro.farm/wp-login.php" "Mozilla/5.0 (Windows NT 10.0; WOW64) AppleWebKit/537.36 (KHTML, like Gecko) Chrome/53.0.2785.143 Safari/537.36" "royalagro.farm"
35.198.204.88 - - [12/Mar/2020:14:58:35 +0800] "POST /wp-cron.php?doing_wp_cron=1583996315.2392940521240234375000 HTTP/1.1" 200 23 "http://www.royalagro.farm/wp-cron.php?doing_wp_cron=1583996315.2392940521240234375000" "WordPress/5.3.2; http://www.royalagro.farm" "www.royalagro.farm"
188.163.104.142 - - [12/Mar/2020:14:58:39 +0800] "POST /wp-login.php HTTP/1.1" 200 2416 "http://royalagro.farm/wp-login.php" "Mozilla/5.0 (Windows NT 10.0; WOW64) AppleWebKit/537.36 (KHTML, like Gecko) Chrome/53.0.2785.143 Safari/537.36" "royalagro.farm"
35.198.204.88 - - [12/Mar/2020:14:58:41 +0800] "POST /wp-cron.php?doing_wp_cron=1583996321.8896319866180419921875 HTTP/1.1" 200 23 "http://www.royalagro.farm/wp-cron.php?doing_wp_cron=1583996321.8896319866180419921875" "WordPress/5.3.2; http://www.royalagro.farm" "www.royalagro.farm"
188.163.104.142 - - [12/Mar/2020:15:03:33 +0800] "POST /wp-login.php HTTP/1.1" 200 2416 "http://royalagro.farm/wp-login.php" "Mozilla/5.0 (Windows NT 10.0; WOW64) AppleWebKit/537.36 (KHTML, like Gecko) Chrome/53.0.2785.143 Safari/537.36" "royalagro.farm"
35.198.204.88 - - [12/Mar/2020:15:03:37 +0800] "POST /wp-cron.php?doing_wp_cron=1583996617.0295929908752441406250 HTTP/1.1" 200 23 "http://www.royalagro.farm/wp-cron.php?doing_wp_cron=1583996617.0295929908752441406250" "WordPress/5.3.2; http://www.royalagro.farm" "www.royalagro.farm"
188.163.104.142 - - [12/Mar/2020:15:03:43 +0800] "POST /wp-login.php HTTP/1.1" 200 2416 "http://royalagro.farm/wp-login.php" "Mozilla/5.0 (Windows NT 10.0; WOW64) AppleWebKit/537.36 (KHTML, like Gecko) Chrome/53.0.2785.143 Safari/537.36" "royalagro.farm"
35.198.204.88 - - [12/Mar/2020:15:03:46 +0800] "POST /wp-cron.php?doing_wp_cron=1583996626.1664559841156005859375 HTTP/1.1" 200 23 "http://www.royalagro.farm/wp-cron.php?doing_wp_cron=1583996626.1664559841156005859375" "WordPress/5.3.2; http://www.royalagro.farm" "www.royalagro.farm"
188.163.104.142 - - [12/Mar/2020:15:08:54 +0800] "POST /wp-login.php HTTP/1.1" 200 2416 "http://royalagro.farm/wp-login.php" "Mozilla/5.0 (Windows NT 10.0; WOW64) AppleWebKit/537.36 (KHTML, like Gecko) Chrome/53.0.2785.143 Safari/537.36" "royalagro.farm"
35.198.204.88 - - [12/Mar/2020:15:08:57 +0800] "POST /wp-cron.php?doing_wp_cron=1583996937.6975610256195068359375 HTTP/1.1" 200 23 "http://www.royalagro.farm/wp-cron.php?doing_wp_cron=1583996937.6975610256195068359375" "WordPress/5.3.2; http://www.royalagro.farm" "www.royalagro.farm"
188.163.104.142 - - [12/Mar/2020:15:09:00 +0800] "POST /wp-login.php HTTP/1.1" 200 2416 "http://royalagro.farm/wp-login.php" "Mozilla/5.0 (Windows NT 10.0; WOW64) AppleWebKit/537.36 (KHTML, like Gecko) Chrome/53.0.2785.143 Safari/537.36" "royalagro.farm"
35.198.204.88 - - [12/Mar/2020:15:09:03 +0800] "POST /wp-cron.php?doing_wp_cron=1583996943.5803918838500976562500 HTTP/1.1" 200 23 "http://www.royalagro.farm/wp-cron.php?doing_wp_cron=1583996943.5803918838500976562500" "WordPress/5.3.2; http://www.royalagro.farm" "www.royalagro.farm"
188.163.104.142 - - [12/Mar/2020:15:16:28 +0800] "POST /wp-login.php HTTP/1.1" 200 2416 "http://royalagro.farm/wp-login.php" "Mozilla/5.0 (Windows NT 10.0; WOW64) AppleWebKit/537.36 (KHTML, like Gecko) Chrome/53.0.2785.143 Safari/537.36" "royalagro.farm"
35.198.204.88 - - [12/Mar/2020:15:16:33 +0800] "POST /wp-cron.php?doing_wp_cron=1583997393.2207670211791992187500 HTTP/1.1" 200 23 "http://www.royalagro.farm/wp-cron.php?doing_wp_cron=1583997393.2207670211791992187500" "WordPress/5.3.2; http://www.royalagro.farm" "www.royalagro.farm"
188.163.104.142 - - [12/Mar/2020:15:16:35 +0800] "POST /wp-login.php HTTP/1.1" 200 2416 "http://royalagro.farm/wp-login.php" "Mozilla/5.0 (Windows NT 10.0; WOW64) AppleWebKit/537.36 (KHTML, like Gecko) Chrome/53.0.2785.143 Safari/537.36" "royalagro.farm"
35.198.204.88 - - [12/Mar/2020:15:16:38 +0800] "POST /wp-cron.php?doing_wp_cron=1583997398.0855329036712646484375 HTTP/1.1" 200 23 "http://www.royalagro.farm/wp-cron.php?doing_wp_cron=1583997398.0855329036712646484375" "WordPress/5.3.2; http://www.royalagro.farm" "www.royalagro.farm"
188.163.104.142 - - [12/Mar/2020:15:24:25 +0800] "POST /wp-login.php HTTP/1.1" 200 2416 "http://royalagro.farm/wp-login.php" "Mozilla/5.0 (Windows NT 10.0; WOW64) AppleWebKit/537.36 (KHTML, like Gecko) Chrome/53.0.2785.143 Safari/537.36" "royalagro.farm"
35.198.204.88 - - [12/Mar/2020:15:24:33 +0800] "POST /wp-cron.php?doing_wp_cron=1583997873.7618660926818847656250 HTTP/1.1" 200 23 "http://www.royalagro.farm/wp-cron.php?doing_wp_cron=1583997873.7618660926818847656250" "WordPress/5.3.2; http://www.royalagro.farm" "www.royalagro.farm"
188.163.104.142 - - [12/Mar/2020:15:24:35 +0800] "POST /wp-login.php HTTP/1.1" 200 2416 "http://royalagro.farm/wp-login.php" "Mozilla/5.0 (Windows NT 10.0; WOW64) AppleWebKit/537.36 (KHTML, like Gecko) Chrome/53.0.2785.143 Safari/537.36" "royalagro.farm"
35.198.204.88 - - [12/Mar/2020:15:24:38 +0800] "POST /wp-cron.php?doing_wp_cron=1583997878.6241919994354248046875 HTTP/1.1" 200 23 "http://www.royalagro.farm/wp-cron.php?doing_wp_cron=1583997878.6241919994354248046875" "WordPress/5.3.2; http://www.royalagro.farm" "www.royalagro.farm"
188.163.104.142 - - [12/Mar/2020:15:30:23 +0800] "POST /wp-login.php HTTP/1.1" 200 2416 "http://royalagro.farm/wp-login.php" "Mozilla/5.0 (Windows NT 10.0; WOW64) AppleWebKit/537.36 (KHTML, like Gecko) Chrome/53.0.2785.143 Safari/537.36" "royalagro.farm"
35.198.204.88 - - [12/Mar/2020:15:30:25 +0800] "POST /wp-cron.php?doing_wp_cron=1583998225.9434750080108642578125 HTTP/1.1" 200 23 "http://www.royalagro.farm/wp-cron.php?doing_wp_cron=1583998225.9434750080108642578125" "WordPress/5.3.2; http://www.royalagro.farm" "www.royalagro.farm"
188.163.104.142 - - [12/Mar/2020:15:30:30 +0800] "POST /wp-login.php HTTP/1.1" 200 2416 "http://royalagro.farm/wp-login.php" "Mozilla/5.0 (Windows NT 10.0; WOW64) AppleWebKit/537.36 (KHTML, like Gecko) Chrome/53.0.2785.143 Safari/537.36" "royalagro.farm"
35.198.204.88 - - [12/Mar/2020:15:30:33 +0800] "POST /wp-cron.php?doing_wp_cron=1583998233.6153891086578369140625 HTTP/1.1" 200 23 "http://www.royalagro.farm/wp-cron.php?doing_wp_cron=1583998233.6153891086578369140625" "WordPress/5.3.2; http://www.royalagro.farm" "www.royalagro.farm"
188.163.104.142 - - [12/Mar/2020:15:36:26 +0800] "POST /wp-login.php HTTP/1.1" 200 2416 "http://royalagro.farm/wp-login.php" "Mozilla/5.0 (Windows NT 10.0; WOW64) AppleWebKit/537.36 (KHTML, like Gecko) Chrome/53.0.2785.143 Safari/537.36" "royalagro.farm"
35.198.204.88 - - [12/Mar/2020:15:36:30 +0800] "POST /wp-cron.php?doing_wp_cron=1583998590.4630970954895019531250 HTTP/1.1" 200 23 "http://www.royalagro.farm/wp-cron.php?doing_wp_cron=1583998590.4630970954895019531250" "WordPress/5.3.2; http://www.royalagro.farm" "www.royalagro.farm"
188.163.104.142 - - [12/Mar/2020:15:36:48 +0800] "POST /wp-login.php HTTP/1.1" 200 2416 "http://royalagro.farm/wp-login.php" "Mozilla/5.0 (Windows NT 10.0; WOW64) AppleWebKit/537.36 (KHTML, like Gecko) Chrome/53.0.2785.143 Safari/537.36" "royalagro.farm"
35.198.204.88 - - [12/Mar/2020:15:36:51 +0800] "POST /wp-cron.php?doing_wp_cron=1583998611.7644410133361816406250 HTTP/1.1" 200 23 "http://www.royalagro.farm/wp-cron.php?doing_wp_cron=1583998611.7644410133361816406250" "WordPress/5.3.2; http://www.royalagro.farm" "www.royalagro.farm"
188.163.104.142 - - [12/Mar/2020:15:51:41 +0800] "POST /wp-login.php HTTP/1.1" 200 2416 "http://royalagro.farm/wp-login.php" "Mozilla/5.0 (Windows NT 10.0; WOW64) AppleWebKit/537.36 (KHTML, like Gecko) Chrome/53.0.2785.143 Safari/537.36" "royalagro.farm"
35.198.204.88 - - [12/Mar/2020:15:51:46 +0800] "POST /wp-cron.php?doing_wp_cron=1583999506.3726489543914794921875 HTTP/1.1" 200 23 "http://www.royalagro.farm/wp-cron.php?doing_wp_cron=1583999506.3726489543914794921875" "WordPress/5.3.2; http://www.royalagro.farm" "www.royalagro.farm"
188.163.104.142 - - [12/Mar/2020:15:59:29 +0800] "POST /wp-login.php HTTP/1.1" 200 2416 "http://royalagro.farm/wp-login.php" "Mozilla/5.0 (Windows NT 10.0; WOW64) AppleWebKit/537.36 (KHTML, like Gecko) Chrome/53.0.2785.143 Safari/537.36" "royalagro.farm"
35.198.204.88 - - [12/Mar/2020:15:59:35 +0800] "POST /wp-cron.php?doing_wp_cron=1583999975.6935598850250244140625 HTTP/1.1" 200 23 "http://www.royalagro.farm/wp-cron.php?doing_wp_cron=1583999975.6935598850250244140625" "WordPress/5.3.2; http://www.royalagro.farm" "www.royalagro.farm"
188.163.104.142 - - [12/Mar/2020:15:59:37 +0800] "POST /wp-login.php HTTP/1.1" 200 2416 "http://royalagro.farm/wp-login.php" "Mozilla/5.0 (Windows NT 10.0; WOW64) AppleWebKit/537.36 (KHTML, like Gecko) Chrome/53.0.2785.143 Safari/537.36" "royalagro.farm"
35.198.204.88 - - [12/Mar/2020:15:59:40 +0800] "POST /wp-cron.php?doing_wp_cron=1583999980.4819760322570800781250 HTTP/1.1" 200 23 "http://www.royalagro.farm/wp-cron.php?doing_wp_cron=1583999980.4819760322570800781250" "WordPress/5.3.2; http://www.royalagro.farm" "www.royalagro.farm"
188.163.104.142 - - [12/Mar/2020:16:06:38 +0800] "POST /wp-login.php HTTP/1.1" 200 2416 "http://royalagro.farm/wp-login.php" "Mozilla/5.0 (Windows NT 10.0; WOW64) AppleWebKit/537.36 (KHTML, like Gecko) Chrome/53.0.2785.143 Safari/537.36" "royalagro.farm"
35.198.204.88 - - [12/Mar/2020:16:06:46 +0800] "POST /wp-cron.php?doing_wp_cron=1584000406.0672559738159179687500 HTTP/1.1" 200 23 "http://www.royalagro.farm/wp-cron.php?doing_wp_cron=1584000406.0672559738159179687500" "WordPress/5.3.2; http://www.royalagro.farm" "www.royalagro.farm"
188.163.104.142 - - [12/Mar/2020:16:06:52 +0800] "POST /wp-login.php HTTP/1.1" 200 2416 "http://royalagro.farm/wp-login.php" "Mozilla/5.0 (Windows NT 10.0; WOW64) AppleWebKit/537.36 (KHTML, like Gecko) Chrome/53.0.2785.143 Safari/537.36" "royalagro.farm"
35.198.204.88 - - [12/Mar/2020:16:06:55 +0800] "POST /wp-cron.php?doing_wp_cron=1584000415.1891610622406005859375 HTTP/1.1" 200 23 "http://www.royalagro.farm/wp-cron.php?doing_wp_cron=1584000415.1891610622406005859375" "WordPress/5.3.2; http://www.royalagro.farm" "www.royalagro.farm"
188.163.104.142 - - [12/Mar/2020:16:11:27 +0800] "POST /wp-login.php HTTP/1.1" 200 2416 "http://royalagro.farm/wp-login.php" "Mozilla/5.0 (Windows NT 10.0; WOW64) AppleWebKit/537.36 (KHTML, like Gecko) Chrome/53.0.2785.143 Safari/537.36" "royalagro.farm"
35.198.204.88 - - [12/Mar/2020:16:11:30 +0800] "POST /wp-cron.php?doing_wp_cron=1584000689.9832708835601806640625 HTTP/1.1" 200 23 "http://www.royalagro.farm/wp-cron.php?doing_wp_cron=1584000689.9832708835601806640625" "WordPress/5.3.2; http://www.royalagro.farm" "www.royalagro.farm"
188.163.104.142 - - [12/Mar/2020:16:11:33 +0800] "POST /wp-login.php HTTP/1.1" 200 2416 "http://royalagro.farm/wp-login.php" "Mozilla/5.0 (Windows NT 10.0; WOW64) AppleWebKit/537.36 (KHTML, like Gecko) Chrome/53.0.2785.143 Safari/537.36" "royalagro.farm"
35.198.204.88 - - [12/Mar/2020:16:11:36 +0800] "POST /wp-cron.php?doing_wp_cron=1584000696.4341709613800048828125 HTTP/1.1" 200 23 "http://www.royalagro.farm/wp-cron.php?doing_wp_cron=1584000696.4341709613800048828125" "WordPress/5.3.2; http://www.royalagro.farm" "www.royalagro.farm"
188.163.104.142 - - [12/Mar/2020:16:15:57 +0800] "POST /wp-login.php HTTP/1.1" 200 2416 "http://royalagro.farm/wp-login.php" "Mozilla/5.0 (Windows NT 10.0; WOW64) AppleWebKit/537.36 (KHTML, like Gecko) Chrome/53.0.2785.143 Safari/537.36" "royalagro.farm"
35.198.204.88 - - [12/Mar/2020:16:16:00 +0800] "POST /wp-cron.php?doing_wp_cron=1584000960.4554829597473144531250 HTTP/1.1" 200 23 "http://www.royalagro.farm/wp-cron.php?doing_wp_cron=1584000960.4554829597473144531250" "WordPress/5.3.2; http://www.royalagro.farm" "www.royalagro.farm"
188.163.104.142 - - [12/Mar/2020:16:16:04 +0800] "POST /wp-login.php HTTP/1.1" 200 2416 "http://royalagro.farm/wp-login.php" "Mozilla/5.0 (Windows NT 10.0; WOW64) AppleWebKit/537.36 (KHTML, like Gecko) Chrome/53.0.2785.143 Safari/537.36" "royalagro.farm"
35.198.204.88 - - [12/Mar/2020:16:16:07 +0800] "POST /wp-cron.php?doing_wp_cron=1584000967.1331479549407958984375 HTTP/1.1" 200 23 "http://www.royalagro.farm/wp-cron.php?doing_wp_cron=1584000967.1331479549407958984375" "WordPress/5.3.2; http://www.royalagro.farm" "www.royalagro.farm"
188.163.104.142 - - [12/Mar/2020:16:22:04 +0800] "POST /wp-login.php HTTP/1.1" 200 2416 "http://royalagro.farm/wp-login.php" "Mozilla/5.0 (Windows NT 10.0; WOW64) AppleWebKit/537.36 (KHTML, like Gecko) Chrome/53.0.2785.143 Safari/537.36" "royalagro.farm"
35.198.204.88 - - [12/Mar/2020:16:22:07 +0800] "POST /wp-cron.php?doing_wp_cron=1584001327.6356520652770996093750 HTTP/1.1" 200 23 "http://www.royalagro.farm/wp-cron.php?doing_wp_cron=1584001327.6356520652770996093750" "WordPress/5.3.2; http://www.royalagro.farm" "www.royalagro.farm"
188.163.104.142 - - [12/Mar/2020:16:22:19 +0800] "POST /wp-login.php HTTP/1.1" 200 2416 "http://royalagro.farm/wp-login.php" "Mozilla/5.0 (Windows NT 10.0; WOW64) AppleWebKit/537.36 (KHTML, like Gecko) Chrome/53.0.2785.143 Safari/537.36" "royalagro.farm"
35.198.204.88 - - [12/Mar/2020:16:22:22 +0800] "POST /wp-cron.php?doing_wp_cron=1584001342.5186090469360351562500 HTTP/1.1" 200 23 "http://www.royalagro.farm/wp-cron.php?doing_wp_cron=1584001342.5186090469360351562500" "WordPress/5.3.2; http://www.royalagro.farm" "www.royalagro.farm"
188.163.104.142 - - [12/Mar/2020:16:30:04 +0800] "POST /wp-login.php HTTP/1.1" 200 2416 "http://royalagro.farm/wp-login.php" "Mozilla/5.0 (Windows NT 10.0; WOW64) AppleWebKit/537.36 (KHTML, like Gecko) Chrome/53.0.2785.143 Safari/537.36" "royalagro.farm"
35.198.204.88 - - [12/Mar/2020:16:30:09 +0800] "POST /wp-cron.php?doing_wp_cron=1584001809.7176148891448974609375 HTTP/1.1" 200 23 "http://www.royalagro.farm/wp-cron.php?doing_wp_cron=1584001809.7176148891448974609375" "WordPress/5.3.2; http://www.royalagro.farm" "www.royalagro.farm"
188.163.104.142 - - [12/Mar/2020:16:30:11 +0800] "POST /wp-login.php HTTP/1.1" 200 2416 "http://royalagro.farm/wp-login.php" "Mozilla/5.0 (Windows NT 10.0; WOW64) AppleWebKit/537.36 (KHTML, like Gecko) Chrome/53.0.2785.143 Safari/537.36" "royalagro.farm"
35.198.204.88 - - [12/Mar/2020:16:30:14 +0800] "POST /wp-cron.php?doing_wp_cron=1584001814.6644620895385742187500 HTTP/1.1" 200 23 "http://www.royalagro.farm/wp-cron.php?doing_wp_cron=1584001814.6644620895385742187500" "WordPress/5.3.2; http://www.royalagro.farm" "www.royalagro.farm"
188.163.104.142 - - [12/Mar/2020:16:38:22 +0800] "POST /wp-login.php HTTP/1.1" 200 2416 "http://royalagro.farm/wp-login.php" "Mozilla/5.0 (Windows NT 10.0; WOW64) AppleWebKit/537.36 (KHTML, like Gecko) Chrome/53.0.2785.143 Safari/537.36" "royalagro.farm"
35.198.204.88 - - [12/Mar/2020:16:38:28 +0800] "POST /wp-cron.php?doing_wp_cron=1584002308.1200339794158935546875 HTTP/1.1" 200 23 "http://www.royalagro.farm/wp-cron.php?doing_wp_cron=1584002308.1200339794158935546875" "WordPress/5.3.2; http://www.royalagro.farm" "www.royalagro.farm"
